Archive member included to satisfy reference by file (symbol)

/opt/devkitpro/libctru/lib/libctru.a(console.o)
                              main.o (consoleInit)
/opt/devkitpro/libctru/lib/libctru.a(gfx.o)
                              /opt/devkitpro/libctru/lib/libctru.a(console.o) (gfxSetScreenFormat)
/opt/devkitpro/libctru/lib/libctru.a(gx.o)
                              /opt/devkitpro/libctru/lib/libctru.a(gfx.o) (gxCmdBuf)
/opt/devkitpro/libctru/lib/libctru.a(gspgpu.o)
                              /opt/devkitpro/libctru/lib/libctru.a(gfx.o) (gspInit)
/opt/devkitpro/libctru/lib/libctru.a(apt.o)
                              main.o (aptMainLoop)
/opt/devkitpro/libctru/lib/libctru.a(hid.o)
                              main.o (hidScanInput)
/opt/devkitpro/libctru/lib/libctru.a(initSystem.o)
                              /opt/devkitpro/libctru/lib/libctru.a(apt.o) (__system_retAddr)
/opt/devkitpro/libctru/lib/libctru.a(syscalls.o)
                              /opt/devkitpro/libctru/lib/libctru.a(initSystem.o) (__system_initSyscalls)
/opt/devkitpro/libctru/lib/libctru.a(allocateHeaps.o)
                              /opt/devkitpro/libctru/lib/libctru.a(initSystem.o) (__system_allocateHeaps)
/opt/devkitpro/libctru/lib/libctru.a(initArgv.o)
                              /opt/devkitpro/libctru/lib/libctru.a(initSystem.o) (__system_initArgv)
/opt/devkitpro/libctru/lib/libctru.a(svc.o)
                              /opt/devkitpro/libctru/lib/libctru.a(allocateHeaps.o) (svcControlMemory)
/opt/devkitpro/libctru/lib/libctru.a(stack_adjust.o)
                              /opt/devkitpro/devkitARM/lib/gcc/arm-none-eabi/7.1.0/../../../../arm-none-eabi/lib/armv6k/fpu/3dsx_crt0.o (initSystem)
/opt/devkitpro/libctru/lib/libctru.a(default_font.bin.o)
                              /opt/devkitpro/libctru/lib/libctru.a(console.o) (default_font_bin)
/opt/devkitpro/libctru/lib/libctru.a(vram.o)
                              /opt/devkitpro/libctru/lib/libctru.a(gfx.o) (vramAlloc)
/opt/devkitpro/libctru/lib/libctru.a(mappable.o)
                              /opt/devkitpro/libctru/lib/libctru.a(gfx.o) (mappableAlloc)
/opt/devkitpro/libctru/lib/libctru.a(linear.o)
                              /opt/devkitpro/libctru/lib/libctru.a(gfx.o) (linearAlloc)
/opt/devkitpro/libctru/lib/libctru.a(mem_pool.o)
                              /opt/devkitpro/libctru/lib/libctru.a(vram.o) (MemPool::Allocate(MemChunk&, unsigned long, int))
/opt/devkitpro/libctru/lib/libctru.a(synchronization.o)
                              /opt/devkitpro/libctru/lib/libctru.a(initSystem.o) (__sync_init)
/opt/devkitpro/libctru/lib/libctru.a(os.o)
                              /opt/devkitpro/libctru/lib/libctru.a(allocateHeaps.o) (osGetMemRegionUsed)
/opt/devkitpro/libctru/lib/libctru.a(srv.o)
                              /opt/devkitpro/libctru/lib/libctru.a(apt.o) (srvInit)
/opt/devkitpro/libctru/lib/libctru.a(thread.o)
                              /opt/devkitpro/libctru/lib/libctru.a(gspgpu.o) (threadCreate)
/opt/devkitpro/libctru/lib/libctru.a(irrst.o)
                              /opt/devkitpro/libctru/lib/libctru.a(hid.o) (irrstScanInput)
/opt/devkitpro/libctru/lib/libctru.a(srvpm.o)
                              /opt/devkitpro/libctru/lib/libctru.a(srv.o) (srvPmGetSessionHandle)
/opt/devkitpro/libctru/lib/libctru.a(ptmsysm.o)
                              /opt/devkitpro/libctru/lib/libctru.a(os.o) (ptmSysmInit)
/opt/devkitpro/libctru/lib/libctru.a(rbtree_init.o)
                              /opt/devkitpro/libctru/lib/libctru.a(vram.o) (rbtree_init)
/opt/devkitpro/libctru/lib/libctru.a(rbtree_insert.o)
                              /opt/devkitpro/libctru/lib/libctru.a(vram.o) (rbtree_insert)
/opt/devkitpro/libctru/lib/libctru.a(rbtree_rotate.o)
                              /opt/devkitpro/libctru/lib/libctru.a(rbtree_insert.o) (rbtree_rotate)
/opt/devkitpro/libctru/lib/libctru.a(rbtree_remove.o)
                              /opt/devkitpro/libctru/lib/libctru.a(vram.o) (rbtree_remove)
/opt/devkitpro/libctru/lib/libctru.a(rbtree_find.o)
                              /opt/devkitpro/libctru/lib/libctru.a(vram.o) (rbtree_find)
/opt/devkitpro/libctru/lib/libctru.a(appInit.o)
                              /opt/devkitpro/libctru/lib/libctru.a(stack_adjust.o) (__appInit)
/opt/devkitpro/libctru/lib/libctru.a(appExit.o)
                              /opt/devkitpro/libctru/lib/libctru.a(stack_adjust.o) (__appExit)
/opt/devkitpro/libctru/lib/libctru.a(ctru_exit.o)
                              /opt/devkitpro/libctru/lib/libctru.a(stack_adjust.o) (__libctru_exit)
/opt/devkitpro/libctru/lib/libctru.a(env.o)
                              /opt/devkitpro/libctru/lib/libctru.a(srv.o) (envGetHandle)
/opt/devkitpro/libctru/lib/libctru.a(sdmc_dev.o)
                              /opt/devkitpro/libctru/lib/libctru.a(appInit.o) (sdmcInit)
/opt/devkitpro/libctru/lib/libctru.a(fs.o)
                              /opt/devkitpro/libctru/lib/libctru.a(appInit.o) (fsInit)
[...]
Memory Configuration

Name             Origin             Length             Attributes
*default*        0x0000000000000000 0xffffffffffffffff

Linker script and memory map

                0x0000000000100000                PROVIDE (__start__, 0x100000)
                0x0000000000100000                . = __start__

.text           0x0000000000100000    0x2ad08
 *(.crt0)
 .crt0          0x0000000000100000       0x94 /opt/devkitpro/devkitARM/lib/gcc/arm-none-eabi/7.1.0/../../../../arm-none-eabi/lib/armv6k/fpu/3dsx_crt0.o
                0x0000000000100000                _start
                0x0000000000100008                __service_ptr
                0x000000000010000c                __apt_appid
                0x0000000000100010                __heap_size
                0x0000000000100014                __linear_heap_size
                0x0000000000100018                __system_arglist
                0x000000000010001c                __system_runflags
 *(.init)
 .init          0x0000000000100094        0xc /opt/devkitpro/devkitARM/lib/gcc/arm-none-eabi/7.1.0/armv6k/fpu/crti.o
                0x0000000000100094                _init
 .init          0x00000000001000a0        0xc /opt/devkitpro/devkitARM/lib/gcc/arm-none-eabi/7.1.0/armv6k/fpu/crtn.o
                0x00000000001000ac                . = ALIGN (0x4)
 *(.text)
 .text          0x00000000001000ac       0x64 /opt/devkitpro/libctru/lib/libctru.a(stack_adjust.o)
                0x00000000001000ac                initSystem
                0x00000000001000f0                __ctru_exit
 .text          0x0000000000100110      0x240 /opt/devkitpro/devkitARM/lib/gcc/arm-none-eabi/7.1.0/armv6k/fpu/libgcc.a(_divsi3.o)
                0x0000000000100110                __aeabi_idiv
                0x0000000000100110                __divsi3
                0x0000000000100330                __aeabi_idivmod
 .text          0x0000000000100350        0x4 /opt/devkitpro/devkitARM/lib/gcc/arm-none-eabi/7.1.0/armv6k/fpu/libgcc.a(_dvmd_tls.o)
                0x0000000000100350                __aeabi_ldiv0
                0x0000000000100350                __aeabi_idiv0
 .text          0x0000000000100354       0x3c /opt/devkitpro/devkitARM/lib/gcc/arm-none-eabi/7.1.0/armv6k/fpu/libgcc.a(_aeabi_uldivmod.o)
                0x0000000000100354                __aeabi_uldivmod
 *fill*         0x0000000000100390       0x10 
 .text          0x00000000001003a0      0x390 /opt/devkitpro/devkitARM/lib/gcc/arm-none-eabi/7.1.0/../../../../arm-none-eabi/lib/armv6k/fpu/libg.a(lib_a-strcmp.o)
                0x00000000001003a8                strcmp
 .text          0x0000000000100730      0x20c /opt/devkitpro/devkitARM/lib/gcc/arm-none-eabi/7.1.0/armv6k/fpu/libgcc.a(_udivsi3.o)
                0x0000000000100730                __udivsi3
                0x0000000000100730                __aeabi_uidiv
                0x000000000010091c                __aeabi_uidivmod
 *(.text.*)
 .text.deregister_tm_clones
                0x000000000010093c       0x2c /opt/devkitpro/devkitARM/lib/gcc/arm-none-eabi/7.1.0/armv6k/fpu/crtbegin.o
 .text.register_tm_clones
                0x0000000000100968       0x38 /opt/devkitpro/devkitARM/lib/gcc/arm-none-eabi/7.1.0/armv6k/fpu/crtbegin.o
 .text.__do_global_dtors_aux
                0x00000000001009a0       0x44 /opt/devkitpro/devkitARM/lib/gcc/arm-none-eabi/7.1.0/armv6k/fpu/crtbegin.o
 .text.frame_dummy
                0x00000000001009e4       0x34 /opt/devkitpro/devkitARM/lib/gcc/arm-none-eabi/7.1.0/armv6k/fpu/crtbegin.o
 .text.startup  0x0000000000100a18      0x17c main.o
                0x0000000000100a18                main
 .text.consoleDrawChar
                0x0000000000100b94      0x1c0 /opt/devkitpro/libctru/lib/libctru.a(console.o)
                0x0000000000100b94                consoleDrawChar
 .text.consolePrintChar
                0x0000000000100d54      0x128 /opt/devkitpro/libctru/lib/libctru.a(console.o)
                0x0000000000100d54                consolePrintChar
 .text.consoleCls
                0x0000000000100e7c      0x184 /opt/devkitpro/libctru/lib/libctru.a(console.o)
 .text.consoleInit
                0x0000000000101000      0x104 /opt/devkitpro/libctru/lib/libctru.a(console.o)
                0x0000000000101000                consoleInit
 .text.consoleClearLine
                0x0000000000101104      0x138 /opt/devkitpro/libctru/lib/libctru.a(console.o)
 .text.newRow   0x000000000010123c       0xc0 /opt/devkitpro/libctru/lib/libctru.a(console.o)
 .text.con_write
                0x00000000001012fc      0x810 /opt/devkitpro/libctru/lib/libctru.a(console.o)
                0x00000000001012fc                con_write
 .text.gfxSetFramebufferInfo.part.0
                0x0000000000101b0c       0x8c /opt/devkitpro/libctru/lib/libctru.a(gfx.o)
 .text.__get_bytes_per_pixel
                0x0000000000101b98       0x18 /opt/devkitpro/libctru/lib/libctru.a(gfx.o)
                0x0000000000101b98                __get_bytes_per_pixel
 .text.gfxSetScreenFormat
                0x0000000000101bb0      0x184 /opt/devkitpro/libctru/lib/libctru.a(gfx.o)
                0x0000000000101bb0                gfxSetScreenFormat
 .text.gfxSetDoubleBuffering
                0x0000000000101d34       0x10 /opt/devkitpro/libctru/lib/libctru.a(gfx.o)
                0x0000000000101d34                gfxSetDoubleBuffering
 .text.gfxSetFramebufferInfo
                0x0000000000101d44       0x6c /opt/devkitpro/libctru/lib/libctru.a(gfx.o)
                0x0000000000101d44                gfxSetFramebufferInfo
 .text.gfxWriteFramebufferInfo
                0x0000000000101db0       0xb0 /opt/devkitpro/libctru/lib/libctru.a(gfx.o)
                0x0000000000101db0                gfxWriteFramebufferInfo
 .text.gfxInit  0x0000000000101e60      0x210 /opt/devkitpro/libctru/lib/libctru.a(gfx.o)
                0x0000000000101e60                gfxInit
 .text.gfxInitDefault
                0x0000000000102070       0x10 /opt/devkitpro/libctru/lib/libctru.a(gfx.o)
                0x0000000000102070                gfxInitDefault
 .text.gfxExit  0x0000000000102080       0xe0 /opt/devkitpro/libctru/lib/libctru.a(gfx.o)
                0x0000000000102080                gfxExit
 .text.gfxGetFramebuffer
                0x0000000000102160       0xa8 /opt/devkitpro/libctru/lib/libctru.a(gfx.o)
                0x0000000000102160                gfxGetFramebuffer
 .text.gfxFlushBuffers
                0x0000000000102208       0xe8 /opt/devkitpro/libctru/lib/libctru.a(gfx.o)
                0x0000000000102208                gfxFlushBuffers
 .text.gfxConfigScreen
                0x00000000001022f0       0x60 /opt/devkitpro/libctru/lib/libctru.a(gfx.o)
                0x00000000001022f0                gfxConfigScreen
 .text.gfxSwapBuffers
                0x0000000000102350       0x20 /opt/devkitpro/libctru/lib/libctru.a(gfx.o)
                0x0000000000102350                gfxSwapBuffers
 .text.gfxSwapBuffersGpu
                0x0000000000102370       0x20 /opt/devkitpro/libctru/lib/libctru.a(gfx.o)
                0x0000000000102370                gfxSwapBuffersGpu
 .text.gspInit  0x0000000000102390       0x74 /opt/devkitpro/libctru/lib/libctru.a(gspgpu.o)
                0x0000000000102390                gspInit
 .text.gspExit  0x0000000000102404       0x3c /opt/devkitpro/libctru/lib/libctru.a(gspgpu.o)
                0x0000000000102404                gspExit
 .text.gspInitEventHandler
                0x0000000000102440       0xa0 /opt/devkitpro/libctru/lib/libctru.a(gspgpu.o)
                0x0000000000102440                gspInitEventHandler
 .text.gspExitEventHandler
                0x00000000001024e0       0x40 /opt/devkitpro/libctru/lib/libctru.a(gspgpu.o)
                0x00000000001024e0                gspExitEventHandler
 .text.gspWaitForEvent
                0x0000000000102520       0x44 /opt/devkitpro/libctru/lib/libctru.a(gspgpu.o)
                0x0000000000102520                gspWaitForEvent
 .text.gxCmdQueueInterrupt
                0x0000000000102564        0x4 /opt/devkitpro/libctru/lib/libctru.a(gspgpu.o)
                0x0000000000102564                gxCmdQueueInterrupt
 .text.gspEventThreadMain
                0x0000000000102568      0x174 /opt/devkitpro/libctru/lib/libctru.a(gspgpu.o)
 .text.GSPGPU_SetBufferSwap
                0x00000000001026dc       0x6c /opt/devkitpro/libctru/lib/libctru.a(gspgpu.o)
                0x00000000001026dc                GSPGPU_SetBufferSwap
 .text.GSPGPU_FlushDataCache
                0x0000000000102748       0x4c /opt/devkitpro/libctru/lib/libctru.a(gspgpu.o)
                0x0000000000102748                GSPGPU_FlushDataCache
 .text.GSPGPU_SetLcdForceBlack
                0x0000000000102794       0x34 /opt/devkitpro/libctru/lib/libctru.a(gspgpu.o)
                0x0000000000102794                GSPGPU_SetLcdForceBlack
 .text.GSPGPU_RegisterInterruptRelayQueue
                0x00000000001027c8       0x64 /opt/devkitpro/libctru/lib/libctru.a(gspgpu.o)
                0x00000000001027c8                GSPGPU_RegisterInterruptRelayQueue
 .text.GSPGPU_UnregisterInterruptRelayQueue
                0x000000000010282c       0x2c /opt/devkitpro/libctru/lib/libctru.a(gspgpu.o)
                0x000000000010282c                GSPGPU_UnregisterInterruptRelayQueue
 .text.GSPGPU_AcquireRight
                0x0000000000102858       0x48 /opt/devkitpro/libctru/lib/libctru.a(gspgpu.o)
                0x0000000000102858                GSPGPU_AcquireRight
 .text.GSPGPU_ReleaseRight
                0x00000000001028a0       0x2c /opt/devkitpro/libctru/lib/libctru.a(gspgpu.o)
                0x00000000001028a0                GSPGPU_ReleaseRight
 .text.GSPGPU_ImportDisplayCaptureInfo
                0x00000000001028cc       0x80 /opt/devkitpro/libctru/lib/libctru.a(gspgpu.o)
                0x00000000001028cc                GSPGPU_ImportDisplayCaptureInfo
 .text.GSPGPU_SaveVramSysArea
                0x000000000010294c       0x2c /opt/devkitpro/libctru/lib/libctru.a(gspgpu.o)
                0x000000000010294c                GSPGPU_SaveVramSysArea
 .text.GSPGPU_RestoreVramSysArea
                0x0000000000102978       0x2c /opt/devkitpro/libctru/lib/libctru.a(gspgpu.o)
                0x0000000000102978                GSPGPU_RestoreVramSysArea
 .text._aptDebug
                0x00000000001029a4        0x4 /opt/devkitpro/libctru/lib/libctru.a(apt.o)
                0x00000000001029a4                _aptDebug
 .text.aptSendCommand
                0x00000000001029a8      0x15c /opt/devkitpro/libctru/lib/libctru.a(apt.o)
                0x00000000001029a8                aptSendCommand
 .text.aptExitProcess
                0x0000000000102b04       0x3c /opt/devkitpro/libctru/lib/libctru.a(apt.o)
 .text.APT_InquireNotification
                0x0000000000102b40       0x4c /opt/devkitpro/libctru/lib/libctru.a(apt.o)
                0x0000000000102b40                APT_InquireNotification
 .text.aptEventHandler
                0x0000000000102b8c      0x19c /opt/devkitpro/libctru/lib/libctru.a(apt.o)
 .text.APT_AppletUtility
                0x0000000000102d28       0x74 /opt/devkitpro/libctru/lib/libctru.a(apt.o)
                0x0000000000102d28                APT_AppletUtility
 .text.aptSetSleepAllowed
                0x0000000000102d9c       0xb0 /opt/devkitpro/libctru/lib/libctru.a(apt.o)
                0x0000000000102d9c                aptSetSleepAllowed
 .text.APT_GlanceParameter
                0x0000000000102e4c       0xb0 /opt/devkitpro/libctru/lib/libctru.a(apt.o)
                0x0000000000102e4c                APT_GlanceParameter
 .text.APT_ReceiveParameter
                0x0000000000102efc       0xc4 /opt/devkitpro/libctru/lib/libctru.a(apt.o)
                0x0000000000102efc                APT_ReceiveParameter
 .text.aptReceiveParameter.constprop.1
                0x0000000000102fc0       0xbc /opt/devkitpro/libctru/lib/libctru.a(apt.o)
 *fill*         0x000000000010307c        0x4 
 .text.aptScreenTransfer
                0x0000000000103080      0x1e8 /opt/devkitpro/libctru/lib/libctru.a(apt.o)
 .text.aptWaitForWakeUp
                0x0000000000103268      0x210 /opt/devkitpro/libctru/lib/libctru.a(apt.o)
 .text.APT_CancelParameter
                0x0000000000103478       0x70 /opt/devkitpro/libctru/lib/libctru.a(apt.o)
                0x0000000000103478                APT_CancelParameter
 .text.aptInit  0x00000000001034e8      0x270 /opt/devkitpro/libctru/lib/libctru.a(apt.o)
                0x00000000001034e8                aptInit
 .text.aptClearParamQueue
                0x0000000000103758       0x88 /opt/devkitpro/libctru/lib/libctru.a(apt.o)
 .text.aptMainLoop.part.0
                0x00000000001037e0      0x1e4 /opt/devkitpro/libctru/lib/libctru.a(apt.o)
 .text.aptMainLoop
                0x00000000001039c4       0x1c /opt/devkitpro/libctru/lib/libctru.a(apt.o)
                0x00000000001039c4                aptMainLoop
 .text.aptExit  0x00000000001039e0      0x24c /opt/devkitpro/libctru/lib/libctru.a(apt.o)
                0x00000000001039e0                aptExit
 .text.APT_CheckNew3DS
                0x0000000000103c2c       0x7c /opt/devkitpro/libctru/lib/libctru.a(apt.o)
                0x0000000000103c2c                APT_CheckNew3DS
 .text.hidExit  0x0000000000103ca8       0xd0 /opt/devkitpro/libctru/lib/libctru.a(hid.o)
                0x0000000000103ca8                hidExit
 .text.hidScanInput
                0x0000000000103d78      0x26c /opt/devkitpro/libctru/lib/libctru.a(hid.o)
                0x0000000000103d78                hidScanInput
 .text.hidKeysDown
                0x0000000000103fe4       0x10 /opt/devkitpro/libctru/lib/libctru.a(hid.o)
                0x0000000000103fe4                hidKeysDown
 .text.hidTouchRead
                0x0000000000103ff4       0x18 /opt/devkitpro/libctru/lib/libctru.a(hid.o)
                0x0000000000103ff4                hidTouchRead
 .text.HIDUSER_GetHandles
                0x000000000010400c       0x90 /opt/devkitpro/libctru/lib/libctru.a(hid.o)
                0x000000000010400c                HIDUSER_GetHandles
 .text.hidInit  0x000000000010409c      0x1a8 /opt/devkitpro/libctru/lib/libctru.a(hid.o)
                0x000000000010409c                hidInit
 .text.__libctru_init
                0x0000000000104244       0x38 /opt/devkitpro/libctru/lib/libctru.a(initSystem.o)
                0x0000000000104244                __libctru_init
 .text.__ctru_get_reent
                0x000000000010427c       0x30 /opt/devkitpro/libctru/lib/libctru.a(syscalls.o)
 .text.__system_initSyscalls
                0x00000000001042ac       0xe4 /opt/devkitpro/libctru/lib/libctru.a(syscalls.o)
                0x00000000001042ac                __system_initSyscalls
 .text.__system_allocateHeaps
                0x0000000000104390      0x104 /opt/devkitpro/libctru/lib/libctru.a(allocateHeaps.o)
                0x0000000000104390                __system_allocateHeaps
 .text.__system_initArgv
                0x0000000000104494       0xec /opt/devkitpro/libctru/lib/libctru.a(initArgv.o)
                0x0000000000104494                __system_initArgv
 .text.svcControlMemory
                0x0000000000104580       0x20 /opt/devkitpro/libctru/lib/libctru.a(svc.o)
                0x0000000000104580                svcControlMemory
 .text.svcExitProcess
                0x00000000001045a0        0x8 /opt/devkitpro/libctru/lib/libctru.a(svc.o)
                0x00000000001045a0                svcExitProcess
 .text.svcCreateThread
                0x00000000001045a8       0x20 /opt/devkitpro/libctru/lib/libctru.a(svc.o)
                0x00000000001045a8                svcCreateThread
 .text.svcExitThread
                0x00000000001045c8        0x8 /opt/devkitpro/libctru/lib/libctru.a(svc.o)
                0x00000000001045c8                svcExitThread
 .text.svcSleepThread
                0x00000000001045d0        0x8 /opt/devkitpro/libctru/lib/libctru.a(svc.o)
                0x00000000001045d0                svcSleepThread
 .text.svcReleaseMutex
                0x00000000001045d8        0x8 /opt/devkitpro/libctru/lib/libctru.a(svc.o)
                0x00000000001045d8                svcReleaseMutex
 .text.svcCreateEvent
                0x00000000001045e0       0x14 /opt/devkitpro/libctru/lib/libctru.a(svc.o)
                0x00000000001045e0                svcCreateEvent
 .text.svcSignalEvent
                0x00000000001045f4        0x8 /opt/devkitpro/libctru/lib/libctru.a(svc.o)
                0x00000000001045f4                svcSignalEvent
 .text.svcClearEvent
                0x00000000001045fc        0x8 /opt/devkitpro/libctru/lib/libctru.a(svc.o)
                0x00000000001045fc                svcClearEvent
 .text.svcMapMemoryBlock
                0x0000000000104604        0x8 /opt/devkitpro/libctru/lib/libctru.a(svc.o)
                0x0000000000104604                svcMapMemoryBlock
 .text.svcUnmapMemoryBlock
                0x000000000010460c        0x8 /opt/devkitpro/libctru/lib/libctru.a(svc.o)
                0x000000000010460c                svcUnmapMemoryBlock
 .text.svcCreateAddressArbiter
                0x0000000000104614       0x14 /opt/devkitpro/libctru/lib/libctru.a(svc.o)
                0x0000000000104614                svcCreateAddressArbiter
 .text.svcArbitrateAddress
                0x0000000000104628       0x18 /opt/devkitpro/libctru/lib/libctru.a(svc.o)
                0x0000000000104628                svcArbitrateAddress
 .text.svcCloseHandle
                0x0000000000104640        0x8 /opt/devkitpro/libctru/lib/libctru.a(svc.o)
                0x0000000000104640                svcCloseHandle
 .text.svcWaitSynchronization
                0x0000000000104648        0x8 /opt/devkitpro/libctru/lib/libctru.a(svc.o)
                0x0000000000104648                svcWaitSynchronization
 .text.svcWaitSynchronizationN
                0x0000000000104650       0x28 /opt/devkitpro/libctru/lib/libctru.a(svc.o)
                0x0000000000104650                svcWaitSynchronizationN
 .text.svcDuplicateHandle
                0x0000000000104678       0x14 /opt/devkitpro/libctru/lib/libctru.a(svc.o)
                0x0000000000104678                svcDuplicateHandle
 .text.svcGetSystemTick
                0x000000000010468c        0x8 /opt/devkitpro/libctru/lib/libctru.a(svc.o)
                0x000000000010468c                svcGetSystemTick
 .text.svcGetSystemInfo
                0x0000000000104694       0x18 /opt/devkitpro/libctru/lib/libctru.a(svc.o)
                0x0000000000104694                svcGetSystemInfo
 .text.svcConnectToPort
                0x00000000001046ac       0x14 /opt/devkitpro/libctru/lib/libctru.a(svc.o)
                0x00000000001046ac                svcConnectToPort
 .text.svcSendSyncRequest
                0x00000000001046c0        0x8 /opt/devkitpro/libctru/lib/libctru.a(svc.o)
                0x00000000001046c0                svcSendSyncRequest
 .text.svcBreak
                0x00000000001046c8        0x8 /opt/devkitpro/libctru/lib/libctru.a(svc.o)
                0x00000000001046c8                svcBreak
 .text._ZL21addrMapNodeComparatorPK11rbtree_nodeS1_
                0x00000000001046d0       0x24 /opt/devkitpro/libctru/lib/libctru.a(vram.o)
 .text._ZL21addrMapNodeDestructorP11rbtree_node
                0x00000000001046f4        0x4 /opt/devkitpro/libctru/lib/libctru.a(vram.o)
 .text.vramMemAlign
                0x00000000001046f8      0x110 /opt/devkitpro/libctru/lib/libctru.a(vram.o)
                0x00000000001046f8                vramMemAlign
 .text.vramAlloc
                0x0000000000104808        0x8 /opt/devkitpro/libctru/lib/libctru.a(vram.o)
                0x0000000000104808                vramAlloc
 .text.vramFree
                0x0000000000104810       0x50 /opt/devkitpro/libctru/lib/libctru.a(vram.o)
                0x0000000000104810                vramFree
 .text._ZL21addrMapNodeComparatorPK11rbtree_nodeS1_
                0x0000000000104860       0x24 /opt/devkitpro/libctru/lib/libctru.a(mappable.o)
 .text._ZL21addrMapNodeDestructorP11rbtree_node
                0x0000000000104884        0x4 /opt/devkitpro/libctru/lib/libctru.a(mappable.o)
 .text.mappableAlloc
                0x0000000000104888       0xe4 /opt/devkitpro/libctru/lib/libctru.a(mappable.o)
                0x0000000000104888                mappableAlloc
 .text.mappableFree
                0x000000000010496c       0x50 /opt/devkitpro/libctru/lib/libctru.a(mappable.o)
                0x000000000010496c                mappableFree
 .text._ZL21addrMapNodeComparatorPK11rbtree_nodeS1_
                0x00000000001049bc       0x24 /opt/devkitpro/libctru/lib/libctru.a(linear.o)
 .text._ZL21addrMapNodeDestructorP11rbtree_node
                0x00000000001049e0        0x4 /opt/devkitpro/libctru/lib/libctru.a(linear.o)
 .text.linearMemAlign
                0x00000000001049e4      0x11c /opt/devkitpro/libctru/lib/libctru.a(linear.o)
                0x00000000001049e4                linearMemAlign
 .text.linearAlloc
                0x0000000000104b00        0x8 /opt/devkitpro/libctru/lib/libctru.a(linear.o)
                0x0000000000104b00                linearAlloc
 .text.linearFree
                0x0000000000104b08       0x50 /opt/devkitpro/libctru/lib/libctru.a(linear.o)
                0x0000000000104b08                linearFree
 .text._ZN7MemPool13CoalesceRightEP8MemBlock
                0x0000000000104b58       0x98 /opt/devkitpro/libctru/lib/libctru.a(mem_pool.o)
                0x0000000000104b58                MemPool::CoalesceRight(MemBlock*)
 .text._ZN7MemPool8AllocateER8MemChunkmi
                0x0000000000104bf0      0x16c /opt/devkitpro/libctru/lib/libctru.a(mem_pool.o)
                0x0000000000104bf0                MemPool::Allocate(MemChunk&, unsigned long, int)
 .text._ZN7MemPool10DeallocateERK8MemChunk
                0x0000000000104d5c       0xfc /opt/devkitpro/libctru/lib/libctru.a(mem_pool.o)
                0x0000000000104d5c                MemPool::Deallocate(MemChunk const&)
 .text.LightLock_Unlock.part.1
                0x0000000000104e58       0x34 /opt/devkitpro/libctru/lib/libctru.a(synchronization.o)
 .text.__sync_init
                0x0000000000104e8c        0xc /opt/devkitpro/libctru/lib/libctru.a(synchronization.o)
                0x0000000000104e8c                __sync_init
 .text.__sync_fini
                0x0000000000104e98       0x18 /opt/devkitpro/libctru/lib/libctru.a(synchronization.o)
                0x0000000000104e98                __sync_fini
 .text.__sync_get_arbiter
                0x0000000000104eb0       0x10 /opt/devkitpro/libctru/lib/libctru.a(synchronization.o)
                0x0000000000104eb0                __sync_get_arbiter
 .text.LightLock_Init
                0x0000000000104ec0       0x18 /opt/devkitpro/libctru/lib/libctru.a(synchronization.o)
                0x0000000000104ec0                LightLock_Init
 .text.LightLock_Lock
                0x0000000000104ed8       0x9c /opt/devkitpro/libctru/lib/libctru.a(synchronization.o)
                0x0000000000104ed8                LightLock_Lock
 .text.LightLock_TryLock
                0x0000000000104f74       0x34 /opt/devkitpro/libctru/lib/libctru.a(synchronization.o)
                0x0000000000104f74                LightLock_TryLock
 .text.LightLock_Unlock
                0x0000000000104fa8       0x20 /opt/devkitpro/libctru/lib/libctru.a(synchronization.o)
                0x0000000000104fa8                LightLock_Unlock
 .text.RecursiveLock_Init
                0x0000000000104fc8       0x24 /opt/devkitpro/libctru/lib/libctru.a(synchronization.o)
                0x0000000000104fc8                RecursiveLock_Init
 .text.RecursiveLock_Lock
                0x0000000000104fec       0x30 /opt/devkitpro/libctru/lib/libctru.a(synchronization.o)
                0x0000000000104fec                RecursiveLock_Lock
 .text.RecursiveLock_TryLock
                0x000000000010501c       0x58 /opt/devkitpro/libctru/lib/libctru.a(synchronization.o)
                0x000000000010501c                RecursiveLock_TryLock
 .text.RecursiveLock_Unlock
                0x0000000000105074       0x38 /opt/devkitpro/libctru/lib/libctru.a(synchronization.o)
                0x0000000000105074                RecursiveLock_Unlock
 .text.LightEvent_Init
                0x00000000001050ac       0x38 /opt/devkitpro/libctru/lib/libctru.a(synchronization.o)
                0x00000000001050ac                LightEvent_Init
 .text.LightEvent_Clear
                0x00000000001050e4       0x7c /opt/devkitpro/libctru/lib/libctru.a(synchronization.o)
                0x00000000001050e4                LightEvent_Clear
 .text.LightEvent_Signal
                0x0000000000105160       0xdc /opt/devkitpro/libctru/lib/libctru.a(synchronization.o)
                0x0000000000105160                LightEvent_Signal
 .text.LightEvent_Wait
                0x000000000010523c       0xbc /opt/devkitpro/libctru/lib/libctru.a(synchronization.o)
                0x000000000010523c                LightEvent_Wait
 .text.getSysTime
                0x00000000001052f8       0x58 /opt/devkitpro/libctru/lib/libctru.a(os.o)
 .text.__ctru_speedup_config.part.0
                0x0000000000105350       0x28 /opt/devkitpro/libctru/lib/libctru.a(os.o)
 .text.osGetMemRegionUsed
                0x0000000000105378       0x24 /opt/devkitpro/libctru/lib/libctru.a(os.o)
                0x0000000000105378                osGetMemRegionUsed
 *fill*         0x000000000010539c        0x4 
 .text.__libctru_gtod
                0x00000000001053a0      0x128 /opt/devkitpro/libctru/lib/libctru.a(os.o)
                0x00000000001053a0                __libctru_gtod
 .text.__ctru_speedup_config
                0x00000000001054c8       0x18 /opt/devkitpro/libctru/lib/libctru.a(os.o)
                0x00000000001054c8                __ctru_speedup_config
 .text.srvExit  0x00000000001054e0       0x58 /opt/devkitpro/libctru/lib/libctru.a(srv.o)
                0x00000000001054e0                srvExit
 .text.srvRegisterClient
                0x0000000000105538       0x38 /opt/devkitpro/libctru/lib/libctru.a(srv.o)
                0x0000000000105538                srvRegisterClient
 .text.srvInit  0x0000000000105570       0xc4 /opt/devkitpro/libctru/lib/libctru.a(srv.o)
                0x0000000000105570                srvInit
 .text.srvGetServiceHandleDirect
                0x0000000000105634       0x6c /opt/devkitpro/libctru/lib/libctru.a(srv.o)
                0x0000000000105634                srvGetServiceHandleDirect
 .text.srvGetServiceHandle
                0x00000000001056a0       0x38 /opt/devkitpro/libctru/lib/libctru.a(srv.o)
                0x00000000001056a0                srvGetServiceHandle
 .text.threadFree.part.0
                0x00000000001056d8       0x1c /opt/devkitpro/libctru/lib/libctru.a(thread.o)
 .text.threadCreate
                0x00000000001056f4      0x1ac /opt/devkitpro/libctru/lib/libctru.a(thread.o)
                0x00000000001056f4                threadCreate
 .text.threadJoin
                0x00000000001058a0       0x24 /opt/devkitpro/libctru/lib/libctru.a(thread.o)
                0x00000000001058a0                threadJoin
 .text.threadExit
                0x00000000001058c4       0x64 /opt/devkitpro/libctru/lib/libctru.a(thread.o)
                0x00000000001058c4                threadExit
 .text._thread_begin
                0x0000000000105928       0x40 /opt/devkitpro/libctru/lib/libctru.a(thread.o)
 .text.irrstScanInput
                0x0000000000105968       0xac /opt/devkitpro/libctru/lib/libctru.a(irrst.o)
                0x0000000000105968                irrstScanInput
 .text.irrstKeysHeld
                0x0000000000105a14       0x24 /opt/devkitpro/libctru/lib/libctru.a(irrst.o)
                0x0000000000105a14                irrstKeysHeld
 .text.IRRST_GetHandles
                0x0000000000105a38       0x50 /opt/devkitpro/libctru/lib/libctru.a(irrst.o)
                0x0000000000105a38                IRRST_GetHandles
 .text.irrstInit
                0x0000000000105a88      0x158 /opt/devkitpro/libctru/lib/libctru.a(irrst.o)
                0x0000000000105a88                irrstInit
 .text.IRRST_Shutdown
                0x0000000000105be0       0x2c /opt/devkitpro/libctru/lib/libctru.a(irrst.o)
                0x0000000000105be0                IRRST_Shutdown
 .text.irrstExit
                0x0000000000105c0c       0xac /opt/devkitpro/libctru/lib/libctru.a(irrst.o)
                0x0000000000105c0c                irrstExit
 .text.srvPmGetSessionHandle
                0x0000000000105cb8        0xc /opt/devkitpro/libctru/lib/libctru.a(srvpm.o)
                0x0000000000105cb8                srvPmGetSessionHandle
 .text.ptmSysmInit
                0x0000000000105cc4       0x74 /opt/devkitpro/libctru/lib/libctru.a(ptmsysm.o)
                0x0000000000105cc4                ptmSysmInit
 .text.ptmSysmExit
                0x0000000000105d38       0x3c /opt/devkitpro/libctru/lib/libctru.a(ptmsysm.o)
                0x0000000000105d38                ptmSysmExit
 .text.PTMSYSM_ConfigureNew3DSCPU
                0x0000000000105d74       0x34 /opt/devkitpro/libctru/lib/libctru.a(ptmsysm.o)
                0x0000000000105d74                PTMSYSM_ConfigureNew3DSCPU
 .text.rbtree_init
                0x0000000000105da8       0x14 /opt/devkitpro/libctru/lib/libctru.a(rbtree_init.o)
                0x0000000000105da8                rbtree_init
 .text.do_insert
                0x0000000000105dbc      0x18c /opt/devkitpro/libctru/lib/libctru.a(rbtree_insert.o)
 .text.rbtree_insert
                0x0000000000105f48        0x8 /opt/devkitpro/libctru/lib/libctru.a(rbtree_insert.o)
                0x0000000000105f48                rbtree_insert
 .text.rbtree_rotate
                0x0000000000105f50       0x94 /opt/devkitpro/libctru/lib/libctru.a(rbtree_rotate.o)
                0x0000000000105f50                rbtree_rotate
 .text.rbtree_remove
                0x0000000000105fe4      0x32c /opt/devkitpro/libctru/lib/libctru.a(rbtree_remove.o)
                0x0000000000105fe4                rbtree_remove
 .text.rbtree_find
                0x0000000000106310       0x6c /opt/devkitpro/libctru/lib/libctru.a(rbtree_find.o)
                0x0000000000106310                rbtree_find
 .text.__appInit
                0x000000000010637c       0x1c /opt/devkitpro/libctru/lib/libctru.a(appInit.o)
                0x000000000010637c                __appInit
 .text.__appExit
                0x0000000000106398       0x1c /opt/devkitpro/libctru/lib/libctru.a(appExit.o)
                0x0000000000106398                __appExit
 .text.__libctru_exit
                0x00000000001063b4       0xa4 /opt/devkitpro/libctru/lib/libctru.a(ctru_exit.o)
                0x00000000001063b4                __libctru_exit
 .text.envGetHandle
                0x0000000000106458       0x84 /opt/devkitpro/libctru/lib/libctru.a(env.o)
                0x0000000000106458                envGetHandle
 .text.envDestroyHandles
                0x00000000001064dc       0x4c /opt/devkitpro/libctru/lib/libctru.a(env.o)
                0x00000000001064dc                envDestroyHandles
 .text.sdmc_link
                0x0000000000106528       0x10 /opt/devkitpro/libctru/lib/libctru.a(sdmc_dev.o)
 .text.sdmc_dirreset
                0x0000000000106538       0x10 /opt/devkitpro/libctru/lib/libctru.a(sdmc_dev.o)
 .text.sdmc_chmod
                0x0000000000106548       0x10 /opt/devkitpro/libctru/lib/libctru.a(sdmc_dev.o)
 .text.error_cmp
                0x0000000000106558       0x24 /opt/devkitpro/libctru/lib/libctru.a(sdmc_dev.o)
 .text.sdmc_translate_error
                0x000000000010657c       0x50 /opt/devkitpro/libctru/lib/libctru.a(sdmc_dev.o)
 .text.sdmc_fsync
                0x00000000001065cc       0x34 /opt/devkitpro/libctru/lib/libctru.a(sdmc_dev.o)
 .text.sdmc_ftruncate
                0x0000000000106600       0x54 /opt/devkitpro/libctru/lib/libctru.a(sdmc_dev.o)
 .text.sdmc_statvfs
                0x0000000000106654       0xb8 /opt/devkitpro/libctru/lib/libctru.a(sdmc_dev.o)
 .text.sdmc_dirclose
                0x000000000010670c       0x38 /opt/devkitpro/libctru/lib/libctru.a(sdmc_dev.o)
 .text.sdmc_dirnext
                0x0000000000106744      0x138 /opt/devkitpro/libctru/lib/libctru.a(sdmc_dev.o)
 .text.sdmc_close
                0x000000000010687c       0x34 /opt/devkitpro/libctru/lib/libctru.a(sdmc_dev.o)
 .text.sdmc_fstat
                0x00000000001068b0       0x74 /opt/devkitpro/libctru/lib/libctru.a(sdmc_dev.o)
 .text.sdmc_seek
                0x0000000000106924       0xd0 /opt/devkitpro/libctru/lib/libctru.a(sdmc_dev.o)
 .text.sdmc_read
                0x00000000001069f4       0x84 /opt/devkitpro/libctru/lib/libctru.a(sdmc_dev.o)
 .text.sdmc_write
                0x0000000000106a78       0xc0 /opt/devkitpro/libctru/lib/libctru.a(sdmc_dev.o)
 .text.sdmc_utf16path
                0x0000000000106b38      0x1a8 /opt/devkitpro/libctru/lib/libctru.a(sdmc_dev.o)
 .text.sdmc_rmdir
                0x0000000000106ce0       0x74 /opt/devkitpro/libctru/lib/libctru.a(sdmc_dev.o)
 .text.sdmc_diropen
                0x0000000000106d54       0xa0 /opt/devkitpro/libctru/lib/libctru.a(sdmc_dev.o)
 .text.sdmc_chdir
                0x0000000000106df4       0xa0 /opt/devkitpro/libctru/lib/libctru.a(sdmc_dev.o)
 .text.sdmc_mkdir
                0x0000000000106e94       0x98 /opt/devkitpro/libctru/lib/libctru.a(sdmc_dev.o)
 .text.sdmc_rename
                0x0000000000106f2c      0x108 /opt/devkitpro/libctru/lib/libctru.a(sdmc_dev.o)
 .text.sdmc_unlink
                0x0000000000107034       0x74 /opt/devkitpro/libctru/lib/libctru.a(sdmc_dev.o)
 .text.sdmc_stat
                0x00000000001070a8      0x108 /opt/devkitpro/libctru/lib/libctru.a(sdmc_dev.o)
 .text.sdmc_open
                0x00000000001071b0      0x198 /opt/devkitpro/libctru/lib/libctru.a(sdmc_dev.o)
 .text.sdmc_fchmod
                0x0000000000107348       0x10 /opt/devkitpro/libctru/lib/libctru.a(sdmc_dev.o)
 .text.sdmcInit
                0x0000000000107358      0x168 /opt/devkitpro/libctru/lib/libctru.a(sdmc_dev.o)
                0x0000000000107358                sdmcInit
 .text.sdmcExit
                0x00000000001074c0       0x60 /opt/devkitpro/libctru/lib/libctru.a(sdmc_dev.o)
                0x00000000001074c0                sdmcExit
 .text.fsSessionForArchive.part.0
                0x0000000000107520       0x28 /opt/devkitpro/libctru/lib/libctru.a(fs.o)
 .text.fsInit   0x0000000000107548       0xd0 /opt/devkitpro/libctru/lib/libctru.a(fs.o)
                0x0000000000107548                fsInit
 .text.fsExit   0x0000000000107618       0x3c /opt/devkitpro/libctru/lib/libctru.a(fs.o)
                0x0000000000107618                fsExit
 .text.fsExemptFromSession
                0x0000000000107654       0x74 /opt/devkitpro/libctru/lib/libctru.a(fs.o)
                0x0000000000107654                fsExemptFromSession
 .text.fsUnexemptFromSession
                0x00000000001076c8       0x50 /opt/devkitpro/libctru/lib/libctru.a(fs.o)
                0x00000000001076c8                fsUnexemptFromSession
 .text.FSUSER_OpenFile
                0x0000000000107718       0xc0 /opt/devkitpro/libctru/lib/libctru.a(fs.o)
                0x0000000000107718                FSUSER_OpenFile
 .text.FSUSER_DeleteFile
                0x00000000001077d8       0xa8 /opt/devkitpro/libctru/lib/libctru.a(fs.o)
                0x00000000001077d8                FSUSER_DeleteFile
 .text.FSUSER_RenameFile
                0x0000000000107880       0xe0 /opt/devkitpro/libctru/lib/libctru.a(fs.o)
                0x0000000000107880                FSUSER_RenameFile
 .text.FSUSER_DeleteDirectory
                0x0000000000107960       0xa8 /opt/devkitpro/libctru/lib/libctru.a(fs.o)
                0x0000000000107960                FSUSER_DeleteDirectory
 .text.FSUSER_CreateFile
                0x0000000000107a08       0xc0 /opt/devkitpro/libctru/lib/libctru.a(fs.o)
                0x0000000000107a08                FSUSER_CreateFile
 .text.FSUSER_CreateDirectory
                0x0000000000107ac8       0xb0 /opt/devkitpro/libctru/lib/libctru.a(fs.o)
                0x0000000000107ac8                FSUSER_CreateDirectory
 .text.FSUSER_RenameDirectory
                0x0000000000107b78       0xe0 /opt/devkitpro/libctru/lib/libctru.a(fs.o)
                0x0000000000107b78                FSUSER_RenameDirectory
 .text.FSUSER_OpenDirectory
                0x0000000000107c58       0xa4 /opt/devkitpro/libctru/lib/libctru.a(fs.o)
                0x0000000000107c58                FSUSER_OpenDirectory
 .text.FSUSER_OpenArchive
                0x0000000000107cfc       0x98 /opt/devkitpro/libctru/lib/libctru.a(fs.o)
                0x0000000000107cfc                FSUSER_OpenArchive
 .text.FSUSER_CloseArchive
                0x0000000000107d94       0x74 /opt/devkitpro/libctru/lib/libctru.a(fs.o)
                0x0000000000107d94                FSUSER_CloseArchive
 .text.FSUSER_GetSdmcArchiveResource
                0x0000000000107e08       0x78 /opt/devkitpro/libctru/lib/libctru.a(fs.o)
                0x0000000000107e08                FSUSER_GetSdmcArchiveResource
 .text.FSUSER_IsSdmcWritable
                0x0000000000107e80       0x64 /opt/devkitpro/libctru/lib/libctru.a(fs.o)
                0x0000000000107e80                FSUSER_IsSdmcWritable
 .text.FSFILE_Read
                0x0000000000107ee4       0x58 /opt/devkitpro/libctru/lib/libctru.a(fs.o)
                0x0000000000107ee4                FSFILE_Read
 .text.FSFILE_Write
                0x0000000000107f3c       0x64 /opt/devkitpro/libctru/lib/libctru.a(fs.o)
                0x0000000000107f3c                FSFILE_Write
 .text.FSFILE_GetSize
                0x0000000000107fa0       0x38 /opt/devkitpro/libctru/lib/libctru.a(fs.o)
                0x0000000000107fa0                FSFILE_GetSize
 .text.FSFILE_SetSize
                0x0000000000107fd8       0x28 /opt/devkitpro/libctru/lib/libctru.a(fs.o)
                0x0000000000107fd8                FSFILE_SetSize
 .text.FSFILE_Close
                0x0000000000108000       0x3c /opt/devkitpro/libctru/lib/libctru.a(fs.o)
                0x0000000000108000                FSFILE_Close
 .text.FSFILE_Flush
                0x000000000010803c       0x24 /opt/devkitpro/libctru/lib/libctru.a(fs.o)
                0x000000000010803c                FSFILE_Flush
 .text.FSDIR_Read
                0x0000000000108060       0x54 /opt/devkitpro/libctru/lib/libctru.a(fs.o)
                0x0000000000108060                FSDIR_Read
 .text.FSDIR_Close
                0x00000000001080b4       0x3c /opt/devkitpro/libctru/lib/libctru.a(fs.o)
                0x00000000001080b4                FSDIR_Close
 .text.rbtree_node_next
                0x00000000001080f0       0x74 /opt/devkitpro/libctru/lib/libctru.a(rbtree_iterator.o)
                0x00000000001080f0                rbtree_node_next
 .text.utf16_to_utf8
                0x0000000000108164       0xe8 /opt/devkitpro/libctru/lib/libctru.a(utf16_to_utf8.o)
                0x0000000000108164                utf16_to_utf8
 .text.decode_utf16
                0x000000000010824c       0x60 /opt/devkitpro/libctru/lib/libctru.a(decode_utf16.o)
                0x000000000010824c                decode_utf16
 .text.decode_utf8
                0x00000000001082ac      0x138 /opt/devkitpro/libctru/lib/libctru.a(decode_utf8.o)
                0x00000000001082ac                decode_utf8
 .text.utf8_to_utf16
                0x00000000001083e4       0xc0 /opt/devkitpro/libctru/lib/libctru.a(utf8_to_utf16.o)
                0x00000000001083e4                utf8_to_utf16
 .text.__aeabi_read_tp
                0x00000000001084a4        0xc /opt/devkitpro/libctru/lib/libctru.a(readtp.o)
                0x00000000001084a4                __aeabi_read_tp
 .text.encode_utf16
                0x00000000001084b0       0x68 /opt/devkitpro/libctru/lib/libctru.a(encode_utf16.o)
                0x00000000001084b0                encode_utf16
 .text.encode_utf8
                0x0000000000108518      0x104 /opt/devkitpro/libctru/lib/libctru.a(encode_utf8.o)
                0x0000000000108518                encode_utf8
 .text.__udivmoddi4
                0x000000000010861c      0x158 /opt/devkitpro/devkitARM/lib/gcc/arm-none-eabi/7.1.0/armv6k/fpu/libgcc.a(_udivmoddi4.o)
                0x000000000010861c                __udivmoddi4
 .text.bsearch  0x0000000000108774       0x74 /opt/devkitpro/devkitARM/lib/gcc/arm-none-eabi/7.1.0/../../../../arm-none-eabi/lib/armv6k/fpu/libg.a(lib_a-bsearch.o)
                0x0000000000108774                bsearch
 .text.__libc_fini_array
                0x00000000001087e8       0x40 /opt/devkitpro/devkitARM/lib/gcc/arm-none-eabi/7.1.0/../../../../arm-none-eabi/lib/armv6k/fpu/libg.a(lib_a-fini.o)
                0x00000000001087e8                __libc_fini_array
 .text.__libc_init_array
                0x0000000000108828       0x7c /opt/devkitpro/devkitARM/lib/gcc/arm-none-eabi/7.1.0/../../../../arm-none-eabi/lib/armv6k/fpu/libg.a(lib_a-init.o)
                0x0000000000108828                __libc_init_array
 .text.memalign
                0x00000000001088a4       0x20 /opt/devkitpro/devkitARM/lib/gcc/arm-none-eabi/7.1.0/../../../../arm-none-eabi/lib/armv6k/fpu/libg.a(lib_a-malign.o)
                0x00000000001088a4                memalign
 .text._memalign_r
                0x00000000001088c4      0x158 /opt/devkitpro/devkitARM/lib/gcc/arm-none-eabi/7.1.0/../../../../arm-none-eabi/lib/armv6k/fpu/libg.a(lib_a-malignr.o)
                0x00000000001088c4                _memalign_r
 .text.malloc   0x0000000000108a1c       0x18 /opt/devkitpro/devkitARM/lib/gcc/arm-none-eabi/7.1.0/../../../../arm-none-eabi/lib/armv6k/fpu/libg.a(lib_a-malloc.o)
                0x0000000000108a1c                malloc
 .text.free     0x0000000000108a34       0x18 /opt/devkitpro/devkitARM/lib/gcc/arm-none-eabi/7.1.0/../../../../arm-none-eabi/lib/armv6k/fpu/libg.a(lib_a-malloc.o)
                0x0000000000108a34                free
 .text._malloc_r
                0x0000000000108a4c      0x7a8 /opt/devkitpro/devkitARM/lib/gcc/arm-none-eabi/7.1.0/../../../../arm-none-eabi/lib/armv6k/fpu/libg.a(lib_a-mallocr.o)
                0x0000000000108a4c                _malloc_r
 .text.memchr   0x00000000001091f4      0x100 /opt/devkitpro/devkitARM/lib/gcc/arm-none-eabi/7.1.0/../../../../arm-none-eabi/lib/armv6k/fpu/libg.a(lib_a-memchr-stub.o)
                0x00000000001091f4                memchr
 .text.memcpy   0x00000000001092f4      0x10c /opt/devkitpro/devkitARM/lib/gcc/arm-none-eabi/7.1.0/../../../../arm-none-eabi/lib/armv6k/fpu/libg.a(lib_a-memcpy-stub.o)
                0x00000000001092f4                memcpy
 .text.memset   0x0000000000109400      0x110 /opt/devkitpro/devkitARM/lib/gcc/arm-none-eabi/7.1.0/../../../../arm-none-eabi/lib/armv6k/fpu/libg.a(lib_a-memset.o)
                0x0000000000109400                memset
 .text.__malloc_lock
                0x0000000000109510        0xc /opt/devkitpro/devkitARM/lib/gcc/arm-none-eabi/7.1.0/../../../../arm-none-eabi/lib/armv6k/fpu/libg.a(lib_a-mlock.o)
                0x0000000000109510                __malloc_lock
 .text.__malloc_unlock
                0x000000000010951c        0xc /opt/devkitpro/devkitARM/lib/gcc/arm-none-eabi/7.1.0/../../../../arm-none-eabi/lib/armv6k/fpu/libg.a(lib_a-mlock.o)
                0x000000000010951c                __malloc_unlock
 .text.printf   0x0000000000109528       0x38 /opt/devkitpro/devkitARM/lib/gcc/arm-none-eabi/7.1.0/../../../../arm-none-eabi/lib/armv6k/fpu/libg.a(lib_a-printf.o)
                0x0000000000109528                printf
 .text._puts_r  0x0000000000109560       0xe0 /opt/devkitpro/devkitARM/lib/gcc/arm-none-eabi/7.1.0/../../../../arm-none-eabi/lib/armv6k/fpu/libg.a(lib_a-puts.o)
                0x0000000000109560                _puts_r
 .text.puts     0x0000000000109640       0x18 /opt/devkitpro/devkitARM/lib/gcc/arm-none-eabi/7.1.0/../../../../arm-none-eabi/lib/armv6k/fpu/libg.a(lib_a-puts.o)
                0x0000000000109640                puts
 .text.setvbuf  0x0000000000109658      0x264 /opt/devkitpro/devkitARM/lib/gcc/arm-none-eabi/7.1.0/../../../../arm-none-eabi/lib/armv6k/fpu/libg.a(lib_a-setvbuf.o)
                0x0000000000109658                setvbuf
 .text.sscanf   0x00000000001098bc       0x74 /opt/devkitpro/devkitARM/lib/gcc/arm-none-eabi/7.1.0/../../../../arm-none-eabi/lib/armv6k/fpu/libg.a(lib_a-sscanf.o)
                0x00000000001098bc                sscanf
 .text.__sread  0x0000000000109930       0x3c /opt/devkitpro/devkitARM/lib/gcc/arm-none-eabi/7.1.0/../../../../arm-none-eabi/lib/armv6k/fpu/libg.a(lib_a-stdio.o)
                0x0000000000109930                __sread
 .text.__seofread
                0x000000000010996c        0x8 /opt/devkitpro/devkitARM/lib/gcc/arm-none-eabi/7.1.0/../../../../arm-none-eabi/lib/armv6k/fpu/libg.a(lib_a-stdio.o)
                0x000000000010996c                __seofread
 .text.__swrite
                0x0000000000109974       0x64 /opt/devkitpro/devkitARM/lib/gcc/arm-none-eabi/7.1.0/../../../../arm-none-eabi/lib/armv6k/fpu/libg.a(lib_a-stdio.o)
                0x0000000000109974                __swrite
 .text.__sseek  0x00000000001099d8       0x4c /opt/devkitpro/devkitARM/lib/gcc/arm-none-eabi/7.1.0/../../../../arm-none-eabi/lib/armv6k/fpu/libg.a(lib_a-stdio.o)
                0x00000000001099d8                __sseek
 .text.__sclose
                0x0000000000109a24        0x8 /opt/devkitpro/devkitARM/lib/gcc/arm-none-eabi/7.1.0/../../../../arm-none-eabi/lib/armv6k/fpu/libg.a(lib_a-stdio.o)
                0x0000000000109a24                __sclose
 .text.strlen   0x0000000000109a2c       0x5c /opt/devkitpro/devkitARM/lib/gcc/arm-none-eabi/7.1.0/../../../../arm-none-eabi/lib/armv6k/fpu/libg.a(lib_a-strlen-stub.o)
                0x0000000000109a2c                strlen
 .text.strncat  0x0000000000109a88       0x98 /opt/devkitpro/devkitARM/lib/gcc/arm-none-eabi/7.1.0/../../../../arm-none-eabi/lib/armv6k/fpu/libg.a(lib_a-strncat.o)
                0x0000000000109a88                strncat
 .text.strncpy  0x0000000000109b20       0xd8 /opt/devkitpro/devkitARM/lib/gcc/arm-none-eabi/7.1.0/../../../../arm-none-eabi/lib/armv6k/fpu/libg.a(lib_a-strncpy.o)
                0x0000000000109b20                strncpy
 .text.strnlen  0x0000000000109bf8       0x5c /opt/devkitpro/devkitARM/lib/gcc/arm-none-eabi/7.1.0/../../../../arm-none-eabi/lib/armv6k/fpu/libg.a(lib_a-strnlen.o)
                0x0000000000109bf8                strnlen
 .text.__ssvfscanf_r
                0x0000000000109c54     0x27c8 /opt/devkitpro/devkitARM/lib/gcc/arm-none-eabi/7.1.0/../../../../arm-none-eabi/lib/armv6k/fpu/libg.a(lib_a-svfscanf.o)
                0x0000000000109c54                __ssvfscanf_r
 .text.__sprint_r.part.0
                0x000000000010c41c       0x1c /opt/devkitpro/devkitARM/lib/gcc/arm-none-eabi/7.1.0/../../../../arm-none-eabi/lib/armv6k/fpu/libg.a(lib_a-vfiprintf.o)
 .text.__sprint_r
                0x000000000010c438       0x1c /opt/devkitpro/devkitARM/lib/gcc/arm-none-eabi/7.1.0/../../../../arm-none-eabi/lib/armv6k/fpu/libg.a(lib_a-vfiprintf.o)
                0x000000000010c438                __sprint_r
 .text.get_arg  0x000000000010c454     0x74a0 /opt/devkitpro/devkitARM/lib/gcc/arm-none-eabi/7.1.0/../../../../arm-none-eabi/lib/armv6k/fpu/libg.a(lib_a-vfprintf.o)
 *fill*         0x00000000001138f4        0x4 
 .text._vfprintf_r
                0x00000000001138f8     0x3fd8 /opt/devkitpro/devkitARM/lib/gcc/arm-none-eabi/7.1.0/../../../../arm-none-eabi/lib/armv6k/fpu/libg.a(lib_a-vfprintf.o)
                0x00000000001138f8                _vfprintf_r
 .text.__sbprintf
                0x00000000001178d0       0xd0 /opt/devkitpro/devkitARM/lib/gcc/arm-none-eabi/7.1.0/../../../../arm-none-eabi/lib/armv6k/fpu/libg.a(lib_a-vfprintf.o)
 .text._wcrtomb_r
                0x00000000001179a0       0xa0 /opt/devkitpro/devkitARM/lib/gcc/arm-none-eabi/7.1.0/../../../../arm-none-eabi/lib/armv6k/fpu/libg.a(lib_a-wcrtomb.o)
                0x00000000001179a0                _wcrtomb_r
 .text._wcsrtombs_r
                0x0000000000117a40       0x20 /opt/devkitpro/devkitARM/lib/gcc/arm-none-eabi/7.1.0/../../../../arm-none-eabi/lib/armv6k/fpu/libg.a(lib_a-wcsrtombs.o)
                0x0000000000117a40                _wcsrtombs_r
 .text.__swsetup_r
                0x0000000000117a60      0x148 /opt/devkitpro/devkitARM/lib/gcc/arm-none-eabi/7.1.0/../../../../arm-none-eabi/lib/armv6k/fpu/libg.a(lib_a-wsetup.o)
                0x0000000000117a60                __swsetup_r
 .text.quorem   0x0000000000117ba8      0x1bc /opt/devkitpro/devkitARM/lib/gcc/arm-none-eabi/7.1.0/../../../../arm-none-eabi/lib/armv6k/fpu/libg.a(lib_a-dtoa.o)
 *fill*         0x0000000000117d64        0x4 
 .text._dtoa_r  0x0000000000117d68     0x1224 /opt/devkitpro/devkitARM/lib/gcc/arm-none-eabi/7.1.0/../../../../arm-none-eabi/lib/armv6k/fpu/libg.a(lib_a-dtoa.o)
                0x0000000000117d68                _dtoa_r
 .text.__sflush_r
                0x0000000000118f8c      0x26c /opt/devkitpro/devkitARM/lib/gcc/arm-none-eabi/7.1.0/../../../../arm-none-eabi/lib/armv6k/fpu/libg.a(lib_a-fflush.o)
                0x0000000000118f8c                __sflush_r
 .text._fflush_r
                0x00000000001191f8       0x94 /opt/devkitpro/devkitARM/lib/gcc/arm-none-eabi/7.1.0/../../../../arm-none-eabi/lib/armv6k/fpu/libg.a(lib_a-fflush.o)
                0x00000000001191f8                _fflush_r
 .text._cleanup_r
                0x000000000011928c        0xc /opt/devkitpro/devkitARM/lib/gcc/arm-none-eabi/7.1.0/../../../../arm-none-eabi/lib/armv6k/fpu/libg.a(lib_a-findfp.o)
                0x000000000011928c                _cleanup_r
 .text.std.isra.0
                0x0000000000119298       0x78 /opt/devkitpro/devkitARM/lib/gcc/arm-none-eabi/7.1.0/../../../../arm-none-eabi/lib/armv6k/fpu/libg.a(lib_a-findfp.o)
 .text.__sinit  0x0000000000119310       0x8c /opt/devkitpro/devkitARM/lib/gcc/arm-none-eabi/7.1.0/../../../../arm-none-eabi/lib/armv6k/fpu/libg.a(lib_a-findfp.o)
                0x0000000000119310                __sinit
 .text.__sfp_lock_acquire
                0x000000000011939c        0xc /opt/devkitpro/devkitARM/lib/gcc/arm-none-eabi/7.1.0/../../../../arm-none-eabi/lib/armv6k/fpu/libg.a(lib_a-findfp.o)
                0x000000000011939c                __sfp_lock_acquire
 .text.__sfp_lock_release
                0x00000000001193a8        0xc /opt/devkitpro/devkitARM/lib/gcc/arm-none-eabi/7.1.0/../../../../arm-none-eabi/lib/armv6k/fpu/libg.a(lib_a-findfp.o)
                0x00000000001193a8                __sfp_lock_release
 .text._malloc_trim_r
                0x00000000001193b4       0xf8 /opt/devkitpro/devkitARM/lib/gcc/arm-none-eabi/7.1.0/../../../../arm-none-eabi/lib/armv6k/fpu/libg.a(lib_a-freer.o)
                0x00000000001193b4                _malloc_trim_r
 .text._free_r  0x00000000001194ac      0x2e4 /opt/devkitpro/devkitARM/lib/gcc/arm-none-eabi/7.1.0/../../../../arm-none-eabi/lib/armv6k/fpu/libg.a(lib_a-freer.o)
                0x00000000001194ac                _free_r
 .text.__sfvwrite_r
                0x0000000000119790      0x498 /opt/devkitpro/devkitARM/lib/gcc/arm-none-eabi/7.1.0/../../../../arm-none-eabi/lib/armv6k/fpu/libg.a(lib_a-fvwrite.o)
                0x0000000000119790                __sfvwrite_r
 .text._fwalk_reent
                0x0000000000119c28       0x78 /opt/devkitpro/devkitARM/lib/gcc/arm-none-eabi/7.1.0/../../../../arm-none-eabi/lib/armv6k/fpu/libg.a(lib_a-fwalk.o)
                0x0000000000119c28                _fwalk_reent
 .text.iswspace
                0x0000000000119ca0       0x74 /opt/devkitpro/devkitARM/lib/gcc/arm-none-eabi/7.1.0/../../../../arm-none-eabi/lib/armv6k/fpu/libg.a(lib_a-iswspace.o)
                0x0000000000119ca0                iswspace
 .text.__jp2uc  0x0000000000119d14      0x1e0 /opt/devkitpro/devkitARM/lib/gcc/arm-none-eabi/7.1.0/../../../../arm-none-eabi/lib/armv6k/fpu/libg.a(lib_a-jp2uc.o)
 .text._jp2uc   0x0000000000119ef4       0xc4 /opt/devkitpro/devkitARM/lib/gcc/arm-none-eabi/7.1.0/../../../../arm-none-eabi/lib/armv6k/fpu/libg.a(lib_a-jp2uc.o)
                0x0000000000119ef4                _jp2uc
 .text.__localeconv_l
                0x0000000000119fb8        0x8 /opt/devkitpro/devkitARM/lib/gcc/arm-none-eabi/7.1.0/../../../../arm-none-eabi/lib/armv6k/fpu/libg.a(lib_a-localeconv.o)
                0x0000000000119fb8                __localeconv_l
 .text._localeconv_r
                0x0000000000119fc0       0x24 /opt/devkitpro/devkitARM/lib/gcc/arm-none-eabi/7.1.0/../../../../arm-none-eabi/lib/armv6k/fpu/libg.a(lib_a-localeconv.o)
                0x0000000000119fc0                _localeconv_r
 .text.__locale_mb_cur_max
                0x0000000000119fe4       0x24 /opt/devkitpro/devkitARM/lib/gcc/arm-none-eabi/7.1.0/../../../../arm-none-eabi/lib/armv6k/fpu/libg.a(lib_a-locale.o)
                0x0000000000119fe4                __locale_mb_cur_max
 .text.__locale_ctype_ptr_l
                0x000000000011a008        0x8 /opt/devkitpro/devkitARM/lib/gcc/arm-none-eabi/7.1.0/../../../../arm-none-eabi/lib/armv6k/fpu/libg.a(lib_a-locale.o)
                0x000000000011a008                __locale_ctype_ptr_l
 .text.__locale_ctype_ptr
                0x000000000011a010       0x24 /opt/devkitpro/devkitARM/lib/gcc/arm-none-eabi/7.1.0/../../../../arm-none-eabi/lib/armv6k/fpu/libg.a(lib_a-locale.o)
                0x000000000011a010                __locale_ctype_ptr
 .text.__swhatbuf_r
                0x000000000011a034       0x94 /opt/devkitpro/devkitARM/lib/gcc/arm-none-eabi/7.1.0/../../../../arm-none-eabi/lib/armv6k/fpu/libg.a(lib_a-makebuf.o)
                0x000000000011a034                __swhatbuf_r
 .text.__smakebuf_r
                0x000000000011a0c8       0xf4 /opt/devkitpro/devkitARM/lib/gcc/arm-none-eabi/7.1.0/../../../../arm-none-eabi/lib/armv6k/fpu/libg.a(lib_a-makebuf.o)
                0x000000000011a0c8                __smakebuf_r
 .text._mbrtowc_r
                0x000000000011a1bc       0xb4 /opt/devkitpro/devkitARM/lib/gcc/arm-none-eabi/7.1.0/../../../../arm-none-eabi/lib/armv6k/fpu/libg.a(lib_a-mbrtowc.o)
                0x000000000011a1bc                _mbrtowc_r
 .text.__utf8_mbtowc
                0x000000000011a270      0x2fc /opt/devkitpro/devkitARM/lib/gcc/arm-none-eabi/7.1.0/../../../../arm-none-eabi/lib/armv6k/fpu/libg.a(lib_a-mbtowc_r.o)
                0x000000000011a270                __utf8_mbtowc
 .text.memmove  0x000000000011a56c      0x13c /opt/devkitpro/devkitARM/lib/gcc/arm-none-eabi/7.1.0/../../../../arm-none-eabi/lib/armv6k/fpu/libg.a(lib_a-memmove.o)
                0x000000000011a56c                memmove
 .text._Balloc  0x000000000011a6a8       0x88 /opt/devkitpro/devkitARM/lib/gcc/arm-none-eabi/7.1.0/../../../../arm-none-eabi/lib/armv6k/fpu/libg.a(lib_a-mprec.o)
                0x000000000011a6a8                _Balloc
 .text._Bfree   0x000000000011a730       0x1c /opt/devkitpro/devkitARM/lib/gcc/arm-none-eabi/7.1.0/../../../../arm-none-eabi/lib/armv6k/fpu/libg.a(lib_a-mprec.o)
                0x000000000011a730                _Bfree
 .text.__multadd
                0x000000000011a74c       0xd0 /opt/devkitpro/devkitARM/lib/gcc/arm-none-eabi/7.1.0/../../../../arm-none-eabi/lib/armv6k/fpu/libg.a(lib_a-mprec.o)
                0x000000000011a74c                __multadd
 .text.__s2b    0x000000000011a81c       0xe0 /opt/devkitpro/devkitARM/lib/gcc/arm-none-eabi/7.1.0/../../../../arm-none-eabi/lib/armv6k/fpu/libg.a(lib_a-mprec.o)
                0x000000000011a81c                __s2b
 .text.__hi0bits
                0x000000000011a8fc       0x58 /opt/devkitpro/devkitARM/lib/gcc/arm-none-eabi/7.1.0/../../../../arm-none-eabi/lib/armv6k/fpu/libg.a(lib_a-mprec.o)
                0x000000000011a8fc                __hi0bits
 .text.__lo0bits
                0x000000000011a954       0x9c /opt/devkitpro/devkitARM/lib/gcc/arm-none-eabi/7.1.0/../../../../arm-none-eabi/lib/armv6k/fpu/libg.a(lib_a-mprec.o)
                0x000000000011a954                __lo0bits
 .text.__i2b    0x000000000011a9f0       0x20 /opt/devkitpro/devkitARM/lib/gcc/arm-none-eabi/7.1.0/../../../../arm-none-eabi/lib/armv6k/fpu/libg.a(lib_a-mprec.o)
                0x000000000011a9f0                __i2b
 .text.__multiply
                0x000000000011aa10      0x1d4 /opt/devkitpro/devkitARM/lib/gcc/arm-none-eabi/7.1.0/../../../../arm-none-eabi/lib/armv6k/fpu/libg.a(lib_a-mprec.o)
                0x000000000011aa10                __multiply
 .text.__pow5mult
                0x000000000011abe4      0x100 /opt/devkitpro/devkitARM/lib/gcc/arm-none-eabi/7.1.0/../../../../arm-none-eabi/lib/armv6k/fpu/libg.a(lib_a-mprec.o)
                0x000000000011abe4                __pow5mult
 .text.__lshift
                0x000000000011ace4       0xe8 /opt/devkitpro/devkitARM/lib/gcc/arm-none-eabi/7.1.0/../../../../arm-none-eabi/lib/armv6k/fpu/libg.a(lib_a-mprec.o)
                0x000000000011ace4                __lshift
 .text.__mcmp   0x000000000011adcc       0x5c /opt/devkitpro/devkitARM/lib/gcc/arm-none-eabi/7.1.0/../../../../arm-none-eabi/lib/armv6k/fpu/libg.a(lib_a-mprec.o)
                0x000000000011adcc                __mcmp
 .text.__mdiff  0x000000000011ae28      0x168 /opt/devkitpro/devkitARM/lib/gcc/arm-none-eabi/7.1.0/../../../../arm-none-eabi/lib/armv6k/fpu/libg.a(lib_a-mprec.o)
                0x000000000011ae28                __mdiff
 .text.__ulp    0x000000000011af90       0x78 /opt/devkitpro/devkitARM/lib/gcc/arm-none-eabi/7.1.0/../../../../arm-none-eabi/lib/armv6k/fpu/libg.a(lib_a-mprec.o)
                0x000000000011af90                __ulp
 .text.__b2d    0x000000000011b008       0xd0 /opt/devkitpro/devkitARM/lib/gcc/arm-none-eabi/7.1.0/../../../../arm-none-eabi/lib/armv6k/fpu/libg.a(lib_a-mprec.o)
                0x000000000011b008                __b2d
 .text.__d2b    0x000000000011b0d8      0x104 /opt/devkitpro/devkitARM/lib/gcc/arm-none-eabi/7.1.0/../../../../arm-none-eabi/lib/armv6k/fpu/libg.a(lib_a-mprec.o)
                0x000000000011b0d8                __d2b
 .text.__ratio  0x000000000011b1dc       0x84 /opt/devkitpro/devkitARM/lib/gcc/arm-none-eabi/7.1.0/../../../../arm-none-eabi/lib/armv6k/fpu/libg.a(lib_a-mprec.o)
                0x000000000011b1dc                __ratio
 .text.__copybits
                0x000000000011b260       0x88 /opt/devkitpro/devkitARM/lib/gcc/arm-none-eabi/7.1.0/../../../../arm-none-eabi/lib/armv6k/fpu/libg.a(lib_a-mprec.o)
                0x000000000011b260                __copybits
 .text.__any_on
                0x000000000011b2e8       0x78 /opt/devkitpro/devkitARM/lib/gcc/arm-none-eabi/7.1.0/../../../../arm-none-eabi/lib/armv6k/fpu/libg.a(lib_a-mprec.o)
                0x000000000011b2e8                __any_on
 .text._realloc_r
                0x000000000011b360      0x4d0 /opt/devkitpro/devkitARM/lib/gcc/arm-none-eabi/7.1.0/../../../../arm-none-eabi/lib/armv6k/fpu/libg.a(lib_a-reallocr.o)
                0x000000000011b360                _realloc_r
 .text.__sccl   0x000000000011b830       0xcc /opt/devkitpro/devkitARM/lib/gcc/arm-none-eabi/7.1.0/../../../../arm-none-eabi/lib/armv6k/fpu/libg.a(lib_a-sccl.o)
                0x000000000011b830                __sccl
 .text.nanf     0x000000000011b8fc        0xc /opt/devkitpro/devkitARM/lib/gcc/arm-none-eabi/7.1.0/../../../../arm-none-eabi/lib/armv6k/fpu/libg.a(lib_a-sf_nan.o)
                0x000000000011b8fc                nanf
 .text.frexp    0x000000000011b908       0x9c /opt/devkitpro/devkitARM/lib/gcc/arm-none-eabi/7.1.0/../../../../arm-none-eabi/lib/armv6k/fpu/libg.a(lib_a-s_frexp.o)
                0x000000000011b908                frexp
 .text.sprintf  0x000000000011b9a4       0x64 /opt/devkitpro/devkitARM/lib/gcc/arm-none-eabi/7.1.0/../../../../arm-none-eabi/lib/armv6k/fpu/libg.a(lib_a-sprintf.o)
                0x000000000011b9a4                sprintf
 .text.stpncpy  0x000000000011ba08       0xf8 /opt/devkitpro/devkitARM/lib/gcc/arm-none-eabi/7.1.0/../../../../arm-none-eabi/lib/armv6k/fpu/libg.a(lib_a-stpncpy.o)
                0x000000000011ba08                stpncpy
 .text.strchr   0x000000000011bb00      0x180 /opt/devkitpro/devkitARM/lib/gcc/arm-none-eabi/7.1.0/../../../../arm-none-eabi/lib/armv6k/fpu/libg.a(lib_a-strchr.o)
                0x000000000011bb00                strchr
 .text.strncmp  0x000000000011bc80       0xf8 /opt/devkitpro/devkitARM/lib/gcc/arm-none-eabi/7.1.0/../../../../arm-none-eabi/lib/armv6k/fpu/libg.a(lib_a-strncmp.o)
                0x000000000011bc80                strncmp
 .text.unlikely.sulp
                0x000000000011bd78       0x54 /opt/devkitpro/devkitARM/lib/gcc/arm-none-eabi/7.1.0/../../../../arm-none-eabi/lib/armv6k/fpu/libg.a(lib_a-strtod.o)
 *fill*         0x000000000011bdcc        0x4 
 .text._strtod_l
                0x000000000011bdd0     0x1464 /opt/devkitpro/devkitARM/lib/gcc/arm-none-eabi/7.1.0/../../../../arm-none-eabi/lib/armv6k/fpu/libg.a(lib_a-strtod.o)
                0x000000000011bdd0                _strtod_l
 .text._strtod_r
                0x000000000011d234       0x3c /opt/devkitpro/devkitARM/lib/gcc/arm-none-eabi/7.1.0/../../../../arm-none-eabi/lib/armv6k/fpu/libg.a(lib_a-strtod.o)
                0x000000000011d234                _strtod_r
 .text._strtoll_l.isra.0
                0x000000000011d270      0x274 /opt/devkitpro/devkitARM/lib/gcc/arm-none-eabi/7.1.0/../../../../arm-none-eabi/lib/armv6k/fpu/libg.a(lib_a-strtoll.o)
 .text._strtoll_r
                0x000000000011d4e4       0x50 /opt/devkitpro/devkitARM/lib/gcc/arm-none-eabi/7.1.0/../../../../arm-none-eabi/lib/armv6k/fpu/libg.a(lib_a-strtoll.o)
                0x000000000011d4e4                _strtoll_r
 .text._strtol_l.isra.0
                0x000000000011d534      0x1bc /opt/devkitpro/devkitARM/lib/gcc/arm-none-eabi/7.1.0/../../../../arm-none-eabi/lib/armv6k/fpu/libg.a(lib_a-strtol.o)
 .text._strtol_r
                0x000000000011d6f0       0x50 /opt/devkitpro/devkitARM/lib/gcc/arm-none-eabi/7.1.0/../../../../arm-none-eabi/lib/armv6k/fpu/libg.a(lib_a-strtol.o)
                0x000000000011d6f0                _strtol_r
 .text._strtoull_l.isra.0
                0x000000000011d740      0x260 /opt/devkitpro/devkitARM/lib/gcc/arm-none-eabi/7.1.0/../../../../arm-none-eabi/lib/armv6k/fpu/libg.a(lib_a-strtoull.o)
 .text._strtoull_r
                0x000000000011d9a0       0x50 /opt/devkitpro/devkitARM/lib/gcc/arm-none-eabi/7.1.0/../../../../arm-none-eabi/lib/armv6k/fpu/libg.a(lib_a-strtoull.o)
                0x000000000011d9a0                _strtoull_r
 .text._strtoul_l.isra.0
                0x000000000011d9f0      0x1d0 /opt/devkitpro/devkitARM/lib/gcc/arm-none-eabi/7.1.0/../../../../arm-none-eabi/lib/armv6k/fpu/libg.a(lib_a-strtoul.o)
 .text._strtoul_r
                0x000000000011dbc0       0x50 /opt/devkitpro/devkitARM/lib/gcc/arm-none-eabi/7.1.0/../../../../arm-none-eabi/lib/armv6k/fpu/libg.a(lib_a-strtoul.o)
                0x000000000011dbc0                _strtoul_r
 .text.__ssprint_r
                0x000000000011dc10      0x188 /opt/devkitpro/devkitARM/lib/gcc/arm-none-eabi/7.1.0/../../../../arm-none-eabi/lib/armv6k/fpu/libg.a(lib_a-svfiprintf.o)
                0x000000000011dc10                __ssprint_r
 .text._sungetc_r
                0x000000000011dd98       0xdc /opt/devkitpro/devkitARM/lib/gcc/arm-none-eabi/7.1.0/../../../../arm-none-eabi/lib/armv6k/fpu/libg.a(lib_a-svfiscanf.o)
                0x000000000011dd98                _sungetc_r
 .text.__ssrefill_r
                0x000000000011de74       0x6c /opt/devkitpro/devkitARM/lib/gcc/arm-none-eabi/7.1.0/../../../../arm-none-eabi/lib/armv6k/fpu/libg.a(lib_a-svfiscanf.o)
                0x000000000011de74                __ssrefill_r
 .text._sfread_r
                0x000000000011dee0       0xc8 /opt/devkitpro/devkitARM/lib/gcc/arm-none-eabi/7.1.0/../../../../arm-none-eabi/lib/armv6k/fpu/libg.a(lib_a-svfiscanf.o)
                0x000000000011dee0                _sfread_r
 .text.get_arg  0x000000000011dfa8     0x74a0 /opt/devkitpro/devkitARM/lib/gcc/arm-none-eabi/7.1.0/../../../../arm-none-eabi/lib/armv6k/fpu/libg.a(lib_a-svfprintf.o)
 .text._svfprintf_r
                0x0000000000125448     0x3e2c /opt/devkitpro/devkitARM/lib/gcc/arm-none-eabi/7.1.0/../../../../arm-none-eabi/lib/armv6k/fpu/libg.a(lib_a-svfprintf.o)
                0x0000000000125448                _svfprintf_r
 .text.__submore
                0x0000000000129274       0xa4 /opt/devkitpro/devkitARM/lib/gcc/arm-none-eabi/7.1.0/../../../../arm-none-eabi/lib/armv6k/fpu/libg.a(lib_a-ungetc.o)
                0x0000000000129274                __submore
 .text._wcsnrtombs_l
                0x0000000000129318      0x170 /opt/devkitpro/devkitARM/lib/gcc/arm-none-eabi/7.1.0/../../../../arm-none-eabi/lib/armv6k/fpu/libg.a(lib_a-wcsnrtombs.o)
                0x0000000000129318                _wcsnrtombs_l
 .text._wcsnrtombs_r
                0x0000000000129488       0x64 /opt/devkitpro/devkitARM/lib/gcc/arm-none-eabi/7.1.0/../../../../arm-none-eabi/lib/armv6k/fpu/libg.a(lib_a-wcsnrtombs.o)
                0x0000000000129488                _wcsnrtombs_r
 .text.__utf8_wctomb
                0x00000000001294ec       0xe8 /opt/devkitpro/devkitARM/lib/gcc/arm-none-eabi/7.1.0/../../../../arm-none-eabi/lib/armv6k/fpu/libg.a(lib_a-wctomb_r.o)
                0x00000000001294ec                __utf8_wctomb
 .text._calloc_r
                0x00000000001295d4       0x90 /opt/devkitpro/devkitARM/lib/gcc/arm-none-eabi/7.1.0/../../../../arm-none-eabi/lib/armv6k/fpu/libg.a(lib_a-callocr.o)
                0x00000000001295d4                _calloc_r
 .text._fclose_r
                0x0000000000129664      0x164 /opt/devkitpro/devkitARM/lib/gcc/arm-none-eabi/7.1.0/../../../../arm-none-eabi/lib/armv6k/fpu/libg.a(lib_a-fclose.o)
                0x0000000000129664                _fclose_r
 .text.rshift   0x00000000001297c8      0x104 /opt/devkitpro/devkitARM/lib/gcc/arm-none-eabi/7.1.0/../../../../arm-none-eabi/lib/armv6k/fpu/libg.a(lib_a-gdtoa-gethex.o)
 .text.__gethex
                0x00000000001298cc      0x7f8 /opt/devkitpro/devkitARM/lib/gcc/arm-none-eabi/7.1.0/../../../../arm-none-eabi/lib/armv6k/fpu/libg.a(lib_a-gdtoa-gethex.o)
                0x00000000001298cc                __gethex
 .text.__match  0x000000000012a0c4       0x60 /opt/devkitpro/devkitARM/lib/gcc/arm-none-eabi/7.1.0/../../../../arm-none-eabi/lib/armv6k/fpu/libg.a(lib_a-gdtoa-hexnan.o)
                0x000000000012a0c4                __match
 .text.__hexnan
                0x000000000012a124      0x254 /opt/devkitpro/devkitARM/lib/gcc/arm-none-eabi/7.1.0/../../../../arm-none-eabi/lib/armv6k/fpu/libg.a(lib_a-gdtoa-hexnan.o)
                0x000000000012a124                __hexnan
 .text.null_write
                0x000000000012a378        0x8 /opt/devkitpro/devkitARM/lib/gcc/arm-none-eabi/7.1.0/../../../../arm-none-eabi/lib/armv6k/fpu/libsysbase.a(iosupport.o)
 .text.setDefaultDevice
                0x000000000012a380       0x18 /opt/devkitpro/devkitARM/lib/gcc/arm-none-eabi/7.1.0/../../../../arm-none-eabi/lib/armv6k/fpu/libsysbase.a(iosupport.o)
                0x000000000012a380                setDefaultDevice
 .text.FindDevice
                0x000000000012a398       0xcc /opt/devkitpro/devkitARM/lib/gcc/arm-none-eabi/7.1.0/../../../../arm-none-eabi/lib/armv6k/fpu/libsysbase.a(iosupport.o)
                0x000000000012a398                FindDevice
 .text.RemoveDevice
                0x000000000012a464       0x28 /opt/devkitpro/devkitARM/lib/gcc/arm-none-eabi/7.1.0/../../../../arm-none-eabi/lib/armv6k/fpu/libsysbase.a(iosupport.o)
                0x000000000012a464                RemoveDevice
 .text.AddDevice
                0x000000000012a48c       0x98 /opt/devkitpro/devkitARM/lib/gcc/arm-none-eabi/7.1.0/../../../../arm-none-eabi/lib/armv6k/fpu/libsysbase.a(iosupport.o)
                0x000000000012a48c                AddDevice
 .text._close_r
                0x000000000012a524       0x84 /opt/devkitpro/devkitARM/lib/gcc/arm-none-eabi/7.1.0/../../../../arm-none-eabi/lib/armv6k/fpu/libsysbase.a(close.o)
                0x000000000012a524                _close_r
 .text._fstat_r
                0x000000000012a5a8       0x74 /opt/devkitpro/devkitARM/lib/gcc/arm-none-eabi/7.1.0/../../../../arm-none-eabi/lib/armv6k/fpu/libsysbase.a(fstat.o)
                0x000000000012a5a8                _fstat_r
 .text._isatty_r
                0x000000000012a61c        0x8 /opt/devkitpro/devkitARM/lib/gcc/arm-none-eabi/7.1.0/../../../../arm-none-eabi/lib/armv6k/fpu/libsysbase.a(isatty.o)
                0x000000000012a61c                _isatty_r
 .text._lseek_r
                0x000000000012a624       0x84 /opt/devkitpro/devkitARM/lib/gcc/arm-none-eabi/7.1.0/../../../../arm-none-eabi/lib/armv6k/fpu/libsysbase.a(lseek.o)
                0x000000000012a624                _lseek_r
 .text._read_r  0x000000000012a6a8       0x80 /opt/devkitpro/devkitARM/lib/gcc/arm-none-eabi/7.1.0/../../../../arm-none-eabi/lib/armv6k/fpu/libsysbase.a(read.o)
                0x000000000012a6a8                _read_r
 .text._sbrk_r  0x000000000012a728       0x70 /opt/devkitpro/devkitARM/lib/gcc/arm-none-eabi/7.1.0/../../../../arm-none-eabi/lib/armv6k/fpu/libsysbase.a(sbrk.o)
                0x000000000012a728                _sbrk_r
 .text._write_r
                0x000000000012a798       0x80 /opt/devkitpro/devkitARM/lib/gcc/arm-none-eabi/7.1.0/../../../../arm-none-eabi/lib/armv6k/fpu/libsysbase.a(write.o)
                0x000000000012a798                _write_r
 .text._concatenate_path
                0x000000000012a818      0x1cc /opt/devkitpro/devkitARM/lib/gcc/arm-none-eabi/7.1.0/../../../../arm-none-eabi/lib/armv6k/fpu/libsysbase.a(chdir.o)
                0x000000000012a818                _concatenate_path
 .text.chdir    0x000000000012a9e4      0x15c /opt/devkitpro/devkitARM/lib/gcc/arm-none-eabi/7.1.0/../../../../arm-none-eabi/lib/armv6k/fpu/libsysbase.a(chdir.o)
                0x000000000012a9e4                chdir
 .text.__flockfile
                0x000000000012ab40        0x8 /opt/devkitpro/devkitARM/lib/gcc/arm-none-eabi/7.1.0/../../../../arm-none-eabi/lib/armv6k/fpu/libsysbase.a(flock.o)
                0x000000000012ab40                __flockfile
 .text.__funlockfile
                0x000000000012ab48        0x8 /opt/devkitpro/devkitARM/lib/gcc/arm-none-eabi/7.1.0/../../../../arm-none-eabi/lib/armv6k/fpu/libsysbase.a(flock.o)
                0x000000000012ab48                __funlockfile
 .text.__libc_lock_acquire
                0x000000000012ab50       0x18 /opt/devkitpro/devkitARM/lib/gcc/arm-none-eabi/7.1.0/../../../../arm-none-eabi/lib/armv6k/fpu/libsysbase.a(syscall_support.o)
                0x000000000012ab50                __libc_lock_acquire
 .text.__libc_lock_release
                0x000000000012ab68       0x18 /opt/devkitpro/devkitARM/lib/gcc/arm-none-eabi/7.1.0/../../../../arm-none-eabi/lib/armv6k/fpu/libsysbase.a(syscall_support.o)
                0x000000000012ab68                __libc_lock_release
 .text.__libc_lock_init_recursive
                0x000000000012ab80       0x18 /opt/devkitpro/devkitARM/lib/gcc/arm-none-eabi/7.1.0/../../../../arm-none-eabi/lib/armv6k/fpu/libsysbase.a(syscall_support.o)
                0x000000000012ab80                __libc_lock_init_recursive
 .text.__libc_lock_acquire_recursive
                0x000000000012ab98       0x18 /opt/devkitpro/devkitARM/lib/gcc/arm-none-eabi/7.1.0/../../../../arm-none-eabi/lib/armv6k/fpu/libsysbase.a(syscall_support.o)
                0x000000000012ab98                __libc_lock_acquire_recursive
 .text.__libc_lock_release_recursive
                0x000000000012abb0       0x18 /opt/devkitpro/devkitARM/lib/gcc/arm-none-eabi/7.1.0/../../../../arm-none-eabi/lib/armv6k/fpu/libsysbase.a(syscall_support.o)
                0x000000000012abb0                __libc_lock_release_recursive
 .text.__libc_lock_close_recursive
                0x000000000012abc8       0x18 /opt/devkitpro/devkitARM/lib/gcc/arm-none-eabi/7.1.0/../../../../arm-none-eabi/lib/armv6k/fpu/libsysbase.a(syscall_support.o)
                0x000000000012abc8                __libc_lock_close_recursive
 .text.__release_handle
                0x000000000012abe0       0x8c /opt/devkitpro/devkitARM/lib/gcc/arm-none-eabi/7.1.0/../../../../arm-none-eabi/lib/armv6k/fpu/libsysbase.a(handle_manager.o)
                0x000000000012abe0                __release_handle
 .text.__get_handle
                0x000000000012ac6c       0x18 /opt/devkitpro/devkitARM/lib/gcc/arm-none-eabi/7.1.0/../../../../arm-none-eabi/lib/armv6k/fpu/libsysbase.a(handle_manager.o)
                0x000000000012ac6c                __get_handle
 .text.__getreent
                0x000000000012ac84       0x28 /opt/devkitpro/devkitARM/lib/gcc/arm-none-eabi/7.1.0/../../../../arm-none-eabi/lib/armv6k/fpu/libsysbase.a(getreent.o)
                0x000000000012ac84                __getreent
 .text.strrchr  0x000000000012acac       0x44 /opt/devkitpro/devkitARM/lib/gcc/arm-none-eabi/7.1.0/../../../../arm-none-eabi/lib/armv6k/fpu/libg.a(lib_a-strrchr.o)
                0x000000000012acac                strrchr
 *(.glue_7)
 .glue_7        0x000000000012acf0        0x0 linker stubs
 *(.glue_7t)
 .glue_7t       0x000000000012acf0        0x0 linker stubs
 *(.stub)
 *(.gnu.warning)
 *(.gnu.linkonce.t*)
                0x000000000012acf0                . = ALIGN (0x4)
 *(.fini)
 .fini          0x000000000012acf0        0xc /opt/devkitpro/devkitARM/lib/gcc/arm-none-eabi/7.1.0/armv6k/fpu/crti.o
                0x000000000012acf0                _fini
 .fini          0x000000000012acfc        0xc /opt/devkitpro/devkitARM/lib/gcc/arm-none-eabi/7.1.0/armv6k/fpu/crtn.o
                0x000000000012ad08                . = ALIGN (0x4)

.vfp11_veneer   0x000000000012ad08        0x0
 .vfp11_veneer  0x000000000012ad08        0x0 linker stubs

.v4_bx          0x000000000012ad08        0x0
 .v4_bx         0x000000000012ad08        0x0 linker stubs

.iplt           0x000000000012ad08        0x0
 .iplt          0x000000000012ad08        0x0 /opt/devkitpro/devkitARM/lib/gcc/arm-none-eabi/7.1.0/../../../../arm-none-eabi/lib/armv6k/fpu/3dsx_crt0.o
                0x000000000012b000                . = ALIGN (0x1000)

.rodata         0x000000000012b000    0x3ca50
 *(.rodata)
 .rodata        0x000000000012b000    0x38404 brew.bgr.o
                0x000000000012b000                brew_bgr
                0x0000000000163400                brew_bgr_end
                0x0000000000163400                brew_bgr_size
 .rodata        0x0000000000163404      0x804 /opt/devkitpro/libctru/lib/libctru.a(default_font.bin.o)
                0x0000000000163404                default_font_bin
                0x0000000000163c04                default_font_bin_end
                0x0000000000163c04                default_font_bin_size
 .rodata        0x0000000000163c08        0xc /opt/devkitpro/libctru/lib/libctru.a(sdmc_dev.o)
 *(.roda)
 *(.rodata.*)
 .rodata.str1.4
                0x0000000000163c14       0xdf main.o
 *fill*         0x0000000000163cf3        0x1 
 .rodata.colorTable
                0x0000000000163cf4       0x30 /opt/devkitpro/libctru/lib/libctru.a(console.o)
 .rodata.con_write.str1.4
                0x0000000000163d24       0x52 /opt/devkitpro/libctru/lib/libctru.a(console.o)
 *fill*         0x0000000000163d76        0x2 
 .rodata.dotab_stdout
                0x0000000000163d78       0x68 /opt/devkitpro/libctru/lib/libctru.a(console.o)
 .rodata.str1.4
                0x0000000000163de0       0x10 /opt/devkitpro/libctru/lib/libctru.a(console.o)
 .rodata.CSWTCH.61
                0x0000000000163df0       0x14 /opt/devkitpro/libctru/lib/libctru.a(gfx.o)
 .rodata.framebufferInfoSt
                0x0000000000163e04        0x8 /opt/devkitpro/libctru/lib/libctru.a(gfx.o)
 .rodata.gspInit.str1.4
                0x0000000000163e0c        0x9 /opt/devkitpro/libctru/lib/libctru.a(gspgpu.o)
 *fill*         0x0000000000163e15        0x3 
 .rodata.aptSendCommand.str1.4
                0x0000000000163e18       0x16 /opt/devkitpro/libctru/lib/libctru.a(apt.o)
 *fill*         0x0000000000163e2e        0x2 
 .rodata.hidInit.str1.4
                0x0000000000163e30       0x15 /opt/devkitpro/libctru/lib/libctru.a(hid.o)
 *fill*         0x0000000000163e45        0x3 
 .rodata.srvInit.str1.4
                0x0000000000163e48        0x5 /opt/devkitpro/libctru/lib/libctru.a(srv.o)
 *fill*         0x0000000000163e4d        0x3 
 .rodata.irrstInit.str1.4
                0x0000000000163e50        0x7 /opt/devkitpro/libctru/lib/libctru.a(irrst.o)
 *fill*         0x0000000000163e57        0x1 
 .rodata.ptmSysmInit.str1.4
                0x0000000000163e58        0x9 /opt/devkitpro/libctru/lib/libctru.a(ptmsysm.o)
 *fill*         0x0000000000163e61        0x3 
 .rodata.error_table
                0x0000000000163e64       0x30 /opt/devkitpro/libctru/lib/libctru.a(sdmc_dev.o)
 .rodata.sdmcExit.str1.4
                0x0000000000163e94        0x6 /opt/devkitpro/libctru/lib/libctru.a(sdmc_dev.o)
 *fill*         0x0000000000163e9a        0x2 
 .rodata.str1.4
                0x0000000000163e9c        0x5 /opt/devkitpro/libctru/lib/libctru.a(sdmc_dev.o)
                                          0x9 (size before relaxing)
 *fill*         0x0000000000163ea1        0x3 
 .rodata.fsInit.str1.4
                0x0000000000163ea4        0x8 /opt/devkitpro/libctru/lib/libctru.a(fs.o)
 .rodata._puts_r.str1.4
                0x0000000000163eac        0x2 /opt/devkitpro/devkitARM/lib/gcc/arm-none-eabi/7.1.0/../../../../arm-none-eabi/lib/armv6k/fpu/libg.a(lib_a-puts.o)
 *fill*         0x0000000000163eae        0x2 
 .rodata.__ssvfscanf_r.str1.4
                0x0000000000163eb0        0x5 /opt/devkitpro/devkitARM/lib/gcc/arm-none-eabi/7.1.0/../../../../arm-none-eabi/lib/armv6k/fpu/libg.a(lib_a-svfscanf.o)
 *fill*         0x0000000000163eb5        0x3 
 .rodata.basefix.8603
                0x0000000000163eb8       0x22 /opt/devkitpro/devkitARM/lib/gcc/arm-none-eabi/7.1.0/../../../../arm-none-eabi/lib/armv6k/fpu/libg.a(lib_a-svfscanf.o)
 *fill*         0x0000000000163eda        0x2 
 .rodata._vfprintf_r.str1.4
                0x0000000000163edc       0x42 /opt/devkitpro/devkitARM/lib/gcc/arm-none-eabi/7.1.0/../../../../arm-none-eabi/lib/armv6k/fpu/libg.a(lib_a-vfprintf.o)
 *fill*         0x0000000000163f1e        0x2 
 .rodata.blanks.8577
                0x0000000000163f20       0x10 /opt/devkitpro/devkitARM/lib/gcc/arm-none-eabi/7.1.0/../../../../arm-none-eabi/lib/armv6k/fpu/libg.a(lib_a-vfprintf.o)
 .rodata.zeroes.8578
                0x0000000000163f30       0x10 /opt/devkitpro/devkitARM/lib/gcc/arm-none-eabi/7.1.0/../../../../arm-none-eabi/lib/armv6k/fpu/libg.a(lib_a-vfprintf.o)
 .rodata._dtoa_r.str1.4
                0x0000000000163f40       0x10 /opt/devkitpro/devkitARM/lib/gcc/arm-none-eabi/7.1.0/../../../../arm-none-eabi/lib/armv6k/fpu/libg.a(lib_a-dtoa.o)
                                         0x12 (size before relaxing)
 .rodata._jp2uc.str1.4
                0x0000000000163f50       0x12 /opt/devkitpro/devkitARM/lib/gcc/arm-none-eabi/7.1.0/../../../../arm-none-eabi/lib/armv6k/fpu/libg.a(lib_a-jp2uc.o)
 *fill*         0x0000000000163f62        0x2 
 .rodata.a1     0x0000000000163f64       0xbc /opt/devkitpro/devkitARM/lib/gcc/arm-none-eabi/7.1.0/../../../../arm-none-eabi/lib/armv6k/fpu/libg.a(lib_a-jp2uc.o)
 .rodata.a2     0x0000000000164020       0xbc /opt/devkitpro/devkitARM/lib/gcc/arm-none-eabi/7.1.0/../../../../arm-none-eabi/lib/armv6k/fpu/libg.a(lib_a-jp2uc.o)
 .rodata.a3     0x00000000001640dc       0x5b /opt/devkitpro/devkitARM/lib/gcc/arm-none-eabi/7.1.0/../../../../arm-none-eabi/lib/armv6k/fpu/libg.a(lib_a-jp2uc.o)
 *fill*         0x0000000000164137        0x1 
 .rodata.a6     0x0000000000164138       0x70 /opt/devkitpro/devkitARM/lib/gcc/arm-none-eabi/7.1.0/../../../../arm-none-eabi/lib/armv6k/fpu/libg.a(lib_a-jp2uc.o)
 .rodata.a7     0x00000000001641a8       0xa2 /opt/devkitpro/devkitARM/lib/gcc/arm-none-eabi/7.1.0/../../../../arm-none-eabi/lib/armv6k/fpu/libg.a(lib_a-jp2uc.o)
 *fill*         0x000000000016424a        0x2 
 .rodata.a8     0x000000000016424c       0x40 /opt/devkitpro/devkitARM/lib/gcc/arm-none-eabi/7.1.0/../../../../arm-none-eabi/lib/armv6k/fpu/libg.a(lib_a-jp2uc.o)
 .rodata.b02cf  0x000000000016428c     0x172a /opt/devkitpro/devkitARM/lib/gcc/arm-none-eabi/7.1.0/../../../../arm-none-eabi/lib/armv6k/fpu/libg.a(lib_a-jp2uc.o)
 *fill*         0x00000000001659b6        0x2 
 .rodata.d02f4  0x00000000001659b8     0x1a7c /opt/devkitpro/devkitARM/lib/gcc/arm-none-eabi/7.1.0/../../../../arm-none-eabi/lib/armv6k/fpu/libg.a(lib_a-jp2uc.o)
 .rodata.str1.4
                0x0000000000167434       0x48 /opt/devkitpro/devkitARM/lib/gcc/arm-none-eabi/7.1.0/../../../../arm-none-eabi/lib/armv6k/fpu/libg.a(lib_a-locale.o)
                                         0x4c (size before relaxing)
 .rodata._mbrtowc_r.str1.4
                0x000000000016747c        0x1 /opt/devkitpro/devkitARM/lib/gcc/arm-none-eabi/7.1.0/../../../../arm-none-eabi/lib/armv6k/fpu/libg.a(lib_a-mbrtowc.o)
 *fill*         0x000000000016747c        0x4 
 .rodata.__mprec_bigtens
                0x0000000000167480       0x28 /opt/devkitpro/devkitARM/lib/gcc/arm-none-eabi/7.1.0/../../../../arm-none-eabi/lib/armv6k/fpu/libg.a(lib_a-mprec.o)
                0x0000000000167480                __mprec_bigtens
 .rodata.__mprec_tens
                0x00000000001674a8       0xc8 /opt/devkitpro/devkitARM/lib/gcc/arm-none-eabi/7.1.0/../../../../arm-none-eabi/lib/armv6k/fpu/libg.a(lib_a-mprec.o)
                0x00000000001674a8                __mprec_tens
 .rodata.p05.7353
                0x0000000000167570        0xc /opt/devkitpro/devkitARM/lib/gcc/arm-none-eabi/7.1.0/../../../../arm-none-eabi/lib/armv6k/fpu/libg.a(lib_a-mprec.o)
 .rodata._strtod_l.str1.4
                0x000000000016757c        0xf /opt/devkitpro/devkitARM/lib/gcc/arm-none-eabi/7.1.0/../../../../arm-none-eabi/lib/armv6k/fpu/libg.a(lib_a-strtod.o)
 *fill*         0x000000000016758b        0x1 
 .rodata.fpi.7439
                0x000000000016758c       0x14 /opt/devkitpro/devkitARM/lib/gcc/arm-none-eabi/7.1.0/../../../../arm-none-eabi/lib/armv6k/fpu/libg.a(lib_a-strtod.o)
 .rodata.fpinan.7475
                0x00000000001675a0       0x14 /opt/devkitpro/devkitARM/lib/gcc/arm-none-eabi/7.1.0/../../../../arm-none-eabi/lib/armv6k/fpu/libg.a(lib_a-strtod.o)
 *fill*         0x00000000001675b4        0x4 
 .rodata.tinytens
                0x00000000001675b8       0x28 /opt/devkitpro/devkitARM/lib/gcc/arm-none-eabi/7.1.0/../../../../arm-none-eabi/lib/armv6k/fpu/libg.a(lib_a-strtod.o)
 .rodata.__action_table
                0x00000000001675e0       0x6c /opt/devkitpro/devkitARM/lib/gcc/arm-none-eabi/7.1.0/../../../../arm-none-eabi/lib/armv6k/fpu/libg.a(lib_a-svfiprintf.o)
                0x00000000001675e0                __action_table
 .rodata.__chclass
                0x000000000016764c      0x100 /opt/devkitpro/devkitARM/lib/gcc/arm-none-eabi/7.1.0/../../../../arm-none-eabi/lib/armv6k/fpu/libg.a(lib_a-svfiprintf.o)
                0x000000000016764c                __chclass
 .rodata.__state_table
                0x000000000016774c       0x6c /opt/devkitpro/devkitARM/lib/gcc/arm-none-eabi/7.1.0/../../../../arm-none-eabi/lib/armv6k/fpu/libg.a(lib_a-svfiprintf.o)
                0x000000000016774c                __state_table
 .rodata._svfprintf_r.str1.4
                0x00000000001677b8       0x42 /opt/devkitpro/devkitARM/lib/gcc/arm-none-eabi/7.1.0/../../../../arm-none-eabi/lib/armv6k/fpu/libg.a(lib_a-svfprintf.o)
 .rodata.blanks.8562
                0x00000000001677b8       0x10 /opt/devkitpro/devkitARM/lib/gcc/arm-none-eabi/7.1.0/../../../../arm-none-eabi/lib/armv6k/fpu/libg.a(lib_a-svfprintf.o)
 .rodata.zeroes.8563
                0x00000000001677c8       0x10 /opt/devkitpro/devkitARM/lib/gcc/arm-none-eabi/7.1.0/../../../../arm-none-eabi/lib/armv6k/fpu/libg.a(lib_a-svfprintf.o)
 .rodata._ctype_
                0x00000000001677d8      0x101 /opt/devkitpro/devkitARM/lib/gcc/arm-none-eabi/7.1.0/../../../../arm-none-eabi/lib/armv6k/fpu/libg.a(lib_a-ctype_.o)
                0x00000000001677d8                _ctype_
 *fill*         0x00000000001678d9        0x3 
 .rodata.__hexdig
                0x00000000001678dc      0x100 /opt/devkitpro/devkitARM/lib/gcc/arm-none-eabi/7.1.0/../../../../arm-none-eabi/lib/armv6k/fpu/libg.a(lib_a-gdtoa-gethex.o)
                0x00000000001678dc                __hexdig
 .rodata.AddDevice.str1.4
                0x00000000001679dc        0x8 /opt/devkitpro/devkitARM/lib/gcc/arm-none-eabi/7.1.0/../../../../arm-none-eabi/lib/armv6k/fpu/libsysbase.a(iosupport.o)
 .rodata.dotab_stdnull
                0x00000000001679e4       0x68 /opt/devkitpro/devkitARM/lib/gcc/arm-none-eabi/7.1.0/../../../../arm-none-eabi/lib/armv6k/fpu/libsysbase.a(iosupport.o)
                0x00000000001679e4                dotab_stdnull
 .rodata.DIRECTORY_PARENT
                0x0000000000167a4c        0x3 /opt/devkitpro/devkitARM/lib/gcc/arm-none-eabi/7.1.0/../../../../arm-none-eabi/lib/armv6k/fpu/libsysbase.a(chdir.o)
                0x0000000000167a4c                DIRECTORY_PARENT
 *all.rodata*(*)
 *(.gnu.linkonce.r*)
                0x0000000000167a50                . = ALIGN (0x4)
 *fill*         0x0000000000167a4f        0x1 

.eh_frame       0x0000000000167a50        0x0
 .eh_frame      0x0000000000167a50        0x0 /opt/devkitpro/devkitARM/lib/gcc/arm-none-eabi/7.1.0/armv6k/fpu/crtbegin.o

.rel.dyn        0x0000000000167a50        0x0
 .rel.iplt      0x0000000000167a50        0x0 /opt/devkitpro/devkitARM/lib/gcc/arm-none-eabi/7.1.0/../../../../arm-none-eabi/lib/armv6k/fpu/3dsx_crt0.o

.ARM.extab
 *(.ARM.extab* .gnu.linkonce.armextab.*)
                0x0000000000167a50                __exidx_start = .

ARM.exidx
 *(.ARM.exidx* .gnu.linkonce.armexidx.*)
                0x0000000000167a50                __exidx_end = .
                0x0000000000168000                . = ALIGN (0x1000)

.data           0x0000000000168000     0x2f4c
 *(.data)
 .data          0x0000000000168000        0x4 /opt/devkitpro/libctru/lib/libctru.a(stack_adjust.o)
                0x0000000000168000                __stacksize__
 *(.data.*)
 .data.currentConsole
                0x0000000000168004        0x4 /opt/devkitpro/libctru/lib/libctru.a(console.o)
                0x0000000000168004                currentConsole
 .data.defaultConsole
                0x0000000000168008       0x4c /opt/devkitpro/libctru/lib/libctru.a(console.o)
                0x0000000000168008                defaultConsole
 .data.firstConsoleInit.7969
                0x0000000000168054        0x1 /opt/devkitpro/libctru/lib/libctru.a(console.o)
 .data.botFormat
                0x0000000000168055        0x1 /opt/devkitpro/libctru/lib/libctru.a(gfx.o)
 *fill*         0x0000000000168056        0x2 
 .data.doubleBuf
                0x0000000000168058        0x8 /opt/devkitpro/libctru/lib/libctru.a(gfx.o)
 .data.topFormat
                0x0000000000168060        0x1 /opt/devkitpro/libctru/lib/libctru.a(gfx.o)
 *fill*         0x0000000000168061        0x3 
 .data.gspLastEvent
                0x0000000000168064        0x4 /opt/devkitpro/libctru/lib/libctru.a(gspgpu.o)
 .data.aptFlags
                0x0000000000168068        0x4 /opt/devkitpro/libctru/lib/libctru.a(apt.o)
 .data.__ctru_linear_heap_size
                0x000000000016806c        0x4 /opt/devkitpro/libctru/lib/libctru.a(allocateHeaps.o)
                0x000000000016806c                __ctru_linear_heap_size
 .data.__cwd    0x0000000000168070      0x401 /opt/devkitpro/libctru/lib/libctru.a(sdmc_dev.o)
 *fill*         0x0000000000168471        0x3 
 .data.sdmc_devoptab
                0x0000000000168474       0x68 /opt/devkitpro/libctru/lib/libctru.a(sdmc_dev.o)
 .data._impure_ptr
                0x00000000001684dc        0x4 /opt/devkitpro/devkitARM/lib/gcc/arm-none-eabi/7.1.0/../../../../arm-none-eabi/lib/armv6k/fpu/libg.a(lib_a-impure.o)
                0x00000000001684dc                _impure_ptr
 .data.impure_data
                0x00000000001684e0      0x460 /opt/devkitpro/devkitARM/lib/gcc/arm-none-eabi/7.1.0/../../../../arm-none-eabi/lib/armv6k/fpu/libg.a(lib_a-impure.o)
 .data.__malloc_av_
                0x0000000000168940      0x408 /opt/devkitpro/devkitARM/lib/gcc/arm-none-eabi/7.1.0/../../../../arm-none-eabi/lib/armv6k/fpu/libg.a(lib_a-mallocr.o)
                0x0000000000168940                __malloc_av_
 .data.__malloc_sbrk_base
                0x0000000000168d48        0x4 /opt/devkitpro/devkitARM/lib/gcc/arm-none-eabi/7.1.0/../../../../arm-none-eabi/lib/armv6k/fpu/libg.a(lib_a-mallocr.o)
                0x0000000000168d48                __malloc_sbrk_base
 .data.__malloc_trim_threshold
                0x0000000000168d4c        0x4 /opt/devkitpro/devkitARM/lib/gcc/arm-none-eabi/7.1.0/../../../../arm-none-eabi/lib/armv6k/fpu/libg.a(lib_a-mallocr.o)
                0x0000000000168d4c                __malloc_trim_threshold
 .data.__malloc_lock_object
                0x0000000000168d50        0xc /opt/devkitpro/devkitARM/lib/gcc/arm-none-eabi/7.1.0/../../../../arm-none-eabi/lib/armv6k/fpu/libg.a(lib_a-mlock.o)
 .data.__sfp_lock
                0x0000000000168d5c        0xc /opt/devkitpro/devkitARM/lib/gcc/arm-none-eabi/7.1.0/../../../../arm-none-eabi/lib/armv6k/fpu/libg.a(lib_a-findfp.o)
 .data.__sinit_lock
                0x0000000000168d68        0xc /opt/devkitpro/devkitARM/lib/gcc/arm-none-eabi/7.1.0/../../../../arm-none-eabi/lib/armv6k/fpu/libg.a(lib_a-findfp.o)
 .data.__global_locale
                0x0000000000168d74      0x16c /opt/devkitpro/devkitARM/lib/gcc/arm-none-eabi/7.1.0/../../../../arm-none-eabi/lib/armv6k/fpu/libg.a(lib_a-locale.o)
                0x0000000000168d74                __global_locale
 .data.defaultDevice
                0x0000000000168ee0        0x4 /opt/devkitpro/devkitARM/lib/gcc/arm-none-eabi/7.1.0/../../../../arm-none-eabi/lib/armv6k/fpu/libsysbase.a(iosupport.o)
 .data.devoptab_list
                0x0000000000168ee4       0x40 /opt/devkitpro/devkitARM/lib/gcc/arm-none-eabi/7.1.0/../../../../arm-none-eabi/lib/armv6k/fpu/libsysbase.a(iosupport.o)
                0x0000000000168ee4                devoptab_list
 .data._current_working_directory
                0x0000000000168f24     0x1000 /opt/devkitpro/devkitARM/lib/gcc/arm-none-eabi/7.1.0/../../../../arm-none-eabi/lib/armv6k/fpu/libsysbase.a(chdir.o)
 .data.__hndl_lock
                0x0000000000169f24        0x4 /opt/devkitpro/devkitARM/lib/gcc/arm-none-eabi/7.1.0/../../../../arm-none-eabi/lib/armv6k/fpu/libsysbase.a(handle_manager.o)
 .data.__stderr_handle
                0x0000000000169f28        0xc /opt/devkitpro/devkitARM/lib/gcc/arm-none-eabi/7.1.0/../../../../arm-none-eabi/lib/armv6k/fpu/libsysbase.a(handle_manager.o)
 .data.__stdin_handle
                0x0000000000169f34        0xc /opt/devkitpro/devkitARM/lib/gcc/arm-none-eabi/7.1.0/../../../../arm-none-eabi/lib/armv6k/fpu/libsysbase.a(handle_manager.o)
 .data.__stdout_handle
                0x0000000000169f40        0xc /opt/devkitpro/devkitARM/lib/gcc/arm-none-eabi/7.1.0/../../../../arm-none-eabi/lib/armv6k/fpu/libsysbase.a(handle_manager.o)
 .data.handles  0x0000000000169f4c     0x1000 /opt/devkitpro/devkitARM/lib/gcc/arm-none-eabi/7.1.0/../../../../arm-none-eabi/lib/armv6k/fpu/libsysbase.a(handle_manager.o)
 *(.gnu.linkonce.d*)
                0x000000000016af4c                . = ALIGN (0x4)

.igot.plt       0x000000000016af4c        0x0
 .igot.plt      0x000000000016af4c        0x0 /opt/devkitpro/devkitARM/lib/gcc/arm-none-eabi/7.1.0/../../../../arm-none-eabi/lib/armv6k/fpu/3dsx_crt0.o

.tm_clone_table
                0x000000000016af4c        0x0
 .tm_clone_table
                0x000000000016af4c        0x0 /opt/devkitpro/devkitARM/lib/gcc/arm-none-eabi/7.1.0/armv6k/fpu/crtbegin.o
 .tm_clone_table
                0x000000000016af4c        0x0 /opt/devkitpro/devkitARM/lib/gcc/arm-none-eabi/7.1.0/armv6k/fpu/crtend.o
                0x000000000016af4c                __TMC_END__

.tdata          0x000000000016af4c        0x0
                0x000000000016af4c                __tdata_lma = .
 *(.tdata)
 *(.tdata.*)
 *(.gnu.linkonce.td.*)
                0x000000000016af4c                . = ALIGN (0x4)
                0x000000000016af4c                __tdata_lma_end = .

.tbss           0x000000000016af4c     0x140c
 *(.tbss)
 *(.tbss.*)
 .tbss.__fixedpath
                0x000000000016af4c      0x401 /opt/devkitpro/libctru/lib/libctru.a(sdmc_dev.o)
 *fill*         0x000000000016b34d        0x3 
 .tbss.__utf16path
                0x000000000016b350      0x802 /opt/devkitpro/libctru/lib/libctru.a(sdmc_dev.o)
 *fill*         0x000000000016bb52        0x2 
 .tbss.__utf16path_old.8107
                0x000000000016bb54      0x802 /opt/devkitpro/libctru/lib/libctru.a(sdmc_dev.o)
 *(.gnu.linkonce.tb.*)
 *(.tcommon)
                0x000000000016c358                . = ALIGN (0x4)
 *fill*         0x000000000016c356        0x2 

.preinit_array  0x000000000016af4c        0x0
                0x000000000016af4c                PROVIDE (__preinit_array_start, .)
 *(.preinit_array)
                0x000000000016af4c                PROVIDE (__preinit_array_end, .)

.init_array     0x000000000016af4c        0x4
                0x000000000016af4c                PROVIDE (__init_array_start, .)
 *(SORT(.init_array.*))
 *(.init_array)
 .init_array    0x000000000016af4c        0x4 /opt/devkitpro/devkitARM/lib/gcc/arm-none-eabi/7.1.0/armv6k/fpu/crtbegin.o
                0x000000000016af50                PROVIDE (__init_array_end, .)

.fini_array     0x000000000016af50        0x4
                0x000000000016af50                PROVIDE (__fini_array_start, .)
 *(.fini_array)
 .fini_array    0x000000000016af50        0x4 /opt/devkitpro/devkitARM/lib/gcc/arm-none-eabi/7.1.0/armv6k/fpu/crtbegin.o
 *(SORT(.fini_array.*))
                0x000000000016af54                PROVIDE (__fini_array_end, .)

.ctors
 *crtbegin.o(.ctors)
 *(EXCLUDE_FILE(*crtend.o) .ctors)
 *(SORT(.ctors.*))
 *(.ctors)

.dtors
 *crtbegin.o(.dtors)
 *(EXCLUDE_FILE(*crtend.o) .dtors)
 *(SORT(.dtors.*))
 *(.dtors)
                0x000000000016af54                __bss_start__ = .

.bss            0x000000000016af54     0x37d8
 *(.dynbss)
 *(.bss)
 .bss           0x000000000016af54        0x8 /opt/devkitpro/libctru/lib/libctru.a(stack_adjust.o)
 *(.bss.*)
 .bss.completed.7759