Archive member included to satisfy reference by file (symbol)

/opt/devkitpro/libnx/lib/libnx.a(console.o)
                              main.o (consoleInit)
/opt/devkitpro/libnx/lib/libnx.a(applet.o)
                              main.o (appletMainLoop)
/opt/devkitpro/libnx/lib/libnx.a(hid.o)
                              main.o (hidKeysHeld)
/opt/devkitpro/libnx/lib/libnx.a(sm.o)
                              /opt/devkitpro/libnx/lib/libnx.a(applet.o) (smGetService)
/opt/devkitpro/libnx/lib/libnx.a(fatal.o)
                              /opt/devkitpro/libnx/lib/libnx.a(applet.o) (fatalSimple)
/opt/devkitpro/libnx/lib/libnx.a(apm.o)
                              /opt/devkitpro/libnx/lib/libnx.a(applet.o) (apmExit)
/opt/devkitpro/libnx/lib/libnx.a(gfx.o)
                              /opt/devkitpro/libnx/lib/libnx.a(console.o) (g_gfx_framebuf_display_height)
/opt/devkitpro/libnx/lib/libnx.a(nvgfx.o)
                              /opt/devkitpro/libnx/lib/libnx.a(gfx.o) (nvgfxInitialize)
/opt/devkitpro/libnx/lib/libnx.a(nvhost-ctrl.o)
                              /opt/devkitpro/libnx/lib/libnx.a(nvgfx.o) (nvioctlNvhostCtrl_EventWait)
/opt/devkitpro/libnx/lib/libnx.a(nvhost-ctrl-gpu.o)
                              /opt/devkitpro/libnx/lib/libnx.a(nvgfx.o) (nvioctlNvhostCtrlGpu_ZCullGetCtxSize)
/opt/devkitpro/libnx/lib/libnx.a(nvhost-as-gpu.o)
                              /opt/devkitpro/libnx/lib/libnx.a(nvgfx.o) (nvioctlNvhostAsGpu_BindChannel)
/opt/devkitpro/libnx/lib/libnx.a(channel.o)
                              /opt/devkitpro/libnx/lib/libnx.a(nvgfx.o) (nvioctlChannel_SetNvmapFd)
/opt/devkitpro/libnx/lib/libnx.a(nvmap.o)
                              /opt/devkitpro/libnx/lib/libnx.a(nvgfx.o) (nvioctlNvmap_Create)
/opt/devkitpro/libnx/lib/libnx.a(cache.o)
                              /opt/devkitpro/libnx/lib/libnx.a(gfx.o) (armDCacheFlush)
/opt/devkitpro/libnx/lib/libnx.a(switch_crt0.o)
                              (_start)
/opt/devkitpro/libnx/lib/libnx.a(svc.o)
                              /opt/devkitpro/libnx/lib/libnx.a(applet.o) (svcSleepThread)
/opt/devkitpro/libnx/lib/libnx.a(default_font.bin.o)
                              /opt/devkitpro/libnx/lib/libnx.a(console.o) (default_font_bin)
/opt/devkitpro/libnx/lib/libnx.a(dynamic.o)
                              /opt/devkitpro/libnx/lib/libnx.a(switch_crt0.o) (__nx_dynamic)
/opt/devkitpro/libnx/lib/libnx.a(init.o)
                              /opt/devkitpro/libnx/lib/libnx.a(switch_crt0.o) (__libnx_init)
/opt/devkitpro/libnx/lib/libnx.a(env.o)
                              /opt/devkitpro/libnx/lib/libnx.a(init.o) (envSetup)
/opt/devkitpro/libnx/lib/libnx.a(newlib.o)
                              /opt/devkitpro/libnx/lib/libnx.a(init.o) (newlibSetup)
/opt/devkitpro/libnx/lib/libnx.a(argv.o)
                              /opt/devkitpro/libnx/lib/libnx.a(init.o) (argvSetup)
/opt/devkitpro/libnx/lib/libnx.a(detect.o)
                              /opt/devkitpro/libnx/lib/libnx.a(applet.o) (kernelAbove200)
/opt/devkitpro/libnx/lib/libnx.a(shmem.o)
                              /opt/devkitpro/libnx/lib/libnx.a(hid.o) (shmemLoadRemote)
/opt/devkitpro/libnx/lib/libnx.a(rwlock.o)
                              /opt/devkitpro/libnx/lib/libnx.a(hid.o) (rwlockReadLock)
/opt/devkitpro/libnx/lib/libnx.a(mutex.o)
                              /opt/devkitpro/libnx/lib/libnx.a(newlib.o) (mutexLock)
/opt/devkitpro/libnx/lib/libnx.a(virtmem.o)
                              /opt/devkitpro/libnx/lib/libnx.a(init.o) (virtmemSetup)
/opt/devkitpro/libnx/lib/libnx.a(fs_dev.o)
                              /opt/devkitpro/libnx/lib/libnx.a(init.o) (fsdevInit)
/opt/devkitpro/libnx/lib/libnx.a(nv.o)
                              /opt/devkitpro/libnx/lib/libnx.a(gfx.o) (nvExit)
/opt/devkitpro/libnx/lib/libnx.a(time.o)
                              /opt/devkitpro/libnx/lib/libnx.a(init.o) (timeExit)
/opt/devkitpro/libnx/lib/libnx.a(vi.o)
                              /opt/devkitpro/libnx/lib/libnx.a(gfx.o) (viExit)
/opt/devkitpro/libnx/lib/libnx.a(fs.o)
                              /opt/devkitpro/libnx/lib/libnx.a(init.o) (fsInitialize)
/opt/devkitpro/libnx/lib/libnx.a(buffer_producer.o)
                              /opt/devkitpro/libnx/lib/libnx.a(gfx.o) (bufferProducerInitialize)
/opt/devkitpro/libnx/lib/libnx.a(binder.o)
                              /opt/devkitpro/libnx/lib/libnx.a(gfx.o) (binderCreateSession)
/opt/devkitpro/libnx/lib/libnx.a(parcel.o)
                              /opt/devkitpro/libnx/lib/libnx.a(buffer_producer.o) (parcelInitialize)
/opt/devkitpro/libnx/lib/libnx.a(decode_utf8.o)
                              /opt/devkitpro/libnx/lib/libnx.a(fs_dev.o) (decode_utf8)
/opt/devkitpro/libnx/lib/libnx.a(readtp.o)
                              /opt/devkitpro/libnx/lib/libnx.a(fs_dev.o) (__aarch64_read_tp)
/opt/devkitpro/libnx/lib/libnx.a(tmem.o)
                              /opt/devkitpro/libnx/lib/libnx.a(nv.o) (tmemCreate)
[...]
Memory Configuration

Name             Origin             Length             Attributes
*default*        0x0000000000000000 0xffffffffffffffff

Linker script and memory map

                0x0000000000000000                PROVIDE (__start__ = 0x0)
                0x0000000000000000                . = __start__

.crt0           0x0000000000000000      0x118
 *(.crt0)
 .crt0          0x0000000000000000      0x114 /opt/devkitpro/libnx/lib/libnx.a(switch_crt0.o)
                0x0000000000000000                _start
                0x0000000000000104                __nx_exit
                0x0000000000000118                . = ALIGN (0x8)
 *fill*         0x0000000000000114        0x4 

.init           0x0000000000000118       0x38
 *(.init)
 .init          0x0000000000000118       0x18 /opt/devkitpro/devkitA64/lib/gcc/aarch64-none-elf/7.3.0/pic/crti.o
                0x0000000000000118                _init
 .init          0x0000000000000130       0x1c /opt/devkitpro/devkitA64/lib/gcc/aarch64-none-elf/7.3.0/pic/crtn.o
                0x0000000000000150                . = ALIGN (0x8)
 *fill*         0x000000000000014c        0x4 

.plt            0x0000000000000150        0x0
 *(.plt)
 .plt           0x0000000000000150        0x0 /opt/devkitpro/devkitA64/lib/gcc/aarch64-none-elf/7.3.0/pic/crti.o
 *(.iplt)
                0x0000000000000150                . = ALIGN (0x8)

.text           0x0000000000000180    0x269f0
 *(.text.unlikely .text.*_unlikely .text.unlikely.*)
 .text.unlikely.sulp
                0x0000000000000180       0x54 /opt/devkitpro/devkitA64/lib/gcc/aarch64-none-elf/7.3.0/../../../../aarch64-none-elf/lib/pic/libg.a(lib_a-strtod.o)
 *(.text.exit .text.exit.*)
 *(.text.startup .text.startup.*)
 *fill*         0x00000000000001d4        0xc 
 .text.startup.main
                0x00000000000001e0      0x22c main.o
                0x00000000000001e0                main
 *(.text.hot .text.hot.*)
 *(.text .stub .text.* .gnu.linkonce.t.*)
 *fill*         0x000000000000040c        0x4 
 .text.deregister_tm_clones
                0x0000000000000410       0x2c /opt/devkitpro/devkitA64/lib/gcc/aarch64-none-elf/7.3.0/pic/crtbegin.o
 *fill*         0x000000000000043c        0x4 
 .text.register_tm_clones
                0x0000000000000440       0x3c /opt/devkitpro/devkitA64/lib/gcc/aarch64-none-elf/7.3.0/pic/crtbegin.o
 *fill*         0x000000000000047c        0x4 
 .text.__do_global_dtors_aux
                0x0000000000000480       0x48 /opt/devkitpro/devkitA64/lib/gcc/aarch64-none-elf/7.3.0/pic/crtbegin.o
 .text.frame_dummy
                0x00000000000004c8       0x34 /opt/devkitpro/devkitA64/lib/gcc/aarch64-none-elf/7.3.0/pic/crtbegin.o
 *fill*         0x00000000000004fc        0x4 
 .text.consoleDrawChar
                0x0000000000000500      0x2b4 /opt/devkitpro/libnx/lib/libnx.a(console.o)
                0x0000000000000500                consoleDrawChar
 *fill*         0x00000000000007b4        0xc 
 .text.consolePrintChar
                0x00000000000007c0      0x164 /opt/devkitpro/libnx/lib/libnx.a(console.o)
                0x00000000000007c0                consolePrintChar
 *fill*         0x0000000000000924        0xc 
 .text.consoleClearLine
                0x0000000000000930      0x18c /opt/devkitpro/libnx/lib/libnx.a(console.o)
 *fill*         0x0000000000000abc        0x4 
 .text.newRow   0x0000000000000ac0      0x1c4 /opt/devkitpro/libnx/lib/libnx.a(console.o)
 *fill*         0x0000000000000c84        0xc 
 .text.consoleCls
                0x0000000000000c90      0x1bc /opt/devkitpro/libnx/lib/libnx.a(console.o)
 *fill*         0x0000000000000e4c        0x4 
 .text.consoleInit
                0x0000000000000e50       0xf4 /opt/devkitpro/libnx/lib/libnx.a(console.o)
                0x0000000000000e50                consoleInit
 *fill*         0x0000000000000f44        0xc 
 .text.con_write
                0x0000000000000f50      0x864 /opt/devkitpro/libnx/lib/libnx.a(console.o)
 *fill*         0x00000000000017b4        0xc 
 .text.consoleClear
                0x00000000000017c0        0xc /opt/devkitpro/libnx/lib/libnx.a(console.o)
                0x00000000000017c0                consoleClear
 *fill*         0x00000000000017cc        0x4 
 .text.ipcCloseObjectById
                0x00000000000017d0       0x34 /opt/devkitpro/libnx/lib/libnx.a(applet.o)
 *fill*         0x0000000000001804        0xc 
 .text._appletGetHandle
                0x0000000000001810      0x120 /opt/devkitpro/libnx/lib/libnx.a(applet.o)
 .text._appletGetOperationMode.constprop.12
                0x0000000000001930       0xe0 /opt/devkitpro/libnx/lib/libnx.a(applet.o)
 .text._appletGetPerformanceMode.constprop.13
                0x0000000000001a10       0xe0 /opt/devkitpro/libnx/lib/libnx.a(applet.o)
 .text._appletReceiveMessage
                0x0000000000001af0       0xe8 /opt/devkitpro/libnx/lib/libnx.a(applet.o)
 *fill*         0x0000000000001bd8        0x8 
 .text._appletGetCurrentFocusState.constprop.14
                0x0000000000001be0       0xe0 /opt/devkitpro/libnx/lib/libnx.a(applet.o)
 .text._appletAcquireForegroundRights
                0x0000000000001cc0       0xcc /opt/devkitpro/libnx/lib/libnx.a(applet.o)
 *fill*         0x0000000000001d8c        0x4 
 .text._appletSetOperationModeChangedNotification.constprop.15
                0x0000000000001d90       0xd4 /opt/devkitpro/libnx/lib/libnx.a(applet.o)
 *fill*         0x0000000000001e64        0xc 
 .text._appletSetOutOfFocusSuspendingEnabled
                0x0000000000001e70       0xcc /opt/devkitpro/libnx/lib/libnx.a(applet.o)
 *fill*         0x0000000000001f3c        0x4 
 .text._appletSetPerformanceModeChangedNotification.constprop.16
                0x0000000000001f40       0xd4 /opt/devkitpro/libnx/lib/libnx.a(applet.o)
 *fill*         0x0000000000002014        0xc 
 .text._appletSetFocusHandlingMode
                0x0000000000002020       0xd4 /opt/devkitpro/libnx/lib/libnx.a(applet.o)
 *fill*         0x00000000000020f4        0xc 
 .text._appletGetAppletResourceUserId.constprop.10
                0x0000000000002100       0xe0 /opt/devkitpro/libnx/lib/libnx.a(applet.o)
 .text._appletGetSessionProxy.constprop.9
                0x00000000000021e0      0x148 /opt/devkitpro/libnx/lib/libnx.a(applet.o)
 *fill*         0x0000000000002328        0x8 
 .text.appletExit
                0x0000000000002330      0x3cc /opt/devkitpro/libnx/lib/libnx.a(applet.o)
                0x0000000000002330                appletExit
 *fill*         0x00000000000026fc        0x4 
 .text.appletHook
                0x0000000000002700       0x28 /opt/devkitpro/libnx/lib/libnx.a(applet.o)
                0x0000000000002700                appletHook
 *fill*         0x0000000000002728        0x8 
 .text.appletUnhook
                0x0000000000002730       0x34 /opt/devkitpro/libnx/lib/libnx.a(applet.o)
                0x0000000000002730                appletUnhook
 *fill*         0x0000000000002764        0xc 
 .text.appletGetAppletResourceUserId
                0x0000000000002770       0x28 /opt/devkitpro/libnx/lib/libnx.a(applet.o)
                0x0000000000002770                appletGetAppletResourceUserId
 *fill*         0x0000000000002798        0x8 
 .text.appletNotifyRunning
                0x00000000000027a0      0x11c /opt/devkitpro/libnx/lib/libnx.a(applet.o)
                0x00000000000027a0                appletNotifyRunning
 *fill*         0x00000000000028bc        0x4 
 .text.appletInitialize
                0x00000000000028c0      0x578 /opt/devkitpro/libnx/lib/libnx.a(applet.o)
                0x00000000000028c0                appletInitialize
 *fill*         0x0000000000002e38        0x8 
 .text.appletCreateManagedDisplayLayer
                0x0000000000002e40       0xe8 /opt/devkitpro/libnx/lib/libnx.a(applet.o)
                0x0000000000002e40                appletCreateManagedDisplayLayer
 *fill*         0x0000000000002f28        0x8 
 .text.appletGetOperationMode
                0x0000000000002f30        0xc /opt/devkitpro/libnx/lib/libnx.a(applet.o)
                0x0000000000002f30                appletGetOperationMode
 *fill*         0x0000000000002f3c        0x4 
 .text.appletMainLoop
                0x0000000000002f40      0x15c /opt/devkitpro/libnx/lib/libnx.a(applet.o)
                0x0000000000002f40                appletMainLoop
 *fill*         0x000000000000309c        0x4 
 .text._hidGetSharedMemoryHandle.constprop.6
                0x00000000000030a0      0x128 /opt/devkitpro/libnx/lib/libnx.a(hid.o)
 *fill*         0x00000000000031c8        0x8 
 .text._hidCreateAppletResource.constprop.5
                0x00000000000031d0      0x138 /opt/devkitpro/libnx/lib/libnx.a(hid.o)
 *fill*         0x0000000000003308        0x8 
 .text.ipcCloseObjectById
                0x0000000000003310       0x34 /opt/devkitpro/libnx/lib/libnx.a(hid.o)
 *fill*         0x0000000000003344        0xc 
 .text.hidExit  0x0000000000003350       0xbc /opt/devkitpro/libnx/lib/libnx.a(hid.o)
                0x0000000000003350                hidExit
 *fill*         0x000000000000340c        0x4 
 .text.hidReset
                0x0000000000003410      0x1a4 /opt/devkitpro/libnx/lib/libnx.a(hid.o)
                0x0000000000003410                hidReset
 *fill*         0x00000000000035b4        0xc 
 .text.hidInitialize
                0x00000000000035c0       0xb0 /opt/devkitpro/libnx/lib/libnx.a(hid.o)
                0x00000000000035c0                hidInitialize
 .text.hidGetSharedmemAddr
                0x0000000000003670        0xc /opt/devkitpro/libnx/lib/libnx.a(hid.o)
                0x0000000000003670                hidGetSharedmemAddr
 *fill*         0x000000000000367c        0x4 
 .text.hidKeysHeld
                0x0000000000003680       0x6c /opt/devkitpro/libnx/lib/libnx.a(hid.o)
                0x0000000000003680                hidKeysHeld
 *fill*         0x00000000000036ec        0x4 
 .text.hidKeysDown
                0x00000000000036f0       0x6c /opt/devkitpro/libnx/lib/libnx.a(hid.o)
                0x00000000000036f0                hidKeysDown
 *fill*         0x000000000000375c        0x4 
 .text.hidKeysUp
                0x0000000000003760       0x6c /opt/devkitpro/libnx/lib/libnx.a(hid.o)
                0x0000000000003760                hidKeysUp
 *fill*         0x00000000000037cc        0x4 
 .text.hidTouchCount
                0x00000000000037d0        0xc /opt/devkitpro/libnx/lib/libnx.a(hid.o)
                0x00000000000037d0                hidTouchCount
 *fill*         0x00000000000037dc        0x4 
 .text.hidScanInput
                0x00000000000037e0      0x470 /opt/devkitpro/libnx/lib/libnx.a(hid.o)
                0x00000000000037e0                hidScanInput
 .text.smAddOverrideHandle
                0x0000000000003c50       0x44 /opt/devkitpro/libnx/lib/libnx.a(sm.o)
                0x0000000000003c50                smAddOverrideHandle
 *fill*         0x0000000000003c94        0xc 
 .text.smGetServiceOverride
                0x0000000000003ca0       0x64 /opt/devkitpro/libnx/lib/libnx.a(sm.o)
                0x0000000000003ca0                smGetServiceOverride
 *fill*         0x0000000000003d04        0xc 
 .text.smHasInitialized
                0x0000000000003d10       0x14 /opt/devkitpro/libnx/lib/libnx.a(sm.o)
                0x0000000000003d10                smHasInitialized
 *fill*         0x0000000000003d24        0xc 
 .text.smExit   0x0000000000003d30       0x28 /opt/devkitpro/libnx/lib/libnx.a(sm.o)
                0x0000000000003d30                smExit
 *fill*         0x0000000000003d58        0x8 
 .text.smEncodeName
                0x0000000000003d60       0x34 /opt/devkitpro/libnx/lib/libnx.a(sm.o)
                0x0000000000003d60                smEncodeName
 *fill*         0x0000000000003d94        0xc 
 .text.smGetServiceOriginal
                0x0000000000003da0      0x128 /opt/devkitpro/libnx/lib/libnx.a(sm.o)
                0x0000000000003da0                smGetServiceOriginal
 *fill*         0x0000000000003ec8        0x8 
 .text.smInitialize
                0x0000000000003ed0      0x148 /opt/devkitpro/libnx/lib/libnx.a(sm.o)
                0x0000000000003ed0                smInitialize
 *fill*         0x0000000000004018        0x8 
 .text.smGetService
                0x0000000000004020       0x74 /opt/devkitpro/libnx/lib/libnx.a(sm.o)
                0x0000000000004020                smGetService
 *fill*         0x0000000000004094        0xc 
 .text.fatalSimple
                0x00000000000040a0       0xbc /opt/devkitpro/libnx/lib/libnx.a(fatal.o)
                0x00000000000040a0                fatalSimple
 *fill*         0x000000000000415c        0x4 
 .text.ipcCloseObjectById
                0x0000000000004160       0x34 /opt/devkitpro/libnx/lib/libnx.a(apm.o)
 *fill*         0x0000000000004194        0xc 
 .text._apmGetSession.constprop.3
                0x00000000000041a0      0x128 /opt/devkitpro/libnx/lib/libnx.a(apm.o)
 *fill*         0x00000000000042c8        0x8 
 .text.apmExit  0x00000000000042d0       0xac /opt/devkitpro/libnx/lib/libnx.a(apm.o)
                0x00000000000042d0                apmExit
 *fill*         0x000000000000437c        0x4 
 .text.apmInitialize
                0x0000000000004380       0x74 /opt/devkitpro/libnx/lib/libnx.a(apm.o)
                0x0000000000004380                apmInitialize
 *fill*         0x00000000000043f4        0xc 
 .text.apmSetPerformanceConfiguration
                0x0000000000004400       0xcc /opt/devkitpro/libnx/lib/libnx.a(apm.o)
                0x0000000000004400                apmSetPerformanceConfiguration
 *fill*         0x00000000000044cc        0x4 
 .text._gfxDequeueBuffer.part.0
                0x00000000000044d0       0xc4 /opt/devkitpro/libnx/lib/libnx.a(gfx.o)
 *fill*         0x0000000000004594        0xc 
 .text._gfxQueueBuffer.part.1
                0x00000000000045a0       0x38 /opt/devkitpro/libnx/lib/libnx.a(gfx.o)
 *fill*         0x00000000000045d8        0x8 
 .text.gfxConfigureCrop
                0x00000000000045e0       0xe8 /opt/devkitpro/libnx/lib/libnx.a(gfx.o)
                0x00000000000045e0                gfxConfigureCrop
 *fill*         0x00000000000046c8        0x8 
 .text.gfxConfigureResolution
                0x00000000000046d0       0x14 /opt/devkitpro/libnx/lib/libnx.a(gfx.o)
                0x00000000000046d0                gfxConfigureResolution
 *fill*         0x00000000000046e4        0xc 
 .text._gfxAutoResolutionAppletHook
                0x00000000000046f0       0x68 /opt/devkitpro/libnx/lib/libnx.a(gfx.o)
 *fill*         0x0000000000004758        0x8 
 .text.gfxConfigureAutoResolution
                0x0000000000004760      0x11c /opt/devkitpro/libnx/lib/libnx.a(gfx.o)
                0x0000000000004760                gfxConfigureAutoResolution
 *fill*         0x000000000000487c        0x4 
 .text.gfxExit  0x0000000000004880      0x194 /opt/devkitpro/libnx/lib/libnx.a(gfx.o)
                0x0000000000004880                gfxExit
 *fill*         0x0000000000004a14        0xc 
 .text._gfxGraphicBufferInit
                0x0000000000004a20       0x54 /opt/devkitpro/libnx/lib/libnx.a(gfx.o)
                0x0000000000004a20                _gfxGraphicBufferInit
 *fill*         0x0000000000004a74        0xc 
 .text.gfxWaitForVsync
                0x0000000000004a80       0x80 /opt/devkitpro/libnx/lib/libnx.a(gfx.o)
                0x0000000000004a80                gfxWaitForVsync
 .text.gfxInitDefault
                0x0000000000004b00      0x5f0 /opt/devkitpro/libnx/lib/libnx.a(gfx.o)
                0x0000000000004b00                gfxInitDefault
 .text.gfxSwapBuffers
                0x00000000000050f0       0x60 /opt/devkitpro/libnx/lib/libnx.a(gfx.o)
                0x00000000000050f0                gfxSwapBuffers
 .text.gfxGetFramebuffer
                0x0000000000005150       0x6c /opt/devkitpro/libnx/lib/libnx.a(gfx.o)
                0x0000000000005150                gfxGetFramebuffer
 *fill*         0x00000000000051bc        0x4 
 .text.gfxSetMode
                0x00000000000051c0        0xc /opt/devkitpro/libnx/lib/libnx.a(gfx.o)
                0x00000000000051c0                gfxSetMode
 *fill*         0x00000000000051cc        0x4 
 .text.gfxFlushBuffers
                0x00000000000051d0      0x124 /opt/devkitpro/libnx/lib/libnx.a(gfx.o)
                0x00000000000051d0                gfxFlushBuffers
 *fill*         0x00000000000052f4        0xc 
 .text.nvmapobjClose
                0x0000000000005300       0x3c /opt/devkitpro/libnx/lib/libnx.a(nvgfx.o)
 *fill*         0x000000000000533c        0x4 
 .text.nvmapobjInitialize.part.0
                0x0000000000005340       0x70 /opt/devkitpro/libnx/lib/libnx.a(nvgfx.o)
 .text.nvmapobjSetup.constprop.2
                0x00000000000053b0       0x74 /opt/devkitpro/libnx/lib/libnx.a(nvgfx.o)
 *fill*         0x0000000000005424        0xc 
 .text.nvgfxInitialize
                0x0000000000005430      0xbd4 /opt/devkitpro/libnx/lib/libnx.a(nvgfx.o)
                0x0000000000005430                nvgfxInitialize
 *fill*         0x0000000000006004        0xc 
 .text.nvgfxExit
                0x0000000000006010      0x12c /opt/devkitpro/libnx/lib/libnx.a(nvgfx.o)
                0x0000000000006010                nvgfxExit
 *fill*         0x000000000000613c        0x4 
 .text.nvgfxEventWait
                0x0000000000006140       0x68 /opt/devkitpro/libnx/lib/libnx.a(nvgfx.o)
                0x0000000000006140                nvgfxEventWait
 *fill*         0x00000000000061a8        0x8 
 .text.nvgfxGetFramebuffer
                0x00000000000061b0       0x40 /opt/devkitpro/libnx/lib/libnx.a(nvgfx.o)
                0x00000000000061b0                nvgfxGetFramebuffer
 .text.nvioctlNvhostCtrl_EventWait
                0x00000000000061f0       0x40 /opt/devkitpro/libnx/lib/libnx.a(nvhost-ctrl.o)
                0x00000000000061f0                nvioctlNvhostCtrl_EventWait
 .text.nvioctlNvhostCtrlGpu_ZCullGetCtxSize
                0x0000000000006230       0x3c /opt/devkitpro/libnx/lib/libnx.a(nvhost-ctrl-gpu.o)
                0x0000000000006230                nvioctlNvhostCtrlGpu_ZCullGetCtxSize
 *fill*         0x000000000000626c        0x4 
 .text.nvioctlNvhostCtrlGpu_ZCullGetInfo
                0x0000000000006270       0x54 /opt/devkitpro/libnx/lib/libnx.a(nvhost-ctrl-gpu.o)
                0x0000000000006270                nvioctlNvhostCtrlGpu_ZCullGetInfo
 *fill*         0x00000000000062c4        0xc 
 .text.nvioctlNvhostCtrlGpu_GetCharacteristics
                0x00000000000062d0       0x88 /opt/devkitpro/libnx/lib/libnx.a(nvhost-ctrl-gpu.o)
                0x00000000000062d0                nvioctlNvhostCtrlGpu_GetCharacteristics
 *fill*         0x0000000000006358        0x8 
 .text.nvioctlNvhostCtrlGpu_GetTpcMasks
                0x0000000000006360       0x5c /opt/devkitpro/libnx/lib/libnx.a(nvhost-ctrl-gpu.o)
                0x0000000000006360                nvioctlNvhostCtrlGpu_GetTpcMasks
 *fill*         0x00000000000063bc        0x4 
 .text.nvioctlNvhostCtrlGpu_GetL2State
                0x00000000000063c0       0x3c /opt/devkitpro/libnx/lib/libnx.a(nvhost-ctrl-gpu.o)
                0x00000000000063c0                nvioctlNvhostCtrlGpu_GetL2State
 *fill*         0x00000000000063fc        0x4 
 .text.nvioctlNvhostAsGpu_BindChannel
                0x0000000000006400       0x24 /opt/devkitpro/libnx/lib/libnx.a(nvhost-as-gpu.o)
                0x0000000000006400                nvioctlNvhostAsGpu_BindChannel
 *fill*         0x0000000000006424        0xc 
 .text.nvioctlNvhostAsGpu_AllocSpace
                0x0000000000006430       0x44 /opt/devkitpro/libnx/lib/libnx.a(nvhost-as-gpu.o)
                0x0000000000006430                nvioctlNvhostAsGpu_AllocSpace
 *fill*         0x0000000000006474        0xc 
 .text.nvioctlNvhostAsGpu_MapBufferEx
                0x0000000000006480       0x50 /opt/devkitpro/libnx/lib/libnx.a(nvhost-as-gpu.o)
                0x0000000000006480                nvioctlNvhostAsGpu_MapBufferEx
 .text.nvioctlNvhostAsGpu_GetVARegions
                0x00000000000064d0       0x64 /opt/devkitpro/libnx/lib/libnx.a(nvhost-as-gpu.o)
                0x00000000000064d0                nvioctlNvhostAsGpu_GetVARegions
 *fill*         0x0000000000006534        0xc 
 .text.nvioctlNvhostAsGpu_InitializeEx
                0x0000000000006540       0x3c /opt/devkitpro/libnx/lib/libnx.a(nvhost-as-gpu.o)
                0x0000000000006540                nvioctlNvhostAsGpu_InitializeEx
 *fill*         0x000000000000657c        0x4 
 .text.nvioctlChannel_SetNvmapFd
                0x0000000000006580       0x24 /opt/devkitpro/libnx/lib/libnx.a(channel.o)
                0x0000000000006580                nvioctlChannel_SetNvmapFd
 *fill*         0x00000000000065a4        0xc 
 .text.nvioctlChannel_AllocObjCtx
                0x00000000000065b0       0x30 /opt/devkitpro/libnx/lib/libnx.a(channel.o)
                0x00000000000065b0                nvioctlChannel_AllocObjCtx
 .text.nvioctlChannel_ZCullBind
                0x00000000000065e0       0x28 /opt/devkitpro/libnx/lib/libnx.a(channel.o)
                0x00000000000065e0                nvioctlChannel_ZCullBind
 *fill*         0x0000000000006608        0x8 
 .text.nvioctlChannel_SetErrorNotifier
                0x0000000000006610       0x28 /opt/devkitpro/libnx/lib/libnx.a(channel.o)
                0x0000000000006610                nvioctlChannel_SetErrorNotifier
 *fill*         0x0000000000006638        0x8 
 .text.nvioctlChannel_SetPriority
                0x0000000000006640       0x24 /opt/devkitpro/libnx/lib/libnx.a(channel.o)
                0x0000000000006640                nvioctlChannel_SetPriority
 *fill*         0x0000000000006664        0xc 
 .text.nvioctlChannel_AllocGpfifoEx2
                0x0000000000006670       0x54 /opt/devkitpro/libnx/lib/libnx.a(channel.o)
                0x0000000000006670                nvioctlChannel_AllocGpfifoEx2
 *fill*         0x00000000000066c4        0xc 
 .text.nvioctlChannel_SetUserData
                0x00000000000066d0       0x24 /opt/devkitpro/libnx/lib/libnx.a(channel.o)
                0x00000000000066d0                nvioctlChannel_SetUserData
 *fill*         0x00000000000066f4        0xc 
 .text.nvioctlNvmap_Create
                0x0000000000006700       0x3c /opt/devkitpro/libnx/lib/libnx.a(nvmap.o)
                0x0000000000006700                nvioctlNvmap_Create
 *fill*         0x000000000000673c        0x4 
 .text.nvioctlNvmap_FromId
                0x0000000000006740       0x3c /opt/devkitpro/libnx/lib/libnx.a(nvmap.o)
                0x0000000000006740                nvioctlNvmap_FromId
 *fill*         0x000000000000677c        0x4 
 .text.nvioctlNvmap_Alloc
                0x0000000000006780       0x30 /opt/devkitpro/libnx/lib/libnx.a(nvmap.o)
                0x0000000000006780                nvioctlNvmap_Alloc
 .text.nvioctlNvmap_GetId
                0x00000000000067b0       0x3c /opt/devkitpro/libnx/lib/libnx.a(nvmap.o)
                0x00000000000067b0                nvioctlNvmap_GetId
 .text.armDCacheFlush
                0x00000000000067ec       0x3c /opt/devkitpro/libnx/lib/libnx.a(cache.o)
                0x00000000000067ec                armDCacheFlush
 .text.svcSetHeapSize
                0x0000000000006828       0x14 /opt/devkitpro/libnx/lib/libnx.a(svc.o)
                0x0000000000006828                svcSetHeapSize
 .text.svcUnmapMemory
                0x000000000000683c        0x8 /opt/devkitpro/libnx/lib/libnx.a(svc.o)
                0x000000000000683c                svcUnmapMemory
 .text.svcQueryMemory
                0x0000000000006844       0x14 /opt/devkitpro/libnx/lib/libnx.a(svc.o)
                0x0000000000006844                svcQueryMemory
 .text.svcExitProcess
                0x0000000000006858        0x8 /opt/devkitpro/libnx/lib/libnx.a(svc.o)
                0x0000000000006858                svcExitProcess
 .text.svcSleepThread
                0x0000000000006860        0x8 /opt/devkitpro/libnx/lib/libnx.a(svc.o)
                0x0000000000006860                svcSleepThread
 .text.svcMapSharedMemory
                0x0000000000006868        0x8 /opt/devkitpro/libnx/lib/libnx.a(svc.o)
                0x0000000000006868                svcMapSharedMemory
 .text.svcUnmapSharedMemory
                0x0000000000006870        0x8 /opt/devkitpro/libnx/lib/libnx.a(svc.o)
                0x0000000000006870                svcUnmapSharedMemory
 .text.svcCreateTransferMemory
                0x0000000000006878       0x14 /opt/devkitpro/libnx/lib/libnx.a(svc.o)
                0x0000000000006878                svcCreateTransferMemory
 .text.svcCloseHandle
                0x000000000000688c        0x8 /opt/devkitpro/libnx/lib/libnx.a(svc.o)
                0x000000000000688c                svcCloseHandle
 .text.svcResetSignal
                0x0000000000006894        0x8 /opt/devkitpro/libnx/lib/libnx.a(svc.o)
                0x0000000000006894                svcResetSignal
 .text.svcWaitSynchronization
                0x000000000000689c       0x14 /opt/devkitpro/libnx/lib/libnx.a(svc.o)
                0x000000000000689c                svcWaitSynchronization
 .text.svcArbitrateLock
                0x00000000000068b0        0x8 /opt/devkitpro/libnx/lib/libnx.a(svc.o)
                0x00000000000068b0                svcArbitrateLock
 .text.svcArbitrateUnlock
                0x00000000000068b8        0x8 /opt/devkitpro/libnx/lib/libnx.a(svc.o)
                0x00000000000068b8                svcArbitrateUnlock
 .text.svcConnectToNamedPort
                0x00000000000068c0       0x14 /opt/devkitpro/libnx/lib/libnx.a(svc.o)
                0x00000000000068c0                svcConnectToNamedPort
 .text.svcGetSystemTick
                0x00000000000068d4        0x8 /opt/devkitpro/libnx/lib/libnx.a(svc.o)
                0x00000000000068d4                svcGetSystemTick
 .text.svcSendSyncRequest
                0x00000000000068dc        0x8 /opt/devkitpro/libnx/lib/libnx.a(svc.o)
                0x00000000000068dc                svcSendSyncRequest
 .text.svcBreak
                0x00000000000068e4        0x8 /opt/devkitpro/libnx/lib/libnx.a(svc.o)
                0x00000000000068e4                svcBreak
 .text.svcGetInfo
                0x00000000000068ec       0x14 /opt/devkitpro/libnx/lib/libnx.a(svc.o)
                0x00000000000068ec                svcGetInfo
 .text.svcUnmapTransferMemory
                0x0000000000006900        0x8 /opt/devkitpro/libnx/lib/libnx.a(svc.o)
                0x0000000000006900                svcUnmapTransferMemory
 *fill*         0x0000000000006908        0x8 
 .text.__nx_dynamic
                0x0000000000006910       0xac /opt/devkitpro/libnx/lib/libnx.a(dynamic.o)
                0x0000000000006910                __nx_dynamic
 *fill*         0x00000000000069bc        0x4 
 .text.__libnx_initheap
                0x00000000000069c0       0xdc /opt/devkitpro/libnx/lib/libnx.a(init.o)
                0x00000000000069c0                __libnx_initheap
 *fill*         0x0000000000006a9c        0x4 
 .text.__appInit
                0x0000000000006aa0       0x74 /opt/devkitpro/libnx/lib/libnx.a(init.o)
                0x0000000000006aa0                __appInit
 *fill*         0x0000000000006b14        0xc 
 .text.__appExit
                0x0000000000006b20       0x24 /opt/devkitpro/libnx/lib/libnx.a(init.o)
                0x0000000000006b20                __appExit
 *fill*         0x0000000000006b44        0xc 
 .text.__libnx_init
                0x0000000000006b50       0x28 /opt/devkitpro/libnx/lib/libnx.a(init.o)
                0x0000000000006b50                __libnx_init
 *fill*         0x0000000000006b78        0x8 
 .text.__libnx_exit
                0x0000000000006b80       0x20 /opt/devkitpro/libnx/lib/libnx.a(init.o)
                0x0000000000006b80                __libnx_exit
 .text.envSetup
                0x0000000000006ba0      0x1ac /opt/devkitpro/libnx/lib/libnx.a(env.o)
                0x0000000000006ba0                envSetup
 *fill*         0x0000000000006d4c        0x4 
 .text.envGetMainThreadHandle
                0x0000000000006d50       0x20 /opt/devkitpro/libnx/lib/libnx.a(env.o)
                0x0000000000006d50                envGetMainThreadHandle
 .text.envIsNso
                0x0000000000006d70        0xc /opt/devkitpro/libnx/lib/libnx.a(env.o)
                0x0000000000006d70                envIsNso
 *fill*         0x0000000000006d7c        0x4 
 .text.envHasHeapOverride
                0x0000000000006d80       0x14 /opt/devkitpro/libnx/lib/libnx.a(env.o)
                0x0000000000006d80                envHasHeapOverride
 *fill*         0x0000000000006d94        0xc 
 .text.envGetHeapOverrideAddr
                0x0000000000006da0        0xc /opt/devkitpro/libnx/lib/libnx.a(env.o)
                0x0000000000006da0                envGetHeapOverrideAddr
 *fill*         0x0000000000006dac        0x4 
 .text.envGetHeapOverrideSize
                0x0000000000006db0        0xc /opt/devkitpro/libnx/lib/libnx.a(env.o)
                0x0000000000006db0                envGetHeapOverrideSize
 *fill*         0x0000000000006dbc        0x4 
 .text.envHasArgv
                0x0000000000006dc0       0x14 /opt/devkitpro/libnx/lib/libnx.a(env.o)
                0x0000000000006dc0                envHasArgv
 *fill*         0x0000000000006dd4        0xc 
 .text.envGetArgv
                0x0000000000006de0        0xc /opt/devkitpro/libnx/lib/libnx.a(env.o)
                0x0000000000006de0                envGetArgv
 *fill*         0x0000000000006dec        0x4 
 .text.envGetExitFuncPtr
                0x0000000000006df0        0xc /opt/devkitpro/libnx/lib/libnx.a(env.o)
                0x0000000000006df0                envGetExitFuncPtr
 *fill*         0x0000000000006dfc        0x4 
 .text.mutexInit
                0x0000000000006e00        0x8 /opt/devkitpro/libnx/lib/libnx.a(newlib.o)
 *fill*         0x0000000000006e08        0x8 
 .text.rmutexInit
                0x0000000000006e10        0xc /opt/devkitpro/libnx/lib/libnx.a(newlib.o)
 *fill*         0x0000000000006e1c        0x4 
 .text.__libnx_gtod
                0x0000000000006e20       0x90 /opt/devkitpro/libnx/lib/libnx.a(newlib.o)
                0x0000000000006e20                __libnx_gtod
 .text.__libnx_get_reent
                0x0000000000006eb0       0x34 /opt/devkitpro/libnx/lib/libnx.a(newlib.o)
 *fill*         0x0000000000006ee4        0xc 
 .text.newlibSetup
                0x0000000000006ef0       0xec /opt/devkitpro/libnx/lib/libnx.a(newlib.o)
                0x0000000000006ef0                newlibSetup
 *fill*         0x0000000000006fdc        0x4 
 .text.argvSetup
                0x0000000000006fe0      0x37c /opt/devkitpro/libnx/lib/libnx.a(argv.o)
                0x0000000000006fe0                argvSetup
 *fill*         0x000000000000735c        0x4 
 .text._CacheValues.part.0
                0x0000000000007360       0x98 /opt/devkitpro/libnx/lib/libnx.a(detect.o)
 *fill*         0x00000000000073f8        0x8 
 .text.kernelAbove200
                0x0000000000007400       0x34 /opt/devkitpro/libnx/lib/libnx.a(detect.o)
                0x0000000000007400                kernelAbove200
 *fill*         0x0000000000007434        0xc 
 .text.kernelAbove300
                0x0000000000007440       0x34 /opt/devkitpro/libnx/lib/libnx.a(detect.o)
                0x0000000000007440                kernelAbove300
 *fill*         0x0000000000007474        0xc 
 .text.detectDebugger
                0x0000000000007480       0x30 /opt/devkitpro/libnx/lib/libnx.a(detect.o)
                0x0000000000007480                detectDebugger
 .text.shmemLoadRemote
                0x00000000000074b0       0x14 /opt/devkitpro/libnx/lib/libnx.a(shmem.o)
                0x00000000000074b0                shmemLoadRemote
 *fill*         0x00000000000074c4        0xc 
 .text.shmemMap
                0x00000000000074d0       0x9c /opt/devkitpro/libnx/lib/libnx.a(shmem.o)
                0x00000000000074d0                shmemMap
 *fill*         0x000000000000756c        0x4 
 .text.shmemUnmap
                0x0000000000007570       0x48 /opt/devkitpro/libnx/lib/libnx.a(shmem.o)
                0x0000000000007570                shmemUnmap
 *fill*         0x00000000000075b8        0x8 
 .text.shmemClose
                0x00000000000075c0       0x40 /opt/devkitpro/libnx/lib/libnx.a(shmem.o)
                0x00000000000075c0                shmemClose
 .text.rwlockReadLock
                0x0000000000007600       0x3c /opt/devkitpro/libnx/lib/libnx.a(rwlock.o)
                0x0000000000007600                rwlockReadLock
 *fill*         0x000000000000763c        0x4 
 .text.rwlockReadUnlock
                0x0000000000007640       0x50 /opt/devkitpro/libnx/lib/libnx.a(rwlock.o)
                0x0000000000007640                rwlockReadUnlock
 .text.rwlockWriteLock
                0x0000000000007690        0x8 /opt/devkitpro/libnx/lib/libnx.a(rwlock.o)
                0x0000000000007690                rwlockWriteLock
 *fill*         0x0000000000007698        0x8 
 .text.rwlockWriteUnlock
                0x00000000000076a0        0x8 /opt/devkitpro/libnx/lib/libnx.a(rwlock.o)
                0x00000000000076a0                rwlockWriteUnlock
 *fill*         0x00000000000076a8        0x8 
 .text.mutexLock
                0x00000000000076b0       0x94 /opt/devkitpro/libnx/lib/libnx.a(mutex.o)
                0x00000000000076b0                mutexLock
 *fill*         0x0000000000007744        0xc 
 .text.mutexUnlock
                0x0000000000007750       0x24 /opt/devkitpro/libnx/lib/libnx.a(mutex.o)
                0x0000000000007750                mutexUnlock
 *fill*         0x0000000000007774        0xc 
 .text.rmutexLock
                0x0000000000007780       0x4c /opt/devkitpro/libnx/lib/libnx.a(mutex.o)
                0x0000000000007780                rmutexLock
 *fill*         0x00000000000077cc        0x4 
 .text.rmutexUnlock
                0x00000000000077d0       0x20 /opt/devkitpro/libnx/lib/libnx.a(mutex.o)
                0x00000000000077d0                rmutexUnlock
 .text._GetRegionFromInfo
                0x00000000000077f0       0x68 /opt/devkitpro/libnx/lib/libnx.a(virtmem.o)
 *fill*         0x0000000000007858        0x8 
 .text.virtmemSetup
                0x0000000000007860       0xd4 /opt/devkitpro/libnx/lib/libnx.a(virtmem.o)
                0x0000000000007860                virtmemSetup
 *fill*         0x0000000000007934        0xc 
 .text.virtmemReserve
                0x0000000000007940      0x13c /opt/devkitpro/libnx/lib/libnx.a(virtmem.o)
                0x0000000000007940                virtmemReserve
 *fill*         0x0000000000007a7c        0x4 
 .text.virtmemFree
                0x0000000000007a80        0x4 /opt/devkitpro/libnx/lib/libnx.a(virtmem.o)
                0x0000000000007a80                virtmemFree
 *fill*         0x0000000000007a84        0xc 
 .text.fsdev_link
                0x0000000000007a90       0x10 /opt/devkitpro/libnx/lib/libnx.a(fs_dev.o)
 .text.fsdev_dirreset
                0x0000000000007aa0       0x10 /opt/devkitpro/libnx/lib/libnx.a(fs_dev.o)
 .text.fsdev_chmod
                0x0000000000007ab0       0x10 /opt/devkitpro/libnx/lib/libnx.a(fs_dev.o)
 .text.error_cmp
                0x0000000000007ac0       0x20 /opt/devkitpro/libnx/lib/libnx.a(fs_dev.o)
 .text.fsdev_translate_error
                0x0000000000007ae0       0x60 /opt/devkitpro/libnx/lib/libnx.a(fs_dev.o)
 .text.fsdev_fsync
                0x0000000000007b40       0x40 /opt/devkitpro/libnx/lib/libnx.a(fs_dev.o)
 .text.fsdev_ftruncate
                0x0000000000007b80       0x64 /opt/devkitpro/libnx/lib/libnx.a(fs_dev.o)
 *fill*         0x0000000000007be4        0xc 
 .text.fsdev_dirclose
                0x0000000000007bf0       0x20 /opt/devkitpro/libnx/lib/libnx.a(fs_dev.o)
 .text.fsdev_dirnext
                0x0000000000007c10      0x184 /opt/devkitpro/libnx/lib/libnx.a(fs_dev.o)
 *fill*         0x0000000000007d94        0xc 
 .text.fsdev_close
                0x0000000000007da0       0x1c /opt/devkitpro/libnx/lib/libnx.a(fs_dev.o)
 *fill*         0x0000000000007dbc        0x4 
 .text.fsdev_fstat
                0x0000000000007dc0       0x80 /opt/devkitpro/libnx/lib/libnx.a(fs_dev.o)
 .text.fsdev_seek
                0x0000000000007e40       0xb8 /opt/devkitpro/libnx/lib/libnx.a(fs_dev.o)
 *fill*         0x0000000000007ef8        0x8 
 .text.fsdevFindDevice
                0x0000000000007f00      0x108 /opt/devkitpro/libnx/lib/libnx.a(fs_dev.o)
 *fill*         0x0000000000008008        0x8 
 .text._fsdevMountDevice
                0x0000000000008010      0x128 /opt/devkitpro/libnx/lib/libnx.a(fs_dev.o)
 *fill*         0x0000000000008138        0x8 
 .text._fsdevUnmountDeviceStruct.part.1
                0x0000000000008140       0xb0 /opt/devkitpro/libnx/lib/libnx.a(fs_dev.o)
 .text.fsdev_getfspath
                0x00000000000081f0      0x208 /opt/devkitpro/libnx/lib/libnx.a(fs_dev.o)
 *fill*         0x00000000000083f8        0x8 
 .text.fsdev_rmdir
                0x0000000000008400       0x70 /opt/devkitpro/libnx/lib/libnx.a(fs_dev.o)
 .text.fsdev_statvfs
                0x0000000000008470       0xd8 /opt/devkitpro/libnx/lib/libnx.a(fs_dev.o)
 *fill*         0x0000000000008548        0x8 
 .text.fsdev_diropen
                0x0000000000008550       0xb8 /opt/devkitpro/libnx/lib/libnx.a(fs_dev.o)
 *fill*         0x0000000000008608        0x8 
 .text.fsdev_chdir
                0x0000000000008610       0xc4 /opt/devkitpro/libnx/lib/libnx.a(fs_dev.o)
 *fill*         0x00000000000086d4        0xc 
 .text.fsdev_mkdir
                0x00000000000086e0       0x70 /opt/devkitpro/libnx/lib/libnx.a(fs_dev.o)
 .text.fsdev_rename
                0x0000000000008750      0x13c /opt/devkitpro/libnx/lib/libnx.a(fs_dev.o)
 *fill*         0x000000000000888c        0x4 
 .text.fsdev_unlink
                0x0000000000008890       0x70 /opt/devkitpro/libnx/lib/libnx.a(fs_dev.o)
 .text.fsdev_stat
                0x0000000000008900      0x174 /opt/devkitpro/libnx/lib/libnx.a(fs_dev.o)
 *fill*         0x0000000000008a74        0xc 
 .text.fsdev_open
                0x0000000000008a80      0x1ac /opt/devkitpro/libnx/lib/libnx.a(fs_dev.o)
 *fill*         0x0000000000008c2c        0x4 
 .text.fsdev_read
                0x0000000000008c30      0x1b4 /opt/devkitpro/libnx/lib/libnx.a(fs_dev.o)
 *fill*         0x0000000000008de4        0xc 
 .text.fsdev_write
                0x0000000000008df0      0x1d0 /opt/devkitpro/libnx/lib/libnx.a(fs_dev.o)
 .text.fsdev_fchmod
                0x0000000000008fc0       0x10 /opt/devkitpro/libnx/lib/libnx.a(fs_dev.o)
 .text.fsdevInit
                0x0000000000008fd0      0x1f0 /opt/devkitpro/libnx/lib/libnx.a(fs_dev.o)
                0x0000000000008fd0                fsdevInit
 .text.fsdevExit
                0x00000000000091c0       0x70 /opt/devkitpro/libnx/lib/libnx.a(fs_dev.o)
                0x00000000000091c0                fsdevExit
 .text.ipcCloseObjectById
                0x0000000000009230       0x34 /opt/devkitpro/libnx/lib/libnx.a(nv.o)
 *fill*         0x0000000000009264        0xc 
 .text._nvSetClientPID
                0x0000000000009270       0xd4 /opt/devkitpro/libnx/lib/libnx.a(nv.o)
 *fill*         0x0000000000009344        0xc 
 .text.ipcQueryPointerBufferSize.constprop.6
                0x0000000000009350       0xc4 /opt/devkitpro/libnx/lib/libnx.a(nv.o)
 *fill*         0x0000000000009414        0xc 
 .text._nvInitialize.constprop.5
                0x0000000000009420       0xec /opt/devkitpro/libnx/lib/libnx.a(nv.o)
 *fill*         0x000000000000950c        0x4 
 .text.nvExit   0x0000000000009510       0x9c /opt/devkitpro/libnx/lib/libnx.a(nv.o)
                0x0000000000009510                nvExit
 *fill*         0x00000000000095ac        0x4 
 .text.nvInitialize
                0x00000000000095b0      0x198 /opt/devkitpro/libnx/lib/libnx.a(nv.o)
                0x00000000000095b0                nvInitialize
 *fill*         0x0000000000009748        0x8 
 .text.nvConvertError
                0x0000000000009750      0x120 /opt/devkitpro/libnx/lib/libnx.a(nv.o)
                0x0000000000009750                nvConvertError
 .text.nvOpen   0x0000000000009870      0x124 /opt/devkitpro/libnx/lib/libnx.a(nv.o)
                0x0000000000009870                nvOpen
 *fill*         0x0000000000009994        0xc 
 .text.nvIoctl  0x00000000000099a0      0x1c0 /opt/devkitpro/libnx/lib/libnx.a(nv.o)
                0x00000000000099a0                nvIoctl
 .text.nvClose  0x0000000000009b60       0xd8 /opt/devkitpro/libnx/lib/libnx.a(nv.o)
                0x0000000000009b60                nvClose
 *fill*         0x0000000000009c38        0x8 
 .text.nvQueryEvent
                0x0000000000009c40      0x140 /opt/devkitpro/libnx/lib/libnx.a(nv.o)
                0x0000000000009c40                nvQueryEvent
 .text.ipcCloseObjectById
                0x0000000000009d80       0x34 /opt/devkitpro/libnx/lib/libnx.a(time.o)
 *fill*         0x0000000000009db4        0xc 
 .text._timeGetSession
                0x0000000000009dc0      0x138 /opt/devkitpro/libnx/lib/libnx.a(time.o)
 *fill*         0x0000000000009ef8        0x8 
 .text.timeExit
                0x0000000000009f00      0x194 /opt/devkitpro/libnx/lib/libnx.a(time.o)
                0x0000000000009f00                timeExit
 *fill*         0x000000000000a094        0xc 
 .text.timeInitialize
                0x000000000000a0a0       0xc0 /opt/devkitpro/libnx/lib/libnx.a(time.o)
                0x000000000000a0a0                timeInitialize
 .text.timeGetCurrentTime
                0x000000000000a160      0x12c /opt/devkitpro/libnx/lib/libnx.a(time.o)
                0x000000000000a160                timeGetCurrentTime
 *fill*         0x000000000000a28c        0x4 
 .text.ipcCloseObjectById
                0x000000000000a290       0x34 /opt/devkitpro/libnx/lib/libnx.a(vi.o)
 *fill*         0x000000000000a2c4        0xc 
 .text._viGetSession.constprop.6
                0x000000000000a2d0      0x140 /opt/devkitpro/libnx/lib/libnx.a(vi.o)
 .text._viCreatestray_layer.isra.4
                0x000000000000a410      0x130 /opt/devkitpro/libnx/lib/libnx.a(vi.o)
 .text._viOpenLayer
                0x000000000000a540      0x138 /opt/devkitpro/libnx/lib/libnx.a(vi.o)
 *fill*         0x000000000000a678        0x8 
 .text.viExit   0x000000000000a680      0x184 /opt/devkitpro/libnx/lib/libnx.a(vi.o)
                0x000000000000a680                viExit
 *fill*         0x000000000000a804        0xc 
 .text.viInitialize
                0x000000000000a810      0x29c /opt/devkitpro/libnx/lib/libnx.a(vi.o)
                0x000000000000a810                viInitialize
 *fill*         0x000000000000aaac        0x4 
 .text.viGetSession_IHOSBinderDriverRelay
                0x000000000000aab0        0xc /opt/devkitpro/libnx/lib/libnx.a(vi.o)
                0x000000000000aab0                viGetSession_IHOSBinderDriverRelay
 *fill*         0x000000000000aabc        0x4 
 .text.viOpenDisplay
                0x000000000000aac0      0x140 /opt/devkitpro/libnx/lib/libnx.a(vi.o)
                0x000000000000aac0                viOpenDisplay
 .text.viCloseDisplay
                0x000000000000ac00       0xf4 /opt/devkitpro/libnx/lib/libnx.a(vi.o)
                0x000000000000ac00                viCloseDisplay
 *fill*         0x000000000000acf4        0xc 
 .text.viOpenLayer
                0x000000000000ad00       0xe0 /opt/devkitpro/libnx/lib/libnx.a(vi.o)
                0x000000000000ad00                viOpenLayer
 .text.viCloseLayer
                0x000000000000ade0      0x104 /opt/devkitpro/libnx/lib/libnx.a(vi.o)
                0x000000000000ade0                viCloseLayer
 *fill*         0x000000000000aee4        0xc 
 .text.viSetLayerScalingMode
                0x000000000000aef0       0xe4 /opt/devkitpro/libnx/lib/libnx.a(vi.o)
                0x000000000000aef0                viSetLayerScalingMode
 *fill*         0x000000000000afd4        0xc 
 .text.viGetDisplayVsyncEvent
                0x000000000000afe0      0x130 /opt/devkitpro/libnx/lib/libnx.a(vi.o)
                0x000000000000afe0                viGetDisplayVsyncEvent
 .text.ipcCloseObjectById
                0x000000000000b110       0x34 /opt/devkitpro/libnx/lib/libnx.a(fs.o)
 *fill*         0x000000000000b144        0xc 
 .text.fsInitialize
                0x000000000000b150      0x108 /opt/devkitpro/libnx/lib/libnx.a(fs.o)
                0x000000000000b150                fsInitialize
 *fill*         0x000000000000b258        0x8 
 .text.fsExit   0x000000000000b260       0x6c /opt/devkitpro/libnx/lib/libnx.a(fs.o)
                0x000000000000b260                fsExit
 *fill*         0x000000000000b2cc        0x4 
 .text.fsMountSdcard
                0x000000000000b2d0      0x128 /opt/devkitpro/libnx/lib/libnx.a(fs.o)
                0x000000000000b2d0                fsMountSdcard
 *fill*         0x000000000000b3f8        0x8 
 .text.fsFsCreateFile
                0x000000000000b400       0xf8 /opt/devkitpro/libnx/lib/libnx.a(fs.o)
                0x000000000000b400                fsFsCreateFile
 *fill*         0x000000000000b4f8        0x8 
 .text.fsFsDeleteFile
                0x000000000000b500       0xf0 /opt/devkitpro/libnx/lib/libnx.a(fs.o)
                0x000000000000b500                fsFsDeleteFile
 .text.fsFsCreateDirectory
                0x000000000000b5f0       0xf0 /opt/devkitpro/libnx/lib/libnx.a(fs.o)
                0x000000000000b5f0                fsFsCreateDirectory
 .text.fsFsDeleteDirectory
                0x000000000000b6e0       0xf0 /opt/devkitpro/libnx/lib/libnx.a(fs.o)
                0x000000000000b6e0                fsFsDeleteDirectory
 .text.fsFsRenameFile
                0x000000000000b7d0      0x110 /opt/devkitpro/libnx/lib/libnx.a(fs.o)
                0x000000000000b7d0                fsFsRenameFile
 .text.fsFsRenameDirectory
                0x000000000000b8e0      0x110 /opt/devkitpro/libnx/lib/libnx.a(fs.o)
                0x000000000000b8e0                fsFsRenameDirectory
 .text.fsFsGetEntryType
                0x000000000000b9f0      0x108 /opt/devkitpro/libnx/lib/libnx.a(fs.o)
                0x000000000000b9f0                fsFsGetEntryType
 *fill*         0x000000000000baf8        0x8 
 .text.fsFsOpenFile
                0x000000000000bb00      0x158 /opt/devkitpro/libnx/lib/libnx.a(fs.o)
                0x000000000000bb00                fsFsOpenFile
 *fill*         0x000000000000bc58        0x8 
 .text.fsFsOpenDirectory
                0x000000000000bc60      0x148 /opt/devkitpro/libnx/lib/libnx.a(fs.o)
                0x000000000000bc60                fsFsOpenDirectory
 *fill*         0x000000000000bda8        0x8 
 .text.fsFsGetFreeSpace
                0x000000000000bdb0      0x108 /opt/devkitpro/libnx/lib/libnx.a(fs.o)
                0x000000000000bdb0                fsFsGetFreeSpace
 *fill*         0x000000000000beb8        0x8 
 .text.fsFsGetTotalSpace
                0x000000000000bec0      0x108 /opt/devkitpro/libnx/lib/libnx.a(fs.o)
                0x000000000000bec0                fsFsGetTotalSpace
 *fill*         0x000000000000bfc8        0x8 
 .text.fsFsClose
                0x000000000000bfd0       0x14 /opt/devkitpro/libnx/lib/libnx.a(fs.o)
                0x000000000000bfd0                fsFsClose
 *fill*         0x000000000000bfe4        0xc 
 .text.fsFileRead
                0x000000000000bff0      0x104 /opt/devkitpro/libnx/lib/libnx.a(fs.o)
                0x000000000000bff0                fsFileRead
 *fill*         0x000000000000c0f4        0xc 
 .text.fsFileWrite
                0x000000000000c100       0xf4 /opt/devkitpro/libnx/lib/libnx.a(fs.o)
                0x000000000000c100                fsFileWrite
 *fill*         0x000000000000c1f4        0xc 
 .text.fsFileFlush
                0x000000000000c200       0xc4 /opt/devkitpro/libnx/lib/libnx.a(fs.o)
                0x000000000000c200                fsFileFlush
 *fill*         0x000000000000c2c4        0xc 
 .text.fsFileSetSize
                0x000000000000c2d0       0xc4 /opt/devkitpro/libnx/lib/libnx.a(fs.o)
                0x000000000000c2d0                fsFileSetSize
 *fill*         0x000000000000c394        0xc 
 .text.fsFileGetSize
                0x000000000000c3a0       0xec /opt/devkitpro/libnx/lib/libnx.a(fs.o)
                0x000000000000c3a0                fsFileGetSize
 *fill*         0x000000000000c48c        0x4 
 .text.fsFileClose
                0x000000000000c490       0x14 /opt/devkitpro/libnx/lib/libnx.a(fs.o)
                0x000000000000c490                fsFileClose
 *fill*         0x000000000000c4a4        0xc 
 .text.fsDirClose
                0x000000000000c4b0       0x14 /opt/devkitpro/libnx/lib/libnx.a(fs.o)
                0x000000000000c4b0                fsDirClose
 *fill*         0x000000000000c4c4        0xc 
 .text.fsDirRead
                0x000000000000c4d0      0x110 /opt/devkitpro/libnx/lib/libnx.a(fs.o)
                0x000000000000c4d0                fsDirRead
 .text.bufferProducerInitialize
                0x000000000000c5e0       0x10 /opt/devkitpro/libnx/lib/libnx.a(buffer_producer.o)
                0x000000000000c5e0                bufferProducerInitialize
 .text.bufferProducerExit
                0x000000000000c5f0        0xc /opt/devkitpro/libnx/lib/libnx.a(buffer_producer.o)
                0x000000000000c5f0                bufferProducerExit
 *fill*         0x000000000000c5fc        0x4 
 .text.bufferProducerRequestBuffer
                0x000000000000c600      0x134 /opt/devkitpro/libnx/lib/libnx.a(buffer_producer.o)
                0x000000000000c600                bufferProducerRequestBuffer
 *fill*         0x000000000000c734        0xc 
 .text.bufferProducerDequeueBuffer
                0x000000000000c740      0x1a0 /opt/devkitpro/libnx/lib/libnx.a(buffer_producer.o)
                0x000000000000c740                bufferProducerDequeueBuffer
 .text.bufferProducerDetachBuffer
                0x000000000000c8e0       0x9c /opt/devkitpro/libnx/lib/libnx.a(buffer_producer.o)
                0x000000000000c8e0                bufferProducerDetachBuffer
 *fill*         0x000000000000c97c        0x4 
 .text.bufferProducerQueueBuffer
                0x000000000000c980      0x120 /opt/devkitpro/libnx/lib/libnx.a(buffer_producer.o)
                0x000000000000c980                bufferProducerQueueBuffer
 .text.bufferProducerQuery
                0x000000000000caa0       0xdc /opt/devkitpro/libnx/lib/libnx.a(buffer_producer.o)
                0x000000000000caa0                bufferProducerQuery
 *fill*         0x000000000000cb7c        0x4 
 .text.bufferProducerConnect
                0x000000000000cb80      0x12c /opt/devkitpro/libnx/lib/libnx.a(buffer_producer.o)
                0x000000000000cb80                bufferProducerConnect
 *fill*         0x000000000000ccac        0x4 
 .text.bufferProducerDisconnect
                0x000000000000ccb0       0x9c /opt/devkitpro/libnx/lib/libnx.a(buffer_producer.o)
                0x000000000000ccb0                bufferProducerDisconnect
 *fill*         0x000000000000cd4c        0x4 
 .text.bufferProducerGraphicBufferInit
                0x000000000000cd50      0x110 /opt/devkitpro/libnx/lib/libnx.a(buffer_producer.o)
                0x000000000000cd50                bufferProducerGraphicBufferInit
 .text._binderTransactParcelAuto
                0x000000000000ce60      0x1ac /opt/devkitpro/libnx/lib/libnx.a(binder.o)
 *fill*         0x000000000000d00c        0x4 
 .text._binderTransactParcel
                0x000000000000d010      0x13c /opt/devkitpro/libnx/lib/libnx.a(binder.o)
 *fill*         0x000000000000d14c        0x4 
 .text.binderCreateSession
                0x000000000000d150       0x18 /opt/devkitpro/libnx/lib/libnx.a(binder.o)
                0x000000000000d150                binderCreateSession
 *fill*         0x000000000000d168        0x8 
 .text.binderTransactParcel
                0x000000000000d170       0x14 /opt/devkitpro/libnx/lib/libnx.a(binder.o)
                0x000000000000d170                binderTransactParcel
 *fill*         0x000000000000d184        0xc 
 .text.binderAdjustRefcount
                0x000000000000d190       0xe4 /opt/devkitpro/libnx/lib/libnx.a(binder.o)
                0x000000000000d190                binderAdjustRefcount
 *fill*         0x000000000000d274        0xc 
 .text.binderExitSession
                0x000000000000d280       0x70 /opt/devkitpro/libnx/lib/libnx.a(binder.o)
                0x000000000000d280                binderExitSession
 .text.binderGetNativeHandle
                0x000000000000d2f0      0x138 /opt/devkitpro/libnx/lib/libnx.a(binder.o)
                0x000000000000d2f0                binderGetNativeHandle
 *fill*         0x000000000000d428        0x8 
 .text.binderInitSession
                0x000000000000d430      0x1c8 /opt/devkitpro/libnx/lib/libnx.a(binder.o)
                0x000000000000d430                binderInitSession
 *fill*         0x000000000000d5f8        0x8 
 .text.parcelInitialize
                0x000000000000d600       0x28 /opt/devkitpro/libnx/lib/libnx.a(parcel.o)
                0x000000000000d600                parcelInitialize
 *fill*         0x000000000000d628        0x8 
 .text.parcelTransact
                0x000000000000d630      0x1d0 /opt/devkitpro/libnx/lib/libnx.a(parcel.o)
                0x000000000000d630                parcelTransact
 .text.parcelWriteData
                0x000000000000d800       0x88 /opt/devkitpro/libnx/lib/libnx.a(parcel.o)
                0x000000000000d800                parcelWriteData
 *fill*         0x000000000000d888        0x8 
 .text.parcelReadData
                0x000000000000d890       0x8c /opt/devkitpro/libnx/lib/libnx.a(parcel.o)
                0x000000000000d890                parcelReadData
 *fill*         0x000000000000d91c        0x4 
 .text.parcelWriteInt32
                0x000000000000d920       0x24 /opt/devkitpro/libnx/lib/libnx.a(parcel.o)
                0x000000000000d920                parcelWriteInt32
 *fill*         0x000000000000d944        0xc 
 .text.parcelWriteUInt32
                0x000000000000d950       0x24 /opt/devkitpro/libnx/lib/libnx.a(parcel.o)
                0x000000000000d950                parcelWriteUInt32
 *fill*         0x000000000000d974        0xc 
 .text.parcelWriteString16
                0x000000000000d980       0x74 /opt/devkitpro/libnx/lib/libnx.a(parcel.o)
                0x000000000000d980                parcelWriteString16
 *fill*         0x000000000000d9f4        0xc 
 .text.parcelWriteInterfaceToken
                0x000000000000da00       0x30 /opt/devkitpro/libnx/lib/libnx.a(parcel.o)
                0x000000000000da00                parcelWriteInterfaceToken
 .text.parcelReadInt32
                0x000000000000da30       0x24 /opt/devkitpro/libnx/lib/libnx.a(parcel.o)
                0x000000000000da30                parcelReadInt32
 *fill*         0x000000000000da54        0xc 
 .text.parcelReadFlattenedObject
                0x000000000000da60       0x6c /opt/devkitpro/libnx/lib/libnx.a(parcel.o)
                0x000000000000da60                parcelReadFlattenedObject
 *fill*         0x000000000000dacc        0x4 
 .text.parcelWriteFlattenedObject
                0x000000000000dad0       0x4c /opt/devkitpro/libnx/lib/libnx.a(parcel.o)
                0x000000000000dad0                parcelWriteFlattenedObject
 *fill*         0x000000000000db1c        0x4 
 .text.decode_utf8
                0x000000000000db20      0x130 /opt/devkitpro/libnx/lib/libnx.a(decode_utf8.o)
                0x000000000000db20                decode_utf8
 .text.__aarch64_read_tp
                0x000000000000dc50        0xc /opt/devkitpro/libnx/lib/libnx.a(readtp.o)
                0x000000000000dc50                __aarch64_read_tp
 *fill*         0x000000000000dc5c        0x4 
 .text.tmemCreate
                0x000000000000dc60       0x7c /opt/devkitpro/libnx/lib/libnx.a(tmem.o)
                0x000000000000dc60                tmemCreate
 *fill*         0x000000000000dcdc        0x4 
 .text.tmemUnmap
                0x000000000000dce0       0x48 /opt/devkitpro/libnx/lib/libnx.a(tmem.o)
                0x000000000000dce0                tmemUnmap
 *fill*         0x000000000000dd28        0x8 
 .text.tmemClose
                0x000000000000dd30       0x64 /opt/devkitpro/libnx/lib/libnx.a(tmem.o)
                0x000000000000dd30                tmemClose
 *fill*         0x000000000000dd94        0x4 
 .text.bsearch  0x000000000000dd98       0xc8 /opt/devkitpro/devkitA64/lib/gcc/aarch64-none-elf/7.3.0/../../../../aarch64-none-elf/lib/pic/libg.a(lib_a-bsearch.o)
                0x000000000000dd98                bsearch
 .text.__libc_fini_array
                0x000000000000de60       0x44 /opt/devkitpro/devkitA64/lib/gcc/aarch64-none-elf/7.3.0/../../../../aarch64-none-elf/lib/pic/libg.a(lib_a-fini.o)
                0x000000000000de60                __libc_fini_array
 *fill*         0x000000000000dea4        0x4 
 .text.__libc_init_array
                0x000000000000dea8       0x8c /opt/devkitpro/devkitA64/lib/gcc/aarch64-none-elf/7.3.0/../../../../aarch64-none-elf/lib/pic/libg.a(lib_a-init.o)
                0x000000000000dea8                __libc_init_array
 *fill*         0x000000000000df34        0x4 
 .text.iprintf  0x000000000000df38       0x90 /opt/devkitpro/devkitA64/lib/gcc/aarch64-none-elf/7.3.0/../../../../aarch64-none-elf/lib/pic/libg.a(lib_a-iprintf.o)
                0x000000000000df38                iprintf
 .text.__locale_mb_cur_max
                0x000000000000dfc8       0x2c /opt/devkitpro/devkitA64/lib/gcc/aarch64-none-elf/7.3.0/../../../../aarch64-none-elf/lib/pic/libg.a(lib_a-locale.o)
                0x000000000000dfc8                __locale_mb_cur_max
 *fill*         0x000000000000dff4        0x4 
 .text.__locale_ctype_ptr_l
                0x000000000000dff8        0x8 /opt/devkitpro/devkitA64/lib/gcc/aarch64-none-elf/7.3.0/../../../../aarch64-none-elf/lib/pic/libg.a(lib_a-locale.o)
                0x000000000000dff8                __locale_ctype_ptr_l
 .text.__locale_ctype_ptr
                0x000000000000e000       0x2c /opt/devkitpro/devkitA64/lib/gcc/aarch64-none-elf/7.3.0/../../../../aarch64-none-elf/lib/pic/libg.a(lib_a-locale.o)
                0x000000000000e000                __locale_ctype_ptr
 *fill*         0x000000000000e02c        0x4 
 .text.memalign
                0x000000000000e030       0x2c /opt/devkitpro/devkitA64/lib/gcc/aarch64-none-elf/7.3.0/../../../../aarch64-none-elf/lib/pic/libg.a(lib_a-malign.o)
                0x000000000000e030                memalign
 *fill*         0x000000000000e05c        0x4 
 .text._memalign_r
                0x000000000000e060      0x1ac /opt/devkitpro/devkitA64/lib/gcc/aarch64-none-elf/7.3.0/../../../../aarch64-none-elf/lib/pic/libg.a(lib_a-malignr.o)
                0x000000000000e060                _memalign_r
 *fill*         0x000000000000e20c        0x4 
 .text.malloc   0x000000000000e210       0x24 /opt/devkitpro/devkitA64/lib/gcc/aarch64-none-elf/7.3.0/../../../../aarch64-none-elf/lib/pic/libg.a(lib_a-malloc.o)
                0x000000000000e210                malloc
 *fill*         0x000000000000e234        0x4 
 .text.free     0x000000000000e238       0x24 /opt/devkitpro/devkitA64/lib/gcc/aarch64-none-elf/7.3.0/../../../../aarch64-none-elf/lib/pic/libg.a(lib_a-malloc.o)
                0x000000000000e238                free
 *fill*         0x000000000000e25c        0x4 
 .text._malloc_r
                0x000000000000e260      0x8b4 /opt/devkitpro/devkitA64/lib/gcc/aarch64-none-elf/7.3.0/../../../../aarch64-none-elf/lib/pic/libg.a(lib_a-mallocr.o)
                0x000000000000e260                _malloc_r
 *fill*         0x000000000000eb14        0x4 
 .text.__utf8_mbtowc
                0x000000000000eb18      0x2d8 /opt/devkitpro/devkitA64/lib/gcc/aarch64-none-elf/7.3.0/../../../../aarch64-none-elf/lib/pic/libg.a(lib_a-mbtowc_r.o)
                0x000000000000eb18                __utf8_mbtowc
 .text          0x000000000000edf0       0xd8 /opt/devkitpro/devkitA64/lib/gcc/aarch64-none-elf/7.3.0/../../../../aarch64-none-elf/lib/pic/libg.a(lib_a-memchr.o)
                0x000000000000edf0                memchr
 *fill*         0x000000000000eec8       0x38 
 .text          0x000000000000ef00      0x16c /opt/devkitpro/devkitA64/lib/gcc/aarch64-none-elf/7.3.0/../../../../aarch64-none-elf/lib/pic/libg.a(lib_a-memcpy.o)
                0x000000000000ef00                memcpy
 *fill*         0x000000000000f06c       0x14 
 .text          0x000000000000f080      0x1d8 /opt/devkitpro/devkitA64/lib/gcc/aarch64-none-elf/7.3.0/../../../../aarch64-none-elf/lib/pic/libg.a(lib_a-memset.o)
                0x000000000000f080                memset
 .text.__malloc_lock
                0x000000000000f258        0xc /opt/devkitpro/devkitA64/lib/gcc/aarch64-none-elf/7.3.0/../../../../aarch64-none-elf/lib/pic/libg.a(lib_a-mlock.o)
                0x000000000000f258                __malloc_lock
 *fill*         0x000000000000f264        0x4 
 .text.__malloc_unlock
                0x000000000000f268        0xc /opt/devkitpro/devkitA64/lib/gcc/aarch64-none-elf/7.3.0/../../../../aarch64-none-elf/lib/pic/libg.a(lib_a-mlock.o)
                0x000000000000f268                __malloc_unlock
 *fill*         0x000000000000f274        0x4 
 .text.printf   0x000000000000f278       0x90 /opt/devkitpro/devkitA64/lib/gcc/aarch64-none-elf/7.3.0/../../../../aarch64-none-elf/lib/pic/libg.a(lib_a-printf.o)
                0x000000000000f278                printf
 .text.putchar  0x000000000000f308       0x28 /opt/devkitpro/devkitA64/lib/gcc/aarch64-none-elf/7.3.0/../../../../aarch64-none-elf/lib/pic/libg.a(lib_a-putchar.o)
                0x000000000000f308                putchar
 .text._putc_r  0x000000000000f330       0xe4 /opt/devkitpro/devkitA64/lib/gcc/aarch64-none-elf/7.3.0/../../../../aarch64-none-elf/lib/pic/libg.a(lib_a-putc.o)
                0x000000000000f330                _putc_r
 *fill*         0x000000000000f414        0x4 
 .text.setvbuf  0x000000000000f418      0x270 /opt/devkitpro/devkitA64/lib/gcc/aarch64-none-elf/7.3.0/../../../../aarch64-none-elf/lib/pic/libg.a(lib_a-setvbuf.o)
                0x000000000000f418                setvbuf
 .text.sscanf   0x000000000000f688       0xc8 /opt/devkitpro/devkitA64/lib/gcc/aarch64-none-elf/7.3.0/../../../../aarch64-none-elf/lib/pic/libg.a(lib_a-sscanf.o)
                0x000000000000f688                sscanf
 .text.__sread  0x000000000000f750       0x50 /opt/devkitpro/devkitA64/lib/gcc/aarch64-none-elf/7.3.0/../../../../aarch64-none-elf/lib/pic/libg.a(lib_a-stdio.o)
                0x000000000000f750                __sread
 .text.__seofread
                0x000000000000f7a0        0x8 /opt/devkitpro/devkitA64/lib/gcc/aarch64-none-elf/7.3.0/../../../../aarch64-none-elf/lib/pic/libg.a(lib_a-stdio.o)
                0x000000000000f7a0                __seofread
 .text.__swrite
                0x000000000000f7a8       0x68 /opt/devkitpro/devkitA64/lib/gcc/aarch64-none-elf/7.3.0/../../../../aarch64-none-elf/lib/pic/libg.a(lib_a-stdio.o)
                0x000000000000f7a8                __swrite
 .text.__sseek  0x000000000000f810       0x54 /opt/devkitpro/devkitA64/lib/gcc/aarch64-none-elf/7.3.0/../../../../aarch64-none-elf/lib/pic/libg.a(lib_a-stdio.o)
                0x000000000000f810                __sseek
 *fill*         0x000000000000f864        0x4 
 .text.__sclose
                0x000000000000f868        0x8 /opt/devkitpro/devkitA64/lib/gcc/aarch64-none-elf/7.3.0/../../../../aarch64-none-elf/lib/pic/libg.a(lib_a-stdio.o)
                0x000000000000f868                __sclose
 .text          0x000000000000f870       0xdc /opt/devkitpro/devkitA64/lib/gcc/aarch64-none-elf/7.3.0/../../../../aarch64-none-elf/lib/pic/libg.a(lib_a-strchr.o)
                0x000000000000f870                strchr
 *fill*         0x000000000000f94c       0x34 
 .text          0x000000000000f980       0xa4 /opt/devkitpro/devkitA64/lib/gcc/aarch64-none-elf/7.3.0/../../../../aarch64-none-elf/lib/pic/libg.a(lib_a-strcmp.o)
                0x000000000000f980                strcmp
 *fill*         0x000000000000fa24       0x1c 
 .text          0x000000000000fa40      0x140 /opt/devkitpro/devkitA64/lib/gcc/aarch64-none-elf/7.3.0/../../../../aarch64-none-elf/lib/pic/libg.a(lib_a-strlen.o)
                0x000000000000fa40                strlen
 .text.strncat  0x000000000000fb80       0x88 /opt/devkitpro/devkitA64/lib/gcc/aarch64-none-elf/7.3.0/../../../../aarch64-none-elf/lib/pic/libg.a(lib_a-strncat.o)
                0x000000000000fb80                strncat
 *fill*         0x000000000000fc08       0x38 
 .text          0x000000000000fc40      0x124 /opt/devkitpro/devkitA64/lib/gcc/aarch64-none-elf/7.3.0/../../../../aarch64-none-elf/lib/pic/libg.a(lib_a-strncmp.o)
                0x000000000000fc5c                strncmp
 *fill*         0x000000000000fd64        0x4 
 .text.strncpy  0x000000000000fd68       0xb4 /opt/devkitpro/devkitA64/lib/gcc/aarch64-none-elf/7.3.0/../../../../aarch64-none-elf/lib/pic/libg.a(lib_a-strncpy.o)
                0x000000000000fd68                strncpy
 *fill*         0x000000000000fe1c       0x24 
 .text          0x000000000000fe40       0xe0 /opt/devkitpro/devkitA64/lib/gcc/aarch64-none-elf/7.3.0/../../../../aarch64-none-elf/lib/pic/libg.a(lib_a-strnlen.o)
                0x000000000000fe64                strnlen
 .text._strtol_l.isra.0
                0x000000000000ff20      0x1d8 /opt/devkitpro/devkitA64/lib/gcc/aarch64-none-elf/7.3.0/../../../../aarch64-none-elf/lib/pic/libg.a(lib_a-strtol.o)
 .text._strtol_r
                0x00000000000100f8       0x58 /opt/devkitpro/devkitA64/lib/gcc/aarch64-none-elf/7.3.0/../../../../aarch64-none-elf/lib/pic/libg.a(lib_a-strtol.o)
                0x00000000000100f8                _strtol_r
 .text.get_arg  0x0000000000010150       0x5c /opt/devkitpro/devkitA64/lib/gcc/aarch64-none-elf/7.3.0/../../../../aarch64-none-elf/lib/pic/libg.a(lib_a-svfscanf.o)
 .text.__ssvfscanf_r
                0x00000000000101ac     0x2f30 /opt/devkitpro/devkitA64/lib/gcc/aarch64-none-elf/7.3.0/../../../../aarch64-none-elf/lib/pic/libg.a(lib_a-svfscanf.o)
                0x00000000000101ac                __ssvfscanf_r
 .text.get_arg  0x00000000000130dc      0x778 /opt/devkitpro/devkitA64/lib/gcc/aarch64-none-elf/7.3.0/../../../../aarch64-none-elf/lib/pic/libg.a(lib_a-vfiprintf.o)
 .text.__sprint_r
                0x0000000000013854       0x3c /opt/devkitpro/devkitA64/lib/gcc/aarch64-none-elf/7.3.0/../../../../aarch64-none-elf/lib/pic/libg.a(lib_a-vfiprintf.o)
                0x0000000000013854                __sprint_r
 .text._vfiprintf_r
                0x0000000000013890     0x2944 /opt/devkitpro/devkitA64/lib/gcc/aarch64-none-elf/7.3.0/../../../../aarch64-none-elf/lib/pic/libg.a(lib_a-vfiprintf.o)
                0x0000000000013890                _vfiprintf_r
 .text.__sbprintf
                0x00000000000161d4       0xf4 /opt/devkitpro/devkitA64/lib/gcc/aarch64-none-elf/7.3.0/../../../../aarch64-none-elf/lib/pic/libg.a(lib_a-vfiprintf.o)
 .text.get_arg  0x00000000000162c8      0x778 /opt/devkitpro/devkitA64/lib/gcc/aarch64-none-elf/7.3.0/../../../../aarch64-none-elf/lib/pic/libg.a(lib_a-vfprintf.o)
 .text._vfprintf_r
                0x0000000000016a40     0x3bc0 /opt/devkitpro/devkitA64/lib/gcc/aarch64-none-elf/7.3.0/../../../../aarch64-none-elf/lib/pic/libg.a(lib_a-vfprintf.o)
                0x0000000000016a40                _vfprintf_r
 .text.__sbprintf
                0x000000000001a600       0xf4 /opt/devkitpro/devkitA64/lib/gcc/aarch64-none-elf/7.3.0/../../../../aarch64-none-elf/lib/pic/libg.a(lib_a-vfprintf.o)
 *fill*         0x000000000001a6f4        0x4 
 .text.__swbuf_r
                0x000000000001a6f8      0x12c /opt/devkitpro/devkitA64/lib/gcc/aarch64-none-elf/7.3.0/../../../../aarch64-none-elf/lib/pic/libg.a(lib_a-wbuf.o)
                0x000000000001a6f8                __swbuf_r
 *fill*         0x000000000001a824        0x4 
 .text._wcrtomb_r
                0x000000000001a828       0xdc /opt/devkitpro/devkitA64/lib/gcc/aarch64-none-elf/7.3.0/../../../../aarch64-none-elf/lib/pic/libg.a(lib_a-wcrtomb.o)
                0x000000000001a828                _wcrtomb_r
 *fill*         0x000000000001a904        0x4 
 .text._wcsrtombs_r
                0x000000000001a908       0x10 /opt/devkitpro/devkitA64/lib/gcc/aarch64-none-elf/7.3.0/../../../../aarch64-none-elf/lib/pic/libg.a(lib_a-wcsrtombs.o)
                0x000000000001a908                _wcsrtombs_r
 .text.__utf8_wctomb
                0x000000000001a918       0xe8 /opt/devkitpro/devkitA64/lib/gcc/aarch64-none-elf/7.3.0/../../../../aarch64-none-elf/lib/pic/libg.a(lib_a-wctomb_r.o)
                0x000000000001a918                __utf8_wctomb
 .text.__swsetup_r
                0x000000000001aa00      0x13c /opt/devkitpro/devkitA64/lib/gcc/aarch64-none-elf/7.3.0/../../../../aarch64-none-elf/lib/pic/libg.a(lib_a-wsetup.o)
                0x000000000001aa00                __swsetup_r
 *fill*         0x000000000001ab3c        0x4 
 .text.quorem   0x000000000001ab40      0x1b0 /opt/devkitpro/devkitA64/lib/gcc/aarch64-none-elf/7.3.0/../../../../aarch64-none-elf/lib/pic/libg.a(lib_a-dtoa.o)
 .text._dtoa_r  0x000000000001acf0     0x11c4 /opt/devkitpro/devkitA64/lib/gcc/aarch64-none-elf/7.3.0/../../../../aarch64-none-elf/lib/pic/libg.a(lib_a-dtoa.o)
                0x000000000001acf0                _dtoa_r
 *fill*         0x000000000001beb4        0x4 
 .text.__sflush_r
                0x000000000001beb8      0x278 /opt/devkitpro/devkitA64/lib/gcc/aarch64-none-elf/7.3.0/../../../../aarch64-none-elf/lib/pic/libg.a(lib_a-fflush.o)
                0x000000000001beb8                __sflush_r
 .text._fflush_r
                0x000000000001c130       0xa4 /opt/devkitpro/devkitA64/lib/gcc/aarch64-none-elf/7.3.0/../../../../aarch64-none-elf/lib/pic/libg.a(lib_a-fflush.o)
                0x000000000001c130                _fflush_r
 *fill*         0x000000000001c1d4        0x4 
 .text.std      0x000000000001c1d8       0x78 /opt/devkitpro/devkitA64/lib/gcc/aarch64-none-elf/7.3.0/../../../../aarch64-none-elf/lib/pic/libg.a(lib_a-findfp.o)
 .text._cleanup_r
                0x000000000001c250        0xc /opt/devkitpro/devkitA64/lib/gcc/aarch64-none-elf/7.3.0/../../../../aarch64-none-elf/lib/pic/libg.a(lib_a-findfp.o)
                0x000000000001c250                _cleanup_r
 *fill*         0x000000000001c25c        0x4 
 .text.__sfp_lock_acquire
                0x000000000001c260        0xc /opt/devkitpro/devkitA64/lib/gcc/aarch64-none-elf/7.3.0/../../../../aarch64-none-elf/lib/pic/libg.a(lib_a-findfp.o)
                0x000000000001c260                __sfp_lock_acquire
 *fill*         0x000000000001c26c        0x4 
 .text.__sfp_lock_release
                0x000000000001c270        0xc /opt/devkitpro/devkitA64/lib/gcc/aarch64-none-elf/7.3.0/../../../../aarch64-none-elf/lib/pic/libg.a(lib_a-findfp.o)
                0x000000000001c270                __sfp_lock_release
 *fill*         0x000000000001c27c        0x4 
 .text.__sinit_lock_acquire
                0x000000000001c280        0xc /opt/devkitpro/devkitA64/lib/gcc/aarch64-none-elf/7.3.0/../../../../aarch64-none-elf/lib/pic/libg.a(lib_a-findfp.o)
                0x000000000001c280                __sinit_lock_acquire
 *fill*         0x000000000001c28c        0x4 
 .text.__sinit_lock_release
                0x000000000001c290        0xc /opt/devkitpro/devkitA64/lib/gcc/aarch64-none-elf/7.3.0/../../../../aarch64-none-elf/lib/pic/libg.a(lib_a-findfp.o)
                0x000000000001c290                __sinit_lock_release
 *fill*         0x000000000001c29c        0x4 
 .text.__sinit  0x000000000001c2a0       0x80 /opt/devkitpro/devkitA64/lib/gcc/aarch64-none-elf/7.3.0/../../../../aarch64-none-elf/lib/pic/libg.a(lib_a-findfp.o)
                0x000000000001c2a0                __sinit
 .text._malloc_trim_r
                0x000000000001c320      0x11c /opt/devkitpro/devkitA64/lib/gcc/aarch64-none-elf/7.3.0/../../../../aarch64-none-elf/lib/pic/libg.a(lib_a-freer.o)
                0x000000000001c320                _malloc_trim_r
 *fill*         0x000000000001c43c        0x4 
 .text._free_r  0x000000000001c440      0x314 /opt/devkitpro/devkitA64/lib/gcc/aarch64-none-elf/7.3.0/../../../../aarch64-none-elf/lib/pic/libg.a(lib_a-freer.o)
                0x000000000001c440                _free_r
 *fill*         0x000000000001c754        0x4 
 .text.__sfvwrite_r
                0x000000000001c758      0x4f4 /opt/devkitpro/devkitA64/lib/gcc/aarch64-none-elf/7.3.0/../../../../aarch64-none-elf/lib/pic/libg.a(lib_a-fvwrite.o)
                0x000000000001c758                __sfvwrite_r
 *fill*         0x000000000001cc4c        0x4 
 .text._fwalk_reent
                0x000000000001cc50       0xcc /opt/devkitpro/devkitA64/lib/gcc/aarch64-none-elf/7.3.0/../../../../aarch64-none-elf/lib/pic/libg.a(lib_a-fwalk.o)
                0x000000000001cc50                _fwalk_reent
 *fill*         0x000000000001cd1c        0x4 
 .text.iswspace
                0x000000000001cd20       0x80 /opt/devkitpro/devkitA64/lib/gcc/aarch64-none-elf/7.3.0/../../../../aarch64-none-elf/lib/pic/libg.a(lib_a-iswspace.o)
                0x000000000001cd20                iswspace
 .text.__jp2uc  0x000000000001cda0      0x24c /opt/devkitpro/devkitA64/lib/gcc/aarch64-none-elf/7.3.0/../../../../aarch64-none-elf/lib/pic/libg.a(lib_a-jp2uc.o)
 *fill*         0x000000000001cfec        0x4 
 .text._jp2uc   0x000000000001cff0       0xd0 /opt/devkitpro/devkitA64/lib/gcc/aarch64-none-elf/7.3.0/../../../../aarch64-none-elf/lib/pic/libg.a(lib_a-jp2uc.o)
                0x000000000001cff0                _jp2uc
 .text.__localeconv_l
                0x000000000001d0c0        0x8 /opt/devkitpro/devkitA64/lib/gcc/aarch64-none-elf/7.3.0/../../../../aarch64-none-elf/lib/pic/libg.a(lib_a-localeconv.o)
                0x000000000001d0c0                __localeconv_l
 .text._localeconv_r
                0x000000000001d0c8       0x28 /opt/devkitpro/devkitA64/lib/gcc/aarch64-none-elf/7.3.0/../../../../aarch64-none-elf/lib/pic/libg.a(lib_a-localeconv.o)
                0x000000000001d0c8                _localeconv_r
 .text.__swhatbuf_r
                0x000000000001d0f0       0xac /opt/devkitpro/devkitA64/lib/gcc/aarch64-none-elf/7.3.0/../../../../aarch64-none-elf/lib/pic/libg.a(lib_a-makebuf.o)
                0x000000000001d0f0                __swhatbuf_r
 *fill*         0x000000000001d19c        0x4 
 .text.__smakebuf_r
                0x000000000001d1a0      0x110 /opt/devkitpro/devkitA64/lib/gcc/aarch64-none-elf/7.3.0/../../../../aarch64-none-elf/lib/pic/libg.a(lib_a-makebuf.o)
                0x000000000001d1a0                __smakebuf_r
 .text._mbrtowc_r
                0x000000000001d2b0       0xf4 /opt/devkitpro/devkitA64/lib/gcc/aarch64-none-elf/7.3.0/../../../../aarch64-none-elf/lib/pic/libg.a(lib_a-mbrtowc.o)
                0x000000000001d2b0                _mbrtowc_r
 *fill*         0x000000000001d3a4       0x1c 
 .text          0x000000000001d3c0       0xac /opt/devkitpro/devkitA64/lib/gcc/aarch64-none-elf/7.3.0/../../../../aarch64-none-elf/lib/pic/libg.a(lib_a-memmove.o)
                0x000000000001d3c0                memmove
 *fill*         0x000000000001d46c        0x4 
 .text._Balloc  0x000000000001d470       0xa4 /opt/devkitpro/devkitA64/lib/gcc/aarch64-none-elf/7.3.0/../../../../aarch64-none-elf/lib/pic/libg.a(lib_a-mprec.o)
                0x000000000001d470                _Balloc
 *fill*         0x000000000001d514        0x4 
 .text._Bfree   0x000000000001d518       0x1c /opt/devkitpro/devkitA64/lib/gcc/aarch64-none-elf/7.3.0/../../../../aarch64-none-elf/lib/pic/libg.a(lib_a-mprec.o)
                0x000000000001d518                _Bfree
 *fill*         0x000000000001d534        0x4 
 .text.__multadd
                0x000000000001d538       0xe0 /opt/devkitpro/devkitA64/lib/gcc/aarch64-none-elf/7.3.0/../../../../aarch64-none-elf/lib/pic/libg.a(lib_a-mprec.o)
                0x000000000001d538                __multadd
 .text.__s2b    0x000000000001d618      0x120 /opt/devkitpro/devkitA64/lib/gcc/aarch64-none-elf/7.3.0/../../../../aarch64-none-elf/lib/pic/libg.a(lib_a-mprec.o)
                0x000000000001d618                __s2b
 .text.__hi0bits
                0x000000000001d738       0x5c /opt/devkitpro/devkitA64/lib/gcc/aarch64-none-elf/7.3.0/../../../../aarch64-none-elf/lib/pic/libg.a(lib_a-mprec.o)
                0x000000000001d738                __hi0bits
 *fill*         0x000000000001d794        0x4 
 .text.__lo0bits
                0x000000000001d798       0xa8 /opt/devkitpro/devkitA64/lib/gcc/aarch64-none-elf/7.3.0/../../../../aarch64-none-elf/lib/pic/libg.a(lib_a-mprec.o)
                0x000000000001d798                __lo0bits
 .text.__i2b    0x000000000001d840       0x2c /opt/devkitpro/devkitA64/lib/gcc/aarch64-none-elf/7.3.0/../../../../aarch64-none-elf/lib/pic/libg.a(lib_a-mprec.o)
                0x000000000001d840                __i2b
 *fill*         0x000000000001d86c        0x4 
 .text.__multiply
                0x000000000001d870      0x1d8 /opt/devkitpro/devkitA64/lib/gcc/aarch64-none-elf/7.3.0/../../../../aarch64-none-elf/lib/pic/libg.a(lib_a-mprec.o)
                0x000000000001d870                __multiply
 .text.__pow5mult
                0x000000000001da48      0x108 /opt/devkitpro/devkitA64/lib/gcc/aarch64-none-elf/7.3.0/../../../../aarch64-none-elf/lib/pic/libg.a(lib_a-mprec.o)
                0x000000000001da48                __pow5mult
 .text.__lshift
                0x000000000001db50      0x144 /opt/devkitpro/devkitA64/lib/gcc/aarch64-none-elf/7.3.0/../../../../aarch64-none-elf/lib/pic/libg.a(lib_a-mprec.o)
                0x000000000001db50                __lshift
 *fill*         0x000000000001dc94        0x4 
 .text.__mcmp   0x000000000001dc98       0x54 /opt/devkitpro/devkitA64/lib/gcc/aarch64-none-elf/7.3.0/../../../../aarch64-none-elf/lib/pic/libg.a(lib_a-mprec.o)
                0x000000000001dc98                __mcmp
 *fill*         0x000000000001dcec        0x4 
 .text.__mdiff  0x000000000001dcf0      0x164 /opt/devkitpro/devkitA64/lib/gcc/aarch64-none-elf/7.3.0/../../../../aarch64-none-elf/lib/pic/libg.a(lib_a-mprec.o)
                0x000000000001dcf0                __mdiff
 *fill*         0x000000000001de54        0x4 
 .text.__ulp    0x000000000001de58       0x74 /opt/devkitpro/devkitA64/lib/gcc/aarch64-none-elf/7.3.0/../../../../aarch64-none-elf/lib/pic/libg.a(lib_a-mprec.o)
                0x000000000001de58                __ulp
 *fill*         0x000000000001decc        0x4 
 .text.__b2d    0x000000000001ded0      0x154 /opt/devkitpro/devkitA64/lib/gcc/aarch64-none-elf/7.3.0/../../../../aarch64-none-elf/lib/pic/libg.a(lib_a-mprec.o)
                0x000000000001ded0                __b2d
 *fill*         0x000000000001e024        0x4 
 .text.__d2b    0x000000000001e028      0x12c /opt/devkitpro/devkitA64/lib/gcc/aarch64-none-elf/7.3.0/../../../../aarch64-none-elf/lib/pic/libg.a(lib_a-mprec.o)
                0x000000000001e028                __d2b
 *fill*         0x000000000001e154        0x4 
 .text.__ratio  0x000000000001e158       0xa0 /opt/devkitpro/devkitA64/lib/gcc/aarch64-none-elf/7.3.0/../../../../aarch64-none-elf/lib/pic/libg.a(lib_a-mprec.o)
                0x000000000001e158                __ratio
 .text.__copybits
                0x000000000001e1f8       0x68 /opt/devkitpro/devkitA64/lib/gcc/aarch64-none-elf/7.3.0/../../../../aarch64-none-elf/lib/pic/libg.a(lib_a-mprec.o)
                0x000000000001e1f8                __copybits
 .text.__any_on
                0x000000000001e260       0x88 /opt/devkitpro/devkitA64/lib/gcc/aarch64-none-elf/7.3.0/../../../../aarch64-none-elf/lib/pic/libg.a(lib_a-mprec.o)
                0x000000000001e260                __any_on
 .text.realloc  0x000000000001e2e8       0x2c /opt/devkitpro/devkitA64/lib/gcc/aarch64-none-elf/7.3.0/../../../../aarch64-none-elf/lib/pic/libg.a(lib_a-realloc.o)
                0x000000000001e2e8                realloc
 *fill*         0x000000000001e314        0x4 
 .text._realloc_r
                0x000000000001e318      0x55c /opt/devkitpro/devkitA64/lib/gcc/aarch64-none-elf/7.3.0/../../../../aarch64-none-elf/lib/pic/libg.a(lib_a-reallocr.o)
                0x000000000001e318                _realloc_r
 *fill*         0x000000000001e874        0x4 
 .text.__sccl   0x000000000001e878       0xb4 /opt/devkitpro/devkitA64/lib/gcc/aarch64-none-elf/7.3.0/../../../../aarch64-none-elf/lib/pic/libg.a(lib_a-sccl.o)
                0x000000000001e878                __sccl
 *fill*         0x000000000001e92c        0x4 
 .text.nanf     0x000000000001e930        0xc /opt/devkitpro/devkitA64/lib/gcc/aarch64-none-elf/7.3.0/../../../../aarch64-none-elf/lib/pic/libg.a(lib_a-sf_nan.o)
                0x000000000001e930                nanf
 *fill*         0x000000000001e93c        0x4 
 .text.frexp    0x000000000001e940       0x94 /opt/devkitpro/devkitA64/lib/gcc/aarch64-none-elf/7.3.0/../../../../aarch64-none-elf/lib/pic/libg.a(lib_a-s_frexp.o)
                0x000000000001e940                frexp
 *fill*         0x000000000001e9d4        0x4 
 .text.sprintf  0x000000000001e9d8       0xb0 /opt/devkitpro/devkitA64/lib/gcc/aarch64-none-elf/7.3.0/../../../../aarch64-none-elf/lib/pic/libg.a(lib_a-sprintf.o)
                0x000000000001e9d8                sprintf
 .text.stpncpy  0x000000000001ea88       0xc8 /opt/devkitpro/devkitA64/lib/gcc/aarch64-none-elf/7.3.0/../../../../aarch64-none-elf/lib/pic/libg.a(lib_a-stpncpy.o)
                0x000000000001ea88                stpncpy
 .text._strtod_l
                0x000000000001eb50     0x1110 /opt/devkitpro/devkitA64/lib/gcc/aarch64-none-elf/7.3.0/../../../../aarch64-none-elf/lib/pic/libg.a(lib_a-strtod.o)
                0x000000000001eb50                _strtod_l
 .text._strtod_r
                0x000000000001fc60       0x50 /opt/devkitpro/devkitA64/lib/gcc/aarch64-none-elf/7.3.0/../../../../aarch64-none-elf/lib/pic/libg.a(lib_a-strtod.o)
                0x000000000001fc60                _strtod_r
 .text._strtoll_l.isra.0
                0x000000000001fcb0      0x1d8 /opt/devkitpro/devkitA64/lib/gcc/aarch64-none-elf/7.3.0/../../../../aarch64-none-elf/lib/pic/libg.a(lib_a-strtoll.o)
 .text._strtoll_r
                0x000000000001fe88       0x58 /opt/devkitpro/devkitA64/lib/gcc/aarch64-none-elf/7.3.0/../../../../aarch64-none-elf/lib/pic/libg.a(lib_a-strtoll.o)
                0x000000000001fe88                _strtoll_r
 .text._strtoull_l.isra.0
                0x000000000001fee0      0x1e0 /opt/devkitpro/devkitA64/lib/gcc/aarch64-none-elf/7.3.0/../../../../aarch64-none-elf/lib/pic/libg.a(lib_a-strtoull.o)
 .text._strtoull_r
                0x00000000000200c0       0x58 /opt/devkitpro/devkitA64/lib/gcc/aarch64-none-elf/7.3.0/../../../../aarch64-none-elf/lib/pic/libg.a(lib_a-strtoull.o)
                0x00000000000200c0                _strtoull_r
 .text._strtoul_l.isra.0
                0x0000000000020118      0x1e0 /opt/devkitpro/devkitA64/lib/gcc/aarch64-none-elf/7.3.0/../../../../aarch64-none-elf/lib/pic/libg.a(lib_a-strtoul.o)
 .text._strtoul_r
                0x00000000000202f8       0x58 /opt/devkitpro/devkitA64/lib/gcc/aarch64-none-elf/7.3.0/../../../../aarch64-none-elf/lib/pic/libg.a(lib_a-strtoul.o)
                0x00000000000202f8                _strtoul_r
 .text.__ssprint_r
                0x0000000000020350      0x1c0 /opt/devkitpro/devkitA64/lib/gcc/aarch64-none-elf/7.3.0/../../../../aarch64-none-elf/lib/pic/libg.a(lib_a-svfiprintf.o)
                0x0000000000020350                __ssprint_r
 .text._sungetc_r
                0x0000000000020510       0xf4 /opt/devkitpro/devkitA64/lib/gcc/aarch64-none-elf/7.3.0/../../../../aarch64-none-elf/lib/pic/libg.a(lib_a-svfiscanf.o)
                0x0000000000020510                _sungetc_r
 .text.__ssrefill_r
                0x0000000000020604       0x70 /opt/devkitpro/devkitA64/lib/gcc/aarch64-none-elf/7.3.0/../../../../aarch64-none-elf/lib/pic/libg.a(lib_a-svfiscanf.o)
                0x0000000000020604                __ssrefill_r
 .text._sfread_r
                0x0000000000020674       0xcc /opt/devkitpro/devkitA64/lib/gcc/aarch64-none-elf/7.3.0/../../../../aarch64-none-elf/lib/pic/libg.a(lib_a-svfiscanf.o)
                0x0000000000020674                _sfread_r
 .text.get_arg  0x0000000000020740      0x778 /opt/devkitpro/devkitA64/lib/gcc/aarch64-none-elf/7.3.0/../../../../aarch64-none-elf/lib/pic/libg.a(lib_a-svfprintf.o)
 .text._svfprintf_r
                0x0000000000020eb8     0x3afc /opt/devkitpro/devkitA64/lib/gcc/aarch64-none-elf/7.3.0/../../../../aarch64-none-elf/lib/pic/libg.a(lib_a-svfprintf.o)
                0x0000000000020eb8                _svfprintf_r
 *fill*         0x00000000000249b4        0x4 
 .text.__submore
                0x00000000000249b8       0xd8 /opt/devkitpro/devkitA64/lib/gcc/aarch64-none-elf/7.3.0/../../../../aarch64-none-elf/lib/pic/libg.a(lib_a-ungetc.o)
                0x00000000000249b8                __submore
 .text._wcsnrtombs_l
                0x0000000000024a90      0x1d4 /opt/devkitpro/devkitA64/lib/gcc/aarch64-none-elf/7.3.0/../../../../aarch64-none-elf/lib/pic/libg.a(lib_a-wcsnrtombs.o)
                0x0000000000024a90                _wcsnrtombs_l
 *fill*         0x0000000000024c64        0x4 
 .text._wcsnrtombs_r
                0x0000000000024c68       0x74 /opt/devkitpro/devkitA64/lib/gcc/aarch64-none-elf/7.3.0/../../../../aarch64-none-elf/lib/pic/libg.a(lib_a-wcsnrtombs.o)
                0x0000000000024c68                _wcsnrtombs_r
 *fill*         0x0000000000024cdc        0x4 
 .text._calloc_r
                0x0000000000024ce0       0x90 /opt/devkitpro/devkitA64/lib/gcc/aarch64-none-elf/7.3.0/../../../../aarch64-none-elf/lib/pic/libg.a(lib_a-callocr.o)
                0x0000000000024ce0                _calloc_r
 .text._fclose_r
                0x0000000000024d70      0x18c /opt/devkitpro/devkitA64/lib/gcc/aarch64-none-elf/7.3.0/../../../../aarch64-none-elf/lib/pic/libg.a(lib_a-fclose.o)
                0x0000000000024d70                _fclose_r
 *fill*         0x0000000000024efc        0x4 
 .text.rshift   0x0000000000024f00       0xf0 /opt/devkitpro/devkitA64/lib/gcc/aarch64-none-elf/7.3.0/../../../../aarch64-none-elf/lib/pic/libg.a(lib_a-gdtoa-gethex.o)
 .text.__gethex
                0x0000000000024ff0      0x7c0 /opt/devkitpro/devkitA64/lib/gcc/aarch64-none-elf/7.3.0/../../../../aarch64-none-elf/lib/pic/libg.a(lib_a-gdtoa-gethex.o)
                0x0000000000024ff0                __gethex
 .text.__match  0x00000000000257b0       0x48 /opt/devkitpro/devkitA64/lib/gcc/aarch64-none-elf/7.3.0/../../../../aarch64-none-elf/lib/pic/libg.a(lib_a-gdtoa-hexnan.o)
                0x00000000000257b0                __match
 .text.__hexnan
                0x00000000000257f8      0x228 /opt/devkitpro/devkitA64/lib/gcc/aarch64-none-elf/7.3.0/../../../../aarch64-none-elf/lib/pic/libg.a(lib_a-gdtoa-hexnan.o)
                0x00000000000257f8                __hexnan
 .text.null_write
                0x0000000000025a20        0x8 /opt/devkitpro/devkitA64/lib/gcc/aarch64-none-elf/7.3.0/../../../../aarch64-none-elf/lib/pic/libsysbase.a(iosupport.o)
 .text.setDefaultDevice
                0x0000000000025a28       0x18 /opt/devkitpro/devkitA64/lib/gcc/aarch64-none-elf/7.3.0/../../../../aarch64-none-elf/lib/pic/libsysbase.a(iosupport.o)
                0x0000000000025a28                setDefaultDevice
 .text.FindDevice
                0x0000000000025a40      0x114 /opt/devkitpro/devkitA64/lib/gcc/aarch64-none-elf/7.3.0/../../../../aarch64-none-elf/lib/pic/libsysbase.a(iosupport.o)
                0x0000000000025a40                FindDevice
 *fill*         0x0000000000025b54        0x4 
 .text.RemoveDevice
                0x0000000000025b58       0x34 /opt/devkitpro/devkitA64/lib/gcc/aarch64-none-elf/7.3.0/../../../../aarch64-none-elf/lib/pic/libsysbase.a(iosupport.o)
                0x0000000000025b58                RemoveDevice
 *fill*         0x0000000000025b8c        0x4 
 .text.AddDevice
                0x0000000000025b90       0xd8 /opt/devkitpro/devkitA64/lib/gcc/aarch64-none-elf/7.3.0/../../../../aarch64-none-elf/lib/pic/libsysbase.a(iosupport.o)
                0x0000000000025b90                AddDevice
 .text._close_r
                0x0000000000025c68       0xb8 /opt/devkitpro/devkitA64/lib/gcc/aarch64-none-elf/7.3.0/../../../../aarch64-none-elf/lib/pic/libsysbase.a(close.o)
                0x0000000000025c68                _close_r
 .text._fstat_r
                0x0000000000025d20       0x80 /opt/devkitpro/devkitA64/lib/gcc/aarch64-none-elf/7.3.0/../../../../aarch64-none-elf/lib/pic/libsysbase.a(fstat.o)
                0x0000000000025d20                _fstat_r
 .text._isatty_r
                0x0000000000025da0        0x8 /opt/devkitpro/devkitA64/lib/gcc/aarch64-none-elf/7.3.0/../../../../aarch64-none-elf/lib/pic/libsysbase.a(isatty.o)
                0x0000000000025da0                _isatty_r
 .text._lseek_r
                0x0000000000025da8       0x94 /opt/devkitpro/devkitA64/lib/gcc/aarch64-none-elf/7.3.0/../../../../aarch64-none-elf/lib/pic/libsysbase.a(lseek.o)
                0x0000000000025da8                _lseek_r
 *fill*         0x0000000000025e3c        0x4 
 .text._read_r  0x0000000000025e40       0x98 /opt/devkitpro/devkitA64/lib/gcc/aarch64-none-elf/7.3.0/../../../../aarch64-none-elf/lib/pic/libsysbase.a(read.o)
                0x0000000000025e40                _read_r
 .text._sbrk_r  0x0000000000025ed8       0x7c /opt/devkitpro/devkitA64/lib/gcc/aarch64-none-elf/7.3.0/../../../../aarch64-none-elf/lib/pic/libsysbase.a(sbrk.o)
                0x0000000000025ed8                _sbrk_r
 *fill*         0x0000000000025f54        0x4 
 .text._write_r
                0x0000000000025f58       0x98 /opt/devkitpro/devkitA64/lib/gcc/aarch64-none-elf/7.3.0/../../../../aarch64-none-elf/lib/pic/libsysbase.a(write.o)
                0x0000000000025f58                _write_r
 .text._concatenate_path
                0x0000000000025ff0      0x24c /opt/devkitpro/devkitA64/lib/gcc/aarch64-none-elf/7.3.0/../../../../aarch64-none-elf/lib/pic/libsysbase.a(chdir.o)
                0x0000000000025ff0                _concatenate_path
 *fill*         0x000000000002623c        0x4 
 .text.chdir    0x0000000000026240      0x198 /opt/devkitpro/devkitA64/lib/gcc/aarch64-none-elf/7.3.0/../../../../aarch64-none-elf/lib/pic/libsysbase.a(chdir.o)
                0x0000000000026240                chdir
 .text.__libc_lock_acquire
                0x00000000000263d8       0x1c /opt/devkitpro/devkitA64/lib/gcc/aarch64-none-elf/7.3.0/../../../../aarch64-none-elf/lib/pic/libsysbase.a(syscall_support.o)
                0x00000000000263d8                __libc_lock_acquire
 *fill*         0x00000000000263f4        0x4 
 .text.__libc_lock_release
                0x00000000000263f8       0x1c /opt/devkitpro/devkitA64/lib/gcc/aarch64-none-elf/7.3.0/../../../../aarch64-none-elf/lib/pic/libsysbase.a(syscall_support.o)
                0x00000000000263f8                __libc_lock_release
 *fill*         0x0000000000026414        0x4 
 .text.__libc_lock_init_recursive
                0x0000000000026418       0x1c /opt/devkitpro/devkitA64/lib/gcc/aarch64-none-elf/7.3.0/../../../../aarch64-none-elf/lib/pic/libsysbase.a(syscall_support.o)
                0x0000000000026418                __libc_lock_init_recursive
 *fill*         0x0000000000026434        0x4 
 .text.__libc_lock_acquire_recursive
                0x0000000000026438       0x1c /opt/devkitpro/devkitA64/lib/gcc/aarch64-none-elf/7.3.0/../../../../aarch64-none-elf/lib/pic/libsysbase.a(syscall_support.o)
                0x0000000000026438                __libc_lock_acquire_recursive
 *fill*         0x0000000000026454        0x4 
 .text.__libc_lock_release_recursive
                0x0000000000026458       0x1c /opt/devkitpro/devkitA64/lib/gcc/aarch64-none-elf/7.3.0/../../../../aarch64-none-elf/lib/pic/libsysbase.a(syscall_support.o)
                0x0000000000026458                __libc_lock_release_recursive
 *fill*         0x0000000000026474        0x4 
 .text.__libc_lock_close_recursive
                0x0000000000026478       0x1c /opt/devkitpro/devkitA64/lib/gcc/aarch64-none-elf/7.3.0/../../../../aarch64-none-elf/lib/pic/libsysbase.a(syscall_support.o)
                0x0000000000026478                __libc_lock_close_recursive
 *fill*         0x0000000000026494        0x4 
 .text.__free_handle
                0x0000000000026498       0x3c /opt/devkitpro/devkitA64/lib/gcc/aarch64-none-elf/7.3.0/../../../../aarch64-none-elf/lib/pic/libsysbase.a(handle_manager.o)
                0x0000000000026498                __free_handle
 *fill*         0x00000000000264d4        0x4 
 .text.__release_handle
                0x00000000000264d8       0x5c /opt/devkitpro/devkitA64/lib/gcc/aarch64-none-elf/7.3.0/../../../../aarch64-none-elf/lib/pic/libsysbase.a(handle_manager.o)
                0x00000000000264d8                __release_handle
 *fill*         0x0000000000026534        0x4 
 .text.__get_handle
                0x0000000000026538       0x20 /opt/devkitpro/devkitA64/lib/gcc/aarch64-none-elf/7.3.0/../../../../aarch64-none-elf/lib/pic/libsysbase.a(handle_manager.o)
                0x0000000000026538                __get_handle
 .text.__getreent
                0x0000000000026558       0x28 /opt/devkitpro/devkitA64/lib/gcc/aarch64-none-elf/7.3.0/../../../../aarch64-none-elf/lib/pic/libsysbase.a(getreent.o)
                0x0000000000026558                __getreent
 .text.__extenddftf2
                0x0000000000026580      0x120 /opt/devkitpro/devkitA64/lib/gcc/aarch64-none-elf/7.3.0/pic/libgcc.a(extenddftf2.o)
                0x0000000000026580                __extenddftf2
 .text.__trunctfdf2
                0x00000000000266a0      0x35c /opt/devkitpro/devkitA64/lib/gcc/aarch64-none-elf/7.3.0/pic/libgcc.a(trunctfdf2.o)
                0x00000000000266a0                __trunctfdf2
 *fill*         0x00000000000269fc        0x4 
 .text.__sfp_handle_exceptions
                0x0000000000026a00       0x70 /opt/devkitpro/devkitA64/lib/gcc/aarch64-none-elf/7.3.0/pic/libgcc.a(sfp-exceptions.o)
                0x0000000000026a00                __sfp_handle_exceptions